[Tue Mar 15 10:36:40.648213 2022] [authz_core:debug] [pid 12018] mod_authz_core.c(835): [client 192.168.121.84:50214] AH01628: authorization result: granted (no directives), referer: https://videom.hpdd.ru/service/welcome
[Tue Mar 15 10:36:40.650683 2022] [ssl:debug] [pid 12023] ssl_engine_kernel.c(1824): [client 192.168.121.84:50215] AH02041: Protocol: TLSv1.2, Cipher: ECDHE-RSA-AES128-GCM-SHA256 (128/128 bits)
[Tue Mar 15 10:36:40.708407 2022] [ssl:debug] [pid 12018] ssl_engine_kernel.c(225): [client 192.168.121.84:50214] AH02034: Subsequent (No.2) HTTPS request received for child 16 (server videom.hpdd.ru:443), referer: https://videom.hpdd.ru/service/welcome
[Tue Mar 15 10:36:40.708748 2022] [authz_core:debug] [pid 12018] mod_authz_core.c(835): [client 192.168.121.84:50214] AH01628: authorization result: granted (no directives), referer: https://videom.hpdd.ru/service/welcome
[Tue Mar 15 10:36:40.708807 2022] [authz_core:debug] [pid 12018] mod_authz_core.c(835): [client 192.168.121.84:50214] AH01628: authorization result: granted (no directives), referer: https://videom.hpdd.ru/service/welcome
[Tue Mar 15 10:36:41.023879 2022] [ssl:debug] [pid 12018] ssl_engine_kernel.c(225): [client 192.168.121.84:50214] AH02034: Subsequent (No.3) HTTPS request received for child 16 (server videom.hpdd.ru:443), referer: https://videom.hpdd.ru/service/admin/users
[Tue Mar 15 10:36:41.024218 2022] [authz_core:debug] [pid 12018] mod_authz_core.c(835): [client 192.168.121.84:50214] AH01628: authorization result: granted (no directives), referer: https://videom.hpdd.ru/service/admin/users
[Tue Mar 15 10:36:41.024272 2022] [authz_core:debug] [pid 12018] mod_authz_core.c(835): [client 192.168.121.84:50214] AH01628: authorization result: granted (no directives), referer: https://videom.hpdd.ru/service/admin/users
[Tue Mar 15 10:36:41.054786 2022] [ssl:info] [pid 12019] [client 192.168.121.84:50216] AH01964: Connection to child 17 established (server videom.hpdd.ru:443)
[Tue Mar 15 10:36:41.054938 2022] [ssl:debug] [pid 12019] ssl_engine_kernel.c(1891): [client 192.168.121.84:50216] AH02043: SSL virtual host for servername videom.hpdd.ru found
[Tue Mar 15 10:36:41.067761 2022] [ssl:debug] [pid 12019] ssl_engine_kernel.c(1824): [client 192.168.121.84:50216] AH02041: Protocol: TLSv1.2, Cipher: ECDHE-RSA-AES128-GCM-SHA256 (128/128 bits)
[Tue Mar 15 10:36:41.068008 2022] [ssl:debug] [pid 12019] ssl_engine_kernel.c(225): [client 192.168.121.84:50216] AH02034: Initial (No.1) HTTPS request received for child 17 (server videom.hpdd.ru:443)
[Tue Mar 15 10:36:41.068113 2022] [authz_core:debug] [pid 12019] mod_authz_core.c(835): [client 192.168.121.84:50216] AH01628: authorization result: granted (no directives)
[Tue Mar 15 10:36:41.068156 2022] [core:info] [pid 12019] [client 192.168.121.84:50216] AH00128: File does not exist: /usr/share/videomost/ws-bind/
[Tue Mar 15 10:36:41.077070 2022] [ssl:info] [pid 12019] (70014)End of file found: [client 192.168.121.84:50216] AH01991: SSL input filter read failed.
[Tue Mar 15 10:36:41.077108 2022] [ssl:debug] [pid 12019] ssl_engine_io.c(993): [client 192.168.121.84:50216] AH02001: Connection closed to child 17 with standard shutdown (server videom.hpdd.ru:443)
[Tue Mar 15 10:36:41.152363 2022] [ssl:debug] [pid 12018] ssl_engine_kernel.c(225): [client 192.168.121.84:50214] AH02034: Subsequent (No.4) HTTPS request received for child 16 (server videom.hpdd.ru:443), referer: https://videom.hpdd.ru/service/admin/users
[Tue Mar 15 10:36:41.152709 2022] [authz_core:debug] [pid 12018] mod_authz_core.c(835): [client 192.168.121.84:50214] AH01628: authorization result: granted (no directives), referer: https://videom.hpdd.ru/service/admin/users
[Tue Mar 15 10:36:41.152768 2022] [authz_core:debug] [pid 12018] mod_authz_core.c(835): [client 192.168.121.84:50214] AH01628: authorization result: granted (no directives), referer: https://videom.hpdd.ru/service/admin/users
[Tue Mar 15 10:36:41.205981 2022] [ssl:debug] [pid 12018] ssl_engine_kernel.c(225): [client 192.168.121.84:50214] AH02034: Subsequent (No.5) HTTPS request received for child 16 (server videom.hpdd.ru:443), referer: https://videom.hpdd.ru/service/admin/users
[Tue Mar 15 10:36:41.206272 2022] [authz_core:debug] [pid 12018] mod_authz_core.c(835): [client 192.168.121.84:50214] AH01628: authorization result: granted (no directives), referer: https://videom.hpdd.ru/service/admin/users
[Tue Mar 15 10:36:41.206323 2022] [authz_core:debug] [pid 12018] mod_authz_core.c(835): [client 192.168.121.84:50214] AH01628: authorization result: granted (no directives), referer: https://videom.hpdd.ru/service/admin/users
[Tue Mar 15 10:36:41.967559 2022] [ssl:debug] [pid 12018] ssl_engine_kernel.c(225): [client 192.168.121.84:50214] AH02034: Subsequent (No.6) HTTPS request received for child 16 (server videom.hpdd.ru:443), referer: https://videom.hpdd.ru/service/admin/users
[Tue Mar 15 10:36:41.967893 2022] [authz_core:debug] [pid 12018] mod_authz_core.c(835): [client 192.168.121.84:50214] AH01628: authorization result: granted (no directives), referer: https://videom.hpdd.ru/service/admin/users
[Tue Mar 15 10:36:41.967953 2022] [authz_core:debug] [pid 12018] mod_authz_core.c(835): [client 192.168.121.84:50214] AH01628: authorization result: granted (no directives), referer: https://videom.hpdd.ru/service/admin/users
[Tue Mar 15 10:36:42.153026 2022] [ssl:debug] [pid 12018] ssl_engine_kernel.c(225): [client 192.168.121.84:50214] AH02034: Subsequent (No.7) HTTPS request received for child 16 (server videom.hpdd.ru:443), referer: https://videom.hpdd.ru/service/admin/sets
[Tue Mar 15 10:36:42.153361 2022] [authz_core:debug] [pid 12018] mod_authz_core.c(835): [client 192.168.121.84:50214] AH01628: authorization result: granted (no directives), referer: https://videom.hpdd.ru/service/admin/sets
[Tue Mar 15 10:36:42.153416 2022] [authz_core:debug] [pid 12018] mod_authz_core.c(835): [client 192.168.121.84:50214] AH01628: authorization result: granted (no directives), referer: https://videom.hpdd.ru/service/admin/sets
[Tue Mar 15 10:36:42.186718 2022] [ssl:info] [pid 12020] [client 192.168.121.84:50221] AH01964: Connection to child 18 established (server videom.hpdd.ru:443)
[Tue Mar 15 10:36:42.186862 2022] [ssl:debug] [pid 12020] ssl_engine_kernel.c(1891): [client 192.168.121.84:50221] AH02043: SSL virtual host for servername videom.hpdd.ru found
[Tue Mar 15 10:36:42.191046 2022] [ssl:debug] [pid 12020] ssl_engine_kernel.c(1824): [client 192.168.121.84:50221] AH02041: Protocol: TLSv1.2, Cipher: ECDHE-RSA-AES128-GCM-SHA256 (128/128 bits)
[Tue Mar 15 10:36:42.191278 2022] [ssl:debug] [pid 12020] ssl_engine_kernel.c(225): [client 192.168.121.84:50221] AH02034: Initial (No.1) HTTPS request received for child 18 (server videom.hpdd.ru:443)
[Tue Mar 15 10:36:42.191378 2022] [authz_core:debug] [pid 12020] mod_authz_core.c(835): [client 192.168.121.84:50221] AH01628: authorization result: granted (no directives)
[Tue Mar 15 10:36:42.191421 2022] [core:info] [pid 12020] [client 192.168.121.84:50221] AH00128: File does not exist: /usr/share/videomost/ws-bind/
[Tue Mar 15 10:36:42.194720 2022] [ssl:info] [pid 12020] (70014)End of file found: [client 192.168.121.84:50221] AH01991: SSL input filter read failed.
[Tue Mar 15 10:36:42.194754 2022] [ssl:debug] [pid 12020] ssl_engine_io.c(993): [client 192.168.121.84:50221] AH02001: Connection closed to child 18 with standard shutdown (server videom.hpdd.ru:443)
[Tue Mar 15 10:36:47.203724 2022] [ssl:info] [pid 12018] (70007)The timeout specified has expired: [client 192.168.121.84:50214] AH01991: SSL input filter read failed.
[Tue Mar 15 10:36:47.203820 2022] [ssl:debug] [pid 12018] ssl_engine_io.c(993): [client 192.168.121.84:50214] AH02001: Connection closed to child 16 with standard shutdown (server videom.hpdd.ru:443)
[Tue Mar 15 10:37:01.949445 2022] [reqtimeout:info] [pid 12023] [client 192.168.121.84:50215] AH01382: Request header read timeout
[Tue Mar 15 10:37:01.949498 2022] [ssl:info] [pid 12023] (70007)The timeout specified has expired: [client 192.168.121.84:50215] AH01991: SSL input filter read failed.
[Tue Mar 15 10:37:01.949572 2022] [ssl:debug] [pid 12023] ssl_engine_io.c(993): [client 192.168.121.84:50215] AH02001: Connection closed to child 21 with standard shutdown (server videom.hpdd.ru:443)
[Tue Mar 15 10:37:48.012141 2022] [ssl:info] [pid 12021] [client 192.168.121.84:50246] AH01964: Connection to child 19 established (server videom.hpdd.ru:443)
[Tue Mar 15 10:37:48.012304 2022] [ssl:debug] [pid 12021] ssl_engine_kernel.c(1891): [client 192.168.121.84:50246] AH02043: SSL virtual host for servername videom.hpdd.ru found
[Tue Mar 15 10:37:48.015620 2022] [ssl:debug] [pid 12021] ssl_engine_kernel.c(1824): [client 192.168.121.84:50246] AH02041: Protocol: TLSv1.2, Cipher: ECDHE-RSA-AES128-GCM-SHA256 (128/128 bits)
[Tue Mar 15 10:37:48.015832 2022] [ssl:debug] [pid 12021] ssl_engine_kernel.c(225): [client 192.168.121.84:50246] AH02034: Initial (No.1) HTTPS request received for child 19 (server videom.hpdd.ru:443), referer: https://videom.hpdd.ru/service/admin/sets
[Tue Mar 15 10:37:48.016155 2022] [authz_core:debug] [pid 12021] mod_authz_core.c(835): [client 192.168.121.84:50246] AH01628: authorization result: granted (no directives), referer: https://videom.hpdd.ru/service/admin/sets
[Tue Mar 15 10:37:48.016208 2022] [authz_core:debug] [pid 12021] mod_authz_core.c(835): [client 192.168.121.84:50246] AH01628: authorization result: granted (no directives), referer: https://videom.hpdd.ru/service/admin/sets
[Tue Mar 15 10:37:53.063032 2022] [ssl:info] [pid 12021] (70007)The timeout specified has expired: [client 192.168.121.84:50246] AH01991: SSL input filter read failed.
[Tue Mar 15 10:37:53.063128 2022] [ssl:debug] [pid 12021] ssl_engine_io.c(993): [client 192.168.121.84:50246] AH02001: Connection closed to child 19 with standard shutdown (server videom.hpdd.ru:443)
[Tue Mar 15 10:38:19.192918 2022] [ssl:info] [pid 12025] [client 192.168.121.84:50262] AH01964: Connection to child 23 established (server videom.hpdd.ru:443)
[Tue Mar 15 10:38:19.193088 2022] [ssl:debug] [pid 12025] ssl_engine_kernel.c(1891): [client 192.168.121.84:50262] AH02043: SSL virtual host for servername videom.hpdd.ru found
[Tue Mar 15 10:38:19.196970 2022] [ssl:debug] [pid 12025] ssl_engine_kernel.c(1824): [client 192.168.121.84:50262] AH02041: Protocol: TLSv1.2, Cipher: ECDHE-RSA-AES128-GCM-SHA256 (128/128 bits)
[Tue Mar 15 10:38:19.197290 2022] [ssl:debug] [pid 12025] ssl_engine_kernel.c(225): [client 192.168.121.84:50262] AH02034: Initial (No.1) HTTPS request received for child 23 (server videom.hpdd.ru:443), referer: https://videom.hpdd.ru/service/admin/sets
[Tue Mar 15 10:38:19.197579 2022] [authz_core:debug] [pid 12025] mod_authz_core.c(835): [client 192.168.121.84:50262] AH01628: authorization result: granted (no directives), referer: https://videom.hpdd.ru/service/admin/sets
[Tue Mar 15 10:38:19.197631 2022] [authz_core:debug] [pid 12025] mod_authz_core.c(835): [client 192.168.121.84:50262] AH01628: authorization result: granted (no directives), referer: https://videom.hpdd.ru/service/admin/sets
[Tue Mar 15 10:38:24.252968 2022] [ssl:info] [pid 12025] (70007)The timeout specified has expired: [client 192.168.121.84:50262] AH01991: SSL input filter read failed.
[Tue Mar 15 10:38:24.253065 2022] [ssl:debug] [pid 12025] ssl_engine_io.c(993): [client 192.168.121.84:50262] AH02001: Connection closed to child 23 with standard shutdown (server videom.hpdd.ru:443)
[Tue Mar 15 10:38:25.329155 2022] [ssl:info] [pid 12027] [client 192.168.121.84:50263] AH01964: Connection to child 25 established (server videom.hpdd.ru:443)
[Tue Mar 15 10:38:25.329320 2022] [ssl:debug] [pid 12027] ssl_engine_kernel.c(1891): [client 192.168.121.84:50263] AH02043: SSL virtual host for servername videom.hpdd.ru found
[Tue Mar 15 10:38:25.332496 2022] [ssl:debug] [pid 12027] ssl_engine_kernel.c(1824): [client 192.168.121.84:50263] AH02041: Protocol: TLSv1.2, Cipher: ECDHE-RSA-AES128-GCM-SHA256 (128/128 bits)
[Tue Mar 15 10:38:25.332745 2022] [ssl:debug] [pid 12027] ssl_engine_kernel.c(225): [client 192.168.121.84:50263] AH02034: Initial (No.1) HTTPS request received for child 25 (server videom.hpdd.ru:443), referer: https://videom.hpdd.ru/service/admin/sets
[Tue Mar 15 10:38:25.333065 2022] [authz_core:debug] [pid 12027] mod_authz_core.c(835): [client 192.168.121.84:50263] AH01628: authorization result: granted (no directives), referer: https://videom.hpdd.ru/service/admin/sets
[Tue Mar 15 10:38:25.333118 2022] [authz_core:debug] [pid 12027] mod_authz_core.c(835): [client 192.168.121.84:50263] AH01628: authorization result: granted (no directives), referer: https://videom.hpdd.ru/service/admin/sets
[Tue Mar 15 10:38:27.694491 2022] [ssl:debug] [pid 12027] ssl_engine_kernel.c(225): [client 192.168.121.84:50263] AH02034: Subsequent (No.2) HTTPS request received for child 25 (server videom.hpdd.ru:443), referer: https://videom.hpdd.ru/service/admin/sets
[Tue Mar 15 10:38:27.694922 2022] [authz_core:debug] [pid 12027] mod_authz_core.c(835): [client 192.168.121.84:50263] AH01628: authorization result: granted (no directives), referer: https://videom.hpdd.ru/service/admin/sets
[Tue Mar 15 10:38:27.694982 2022] [authz_core:debug] [pid 12027] mod_authz_core.c(835): [client 192.168.121.84:50263] AH01628: authorization result: granted (no directives), referer: https://videom.hpdd.ru/service/admin/sets
[Tue Mar 15 10:38:32.745741 2022] [ssl:info] [pid 12027] (70007)The timeout specified has expired: [client 192.168.121.84:50263] AH01991: SSL input filter read failed.
[Tue Mar 15 10:38:32.745840 2022] [ssl:debug] [pid 12027] ssl_engine_io.c(993): [client 192.168.121.84:50263] AH02001: Connection closed to child 25 with standard shutdown (server videom.hpdd.ru:443)
[Tue Mar 15 10:38:51.616060 2022] [ssl:info] [pid 12024] [client 192.168.121.84:50282] AH01964: Connection to child 22 established (server videom.hpdd.ru:443)
[Tue Mar 15 10:38:51.616219 2022] [ssl:debug] [pid 12024] ssl_engine_kernel.c(1891): [client 192.168.121.84:50282] AH02043: SSL virtual host for servername videom.hpdd.ru found
[Tue Mar 15 10:38:51.616499 2022] [ssl:info] [pid 12028] [client 192.168.121.84:50283] AH01964: Connection to child 26 established (server videom.hpdd.ru:443)
[Tue Mar 15 10:38:51.616601 2022] [ssl:debug] [pid 12028] ssl_engine_kernel.c(1891): [client 192.168.121.84:50283] AH02043: SSL virtual host for servername videom.hpdd.ru found
[Tue Mar 15 10:38:51.619721 2022] [ssl:debug] [pid 12024] ssl_engine_kernel.c(1824): [client 192.168.121.84:50282] AH02041: Protocol: TLSv1.2, Cipher: ECDHE-RSA-AES128-GCM-SHA256 (128/128 bits)
[Tue Mar 15 10:38:51.619887 2022] [ssl:debug] [pid 12028] ssl_engine_kernel.c(1824): [client 192.168.121.84:50283] AH02041: Protocol: TLSv1.2, Cipher: ECDHE-RSA-AES128-GCM-SHA256 (128/128 bits)
[Tue Mar 15 10:38:51.620497 2022] [ssl:debug] [pid 12024] ssl_engine_kernel.c(225): [client 192.168.121.84:50282] AH02034: Initial (No.1) HTTPS request received for child 22 (server videom.hpdd.ru:443), referer: https://videom.hpdd.ru/service/admin/sets
[Tue Mar 15 10:38:51.620837 2022] [authz_core:debug] [pid 12024] mod_authz_core.c(835): [client 192.168.121.84:50282] AH01628: authorization result: granted (no directives), referer: https://videom.hpdd.ru/service/admin/sets
[Tue Mar 15 10:38:51.620895 2022] [authz_core:debug] [pid 12024] mod_authz_core.c(835): [client 192.168.121.84:50282] AH01628: authorization result: granted (no directives), referer: https://videom.hpdd.ru/service/admin/sets
[Tue Mar 15 10:38:51.688621 2022] [ssl:debug] [pid 12024] ssl_engine_kernel.c(225): [client 192.168.121.84:50282] AH02034: Subsequent (No.2) HTTPS request received for child 22 (server videom.hpdd.ru:443), referer: https://videom.hpdd.ru/service/admin/sets
[Tue Mar 15 10:38:51.688963 2022] [authz_core:debug] [pid 12024] mod_authz_core.c(835): [client 192.168.121.84:50282] AH01628: authorization result: granted (no directives), referer: https://videom.hpdd.ru/service/admin/sets
[Tue Mar 15 10:38:51.689022 2022] [authz_core:debug] [pid 12024] mod_authz_core.c(835): [client 192.168.121.84:50282] AH01628: authorization result: granted (no directives), referer: https://videom.hpdd.ru/service/admin/sets
[Tue Mar 15 10:38:51.727514 2022] [ssl:debug] [pid 12024] ssl_engine_kernel.c(225): [client 192.168.121.84:50282] AH02034: Subsequent (No.3) HTTPS request received for child 22 (server videom.hpdd.ru:443), referer: https://videom.hpdd.ru/service/admin/sets
[Tue Mar 15 10:38:51.727816 2022] [authz_core:debug] [pid 12024] mod_authz_core.c(835): [client 192.168.121.84:50282] AH01628: authorization result: granted (no directives), referer: https://videom.hpdd.ru/service/admin/sets
[Tue Mar 15 10:38:51.727877 2022] [authz_core:debug] [pid 12024] mod_authz_core.c(835): [client 192.168.121.84:50282] AH01628: authorization result: granted (no directives), referer: https://videom.hpdd.ru/service/admin/sets
[Tue Mar 15 10:38:51.811530 2022] [ssl:debug] [pid 12024] ssl_engine_kernel.c(225): [client 192.168.121.84:50282] AH02034: Subsequent (No.4) HTTPS request received for child 22 (server videom.hpdd.ru:443), referer: https://videom.hpdd.ru/service/admin/sets
[Tue Mar 15 10:38:51.811848 2022] [authz_core:debug] [pid 12024] mod_authz_core.c(835): [client 192.168.121.84:50282] AH01628: authorization result: granted (no directives), referer: https://videom.hpdd.ru/service/admin/sets
[Tue Mar 15 10:38:51.811902 2022] [authz_core:debug] [pid 12024] mod_authz_core.c(835): [client 192.168.121.84:50282] AH01628: authorization result: granted (no directives), referer: https://videom.hpdd.ru/service/admin/sets
[Tue Mar 15 10:38:52.186844 2022] [ssl:debug] [pid 12024] ssl_engine_kernel.c(225): [client 192.168.121.84:50282] AH02034: Subsequent (No.5) HTTPS request received for child 22 (server videom.hpdd.ru:443), referer: https://videom.hpdd.ru/service/welcome
[Tue Mar 15 10:38:52.187211 2022] [authz_core:debug] [pid 12024] mod_authz_core.c(835): [client 192.168.121.84:50282] AH01628: authorization result: granted (no directives), referer: https://videom.hpdd.ru/service/welcome
[Tue Mar 15 10:38:52.187267 2022] [authz_core:debug] [pid 12024] mod_authz_core.c(835): [client 192.168.121.84:50282] AH01628: authorization result: granted (no directives), referer: https://videom.hpdd.ru/service/welcome
[Tue Mar 15 10:38:57.222115 2022] [ssl:info] [pid 12024] (70007)The timeout specified has expired: [client 192.168.121.84:50282] AH01991: SSL input filter read failed.
[Tue Mar 15 10:38:57.222223 2022] [ssl:debug] [pid 12024] ssl_engine_io.c(993): [client 192.168.121.84:50282] AH02001: Connection closed to child 22 with standard shutdown (server videom.hpdd.ru:443)
[Tue Mar 15 10:39:03.037367 2022] [ssl:debug] [pid 12028] ssl_engine_kernel.c(225): [client 192.168.121.84:50283] AH02034: Initial (No.1) HTTPS request received for child 26 (server videom.hpdd.ru:443), referer: https://videom.hpdd.ru/service/welcome
[Tue Mar 15 10:39:03.037738 2022] [authz_core:debug] [pid 12028] mod_authz_core.c(835): [client 192.168.121.84:50283] AH01628: authorization result: granted (no directives), referer: https://videom.hpdd.ru/service/welcome
[Tue Mar 15 10:39:03.037797 2022] [authz_core:debug] [pid 12028] mod_authz_core.c(835): [client 192.168.121.84:50283] AH01628: authorization result: granted (no directives), referer: https://videom.hpdd.ru/service/welcome
[Tue Mar 15 10:39:08.096447 2022] [ssl:info] [pid 12028] (70007)The timeout specified has expired: [client 192.168.121.84:50283] AH01991: SSL input filter read failed.
[Tue Mar 15 10:39:08.096543 2022] [ssl:debug] [pid 12028] ssl_engine_io.c(993): [client 192.168.121.84:50283] AH02001: Connection closed to child 26 with standard shutdown (server videom.hpdd.ru:443)
[Tue Mar 15 10:39:56.973822 2022] [ssl:info] [pid 12022] [client 192.168.121.84:50300] AH01964: Connection to child 20 established (server videom.hpdd.ru:443)
[Tue Mar 15 10:39:56.973996 2022] [ssl:debug] [pid 12022] ssl_engine_kernel.c(1891): [client 192.168.121.84:50300] AH02043: SSL virtual host for servername videom.hpdd.ru found
[Tue Mar 15 10:39:56.977750 2022] [ssl:debug] [pid 12022] ssl_engine_kernel.c(1824): [client 192.168.121.84:50300] AH02041: Protocol: TLSv1.2, Cipher: ECDHE-RSA-AES128-GCM-SHA256 (128/128 bits)
[Tue Mar 15 10:39:56.977804 2022] [ssl:debug] [pid 12022] ssl_engine_kernel.c(225): [client 192.168.121.84:50300] AH02034: Initial (No.1) HTTPS request received for child 20 (server videom.hpdd.ru:443), referer: https://videom.hpdd.ru/service/welcome
[Tue Mar 15 10:39:56.978087 2022] [authz_core:debug] [pid 12022] mod_authz_core.c(835): [client 192.168.121.84:50300] AH01628: authorization result: granted (no directives), referer: https://videom.hpdd.ru/service/welcome
[Tue Mar 15 10:39:56.978139 2022] [authz_core:debug] [pid 12022] mod_authz_core.c(835): [client 192.168.121.84:50300] AH01628: authorization result: granted (no directives), referer: https://videom.hpdd.ru/service/welcome
[Tue Mar 15 10:39:57.040255 2022] [ssl:debug] [pid 12022] ssl_engine_kernel.c(225): [client 192.168.121.84:50300] AH02034: Subsequent (No.2) HTTPS request received for child 20 (server videom.hpdd.ru:443), referer: https://videom.hpdd.ru/service/welcome
[Tue Mar 15 10:39:57.040537 2022] [authz_core:debug] [pid 12022] mod_authz_core.c(835): [client 192.168.121.84:50300] AH01628: authorization result: granted (no directives), referer: https://videom.hpdd.ru/service/welcome
[Tue Mar 15 10:39:57.040588 2022] [authz_core:debug] [pid 12022] mod_authz_core.c(835): [client 192.168.121.84:50300] AH01628: authorization result: granted (no directives), referer: https://videom.hpdd.ru/service/welcome
[Tue Mar 15 10:39:57.050540 2022] [ssl:info] [pid 12029] [client 192.168.121.84:50301] AH01964: Connection to child 27 established (server videom.hpdd.ru:443)
[Tue Mar 15 10:39:57.050717 2022] [ssl:debug] [pid 12029] ssl_engine_kernel.c(1891): [client 192.168.121.84:50301] AH02043: SSL virtual host for servername videom.hpdd.ru found
[Tue Mar 15 10:39:57.054696 2022] [ssl:debug] [pid 12029] ssl_engine_kernel.c(1824): [client 192.168.121.84:50301] AH02041: Protocol: TLSv1.2, Cipher: ECDHE-RSA-AES128-GCM-SHA256 (128/128 bits)
[Tue Mar 15 10:39:57.116036 2022] [ssl:debug] [pid 12022] ssl_engine_kernel.c(225): [client 192.168.121.84:50300] AH02034: Subsequent (No.3) HTTPS request received for child 20 (server videom.hpdd.ru:443), referer: https://videom.hpdd.ru/service/welcome
[Tue Mar 15 10:39:57.116335 2022] [authz_core:debug] [pid 12022] mod_authz_core.c(835): [client 192.168.121.84:50300] AH01628: authorization result: granted (no directives), referer: https://videom.hpdd.ru/service/welcome
[Tue Mar 15 10:39:57.116449 2022] [ssl:debug] [pid 12029] ssl_engine_kernel.c(225): [client 192.168.121.84:50301] AH02034: Initial (No.1) HTTPS request received for child 27 (server videom.hpdd.ru:443), referer: https://videom.hpdd.ru/service/welcome
[Tue Mar 15 10:39:57.116720 2022] [authz_core:debug] [pid 12029] mod_authz_core.c(835): [client 192.168.121.84:50301] AH01628: authorization result: granted (no directives), referer: https://videom.hpdd.ru/service/welcome
[Tue Mar 15 10:39:57.122575 2022] [ssl:debug] [pid 12029] ssl_engine_kernel.c(225): [client 192.168.121.84:50301] AH02034: Subsequent (No.2) HTTPS request received for child 27 (server videom.hpdd.ru:443), referer: https://videom.hpdd.ru/service/welcome
[Tue Mar 15 10:39:57.122819 2022] [authz_core:debug] [pid 12029] mod_authz_core.c(835): [client 192.168.121.84:50301] AH01628: authorization result: granted (no directives), referer: https://videom.hpdd.ru/service/welcome
[Tue Mar 15 10:39:57.128565 2022] [ssl:info] [pid 12026] [client 192.168.121.84:50302] AH01964: Connection to child 24 established (server videom.hpdd.ru:443)
[Tue Mar 15 10:39:57.128712 2022] [ssl:debug] [pid 12026] ssl_engine_kernel.c(1891): [client 192.168.121.84:50302] AH02043: SSL virtual host for servername videom.hpdd.ru found
[Tue Mar 15 10:39:57.132230 2022] [ssl:debug] [pid 12026] ssl_engine_kernel.c(1824): [client 192.168.121.84:50302] AH02041: Protocol: TLSv1.2, Cipher: ECDHE-RSA-AES128-GCM-SHA256 (128/128 bits)
[Tue Mar 15 10:39:57.211198 2022] [ssl:debug] [pid 12029] ssl_engine_kernel.c(225): [client 192.168.121.84:50301] AH02034: Subsequent (No.3) HTTPS request received for child 27 (server videom.hpdd.ru:443), referer: https://videom.hpdd.ru/service/welcome
[Tue Mar 15 10:39:57.211489 2022] [authz_core:debug] [pid 12029] mod_authz_core.c(835): [client 192.168.121.84:50301] AH01628: authorization result: granted (no directives), referer: https://videom.hpdd.ru/service/welcome
[Tue Mar 15 10:39:57.211541 2022] [authz_core:debug] [pid 12029] mod_authz_core.c(835): [client 192.168.121.84:50301] AH01628: authorization result: granted (no directives), referer: https://videom.hpdd.ru/service/welcome
[Tue Mar 15 10:39:57.211586 2022] [ssl:debug] [pid 12022] ssl_engine_kernel.c(225): [client 192.168.121.84:50300] AH02034: Subsequent (No.4) HTTPS request received for child 20 (server videom.hpdd.ru:443), referer: https://videom.hpdd.ru/service/welcome
[Tue Mar 15 10:39:57.211862 2022] [authz_core:debug] [pid 12022] mod_authz_core.c(835): [client 192.168.121.84:50300] AH01628: authorization result: granted (no directives), referer: https://videom.hpdd.ru/service/welcome
[Tue Mar 15 10:39:57.211904 2022] [authz_core:debug] [pid 12022] mod_authz_core.c(835): [client 192.168.121.84:50300] AH01628: authorization result: granted (no directives), referer: https://videom.hpdd.ru/service/welcome
[Tue Mar 15 10:39:57.233155 2022] [ssl:info] [pid 12031] [client 192.168.121.84:50303] AH01964: Connection to child 29 established (server videom.hpdd.ru:443)
[Tue Mar 15 10:39:57.233315 2022] [ssl:debug] [pid 12031] ssl_engine_kernel.c(1891): [client 192.168.121.84:50303] AH02043: SSL virtual host for servername videom.hpdd.ru found
[Tue Mar 15 10:39:57.238975 2022] [ssl:debug] [pid 12031] ssl_engine_kernel.c(1824): [client 192.168.121.84:50303] AH02041: Protocol: TLSv1.2, Cipher: ECDHE-RSA-AES128-GCM-SHA256 (128/128 bits)
[Tue Mar 15 10:39:57.239227 2022] [ssl:debug] [pid 12031] ssl_engine_kernel.c(225): [client 192.168.121.84:50303] AH02034: Initial (No.1) HTTPS request received for child 29 (server videom.hpdd.ru:443)
[Tue Mar 15 10:39:57.239329 2022] [authz_core:debug] [pid 12031] mod_authz_core.c(835): [client 192.168.121.84:50303] AH01628: authorization result: granted (no directives)
[Tue Mar 15 10:39:57.239369 2022] [core:info] [pid 12031] [client 192.168.121.84:50303] AH00128: File does not exist: /usr/share/videomost/ws-bind/
[Tue Mar 15 10:39:57.242711 2022] [ssl:info] [pid 12031] (70014)End of file found: [client 192.168.121.84:50303] AH01991: SSL input filter read failed.
[Tue Mar 15 10:39:57.242755 2022] [ssl:debug] [pid 12031] ssl_engine_io.c(993): [client 192.168.121.84:50303] AH02001: Connection closed to child 29 with standard shutdown (server videom.hpdd.ru:443)
[Tue Mar 15 10:40:02.265512 2022] [ssl:info] [pid 12022] (70007)The timeout specified has expired: [client 192.168.121.84:50300] AH01991: SSL input filter read failed.
[Tue Mar 15 10:40:02.265639 2022] [ssl:debug] [pid 12022] ssl_engine_io.c(993): [client 192.168.121.84:50300] AH02001: Connection closed to child 20 with standard shutdown (server videom.hpdd.ru:443)
[Tue Mar 15 10:40:02.269321 2022] [ssl:info] [pid 12029] (70007)The timeout specified has expired: [client 192.168.121.84:50301] AH01991: SSL input filter read failed.
[Tue Mar 15 10:40:02.269378 2022] [ssl:debug] [pid 12029] ssl_engine_io.c(993): [client 192.168.121.84:50301] AH02001: Connection closed to child 27 with standard shutdown (server videom.hpdd.ru:443)
[Tue Mar 15 10:40:05.385672 2022] [ssl:debug] [pid 12026] ssl_engine_kernel.c(225): [client 192.168.121.84:50302] AH02034: Initial (No.1) HTTPS request received for child 24 (server videom.hpdd.ru:443), referer: https://videom.hpdd.ru/service/welcome
[Tue Mar 15 10:40:05.386084 2022] [authz_core:debug] [pid 12026] mod_authz_core.c(835): [client 192.168.121.84:50302] AH01628: authorization result: granted (no directives), referer: https://videom.hpdd.ru/service/welcome
[Tue Mar 15 10:40:05.386154 2022] [authz_core:debug] [pid 12026] mod_authz_core.c(835): [client 192.168.121.84:50302] AH01628: authorization result: granted (no directives), referer: https://videom.hpdd.ru/service/welcome
[Tue Mar 15 10:40:05.397253 2022] [ssl:info] [pid 12032] [client 192.168.121.84:50312] AH01964: Connection to child 30 established (server videom.hpdd.ru:443)
[Tue Mar 15 10:40:05.397415 2022] [ssl:debug] [pid 12032] ssl_engine_kernel.c(1891): [client 192.168.121.84:50312] AH02043: SSL virtual host for servername videom.hpdd.ru found
[Tue Mar 15 10:40:05.400616 2022] [ssl:debug] [pid 12032] ssl_engine_kernel.c(1824): [client 192.168.121.84:50312] AH02041: Protocol: TLSv1.2, Cipher: ECDHE-RSA-AES128-GCM-SHA256 (128/128 bits)
[Tue Mar 15 10:40:05.442398 2022] [ssl:debug] [pid 12026] ssl_engine_kernel.c(225): [client 192.168.121.84:50302] AH02034: Subsequent (No.2) HTTPS request received for child 24 (server videom.hpdd.ru:443), referer: https://videom.hpdd.ru/service/welcome
[Tue Mar 15 10:40:05.442766 2022] [authz_core:debug] [pid 12026] mod_authz_core.c(835): [client 192.168.121.84:50302] AH01628: authorization result: granted (no directives), referer: https://videom.hpdd.ru/service/welcome
[Tue Mar 15 10:40:05.442825 2022] [authz_core:debug] [pid 12026] mod_authz_core.c(835): [client 192.168.121.84:50302] AH01628: authorization result: granted (no directives), referer: https://videom.hpdd.ru/service/welcome
[Tue Mar 15 10:40:05.649776 2022] [ssl:debug] [pid 12026] ssl_engine_kernel.c(225): [client 192.168.121.84:50302] AH02034: Subsequent (No.3) HTTPS request received for child 24 (server videom.hpdd.ru:443), referer: https://videom.hpdd.ru/service/admin/users
[Tue Mar 15 10:40:05.650198 2022] [authz_core:debug] [pid 12026] mod_authz_core.c(835): [client 192.168.121.84:50302] AH01628: authorization result: granted (no directives), referer: https://videom.hpdd.ru/service/admin/users
[Tue Mar 15 10:40:05.650937 2022] [ssl:debug] [pid 12032] ssl_engine_kernel.c(225): [client 192.168.121.84:50312] AH02034: Initial (No.1) HTTPS request received for child 30 (server videom.hpdd.ru:443), referer: https://videom.hpdd.ru/service/admin/users
[Tue Mar 15 10:40:05.651183 2022] [authz_core:debug] [pid 12032] mod_authz_core.c(835): [client 192.168.121.84:50312] AH01628: authorization result: granted (no directives), referer: https://videom.hpdd.ru/service/admin/users
[Tue Mar 15 10:40:05.653384 2022] [ssl:debug] [pid 12026] ssl_engine_kernel.c(225): [client 192.168.121.84:50302] AH02034: Subsequent (No.4) HTTPS request received for child 24 (server videom.hpdd.ru:443), referer: https://videom.hpdd.ru/service/admin/users
[Tue Mar 15 10:40:05.653679 2022] [authz_core:debug] [pid 12026] mod_authz_core.c(835): [client 192.168.121.84:50302] AH01628: authorization result: granted (no directives), referer: https://videom.hpdd.ru/service/admin/users
[Tue Mar 15 10:40:05.664021 2022] [ssl:info] [pid 12039] [client 192.168.121.84:50313] AH01964: Connection to child 37 established (server videom.hpdd.ru:443)
[Tue Mar 15 10:40:05.664156 2022] [ssl:debug] [pid 12039] ssl_engine_kernel.c(1891): [client 192.168.121.84:50313] AH02043: SSL virtual host for servername videom.hpdd.ru found
[Tue Mar 15 10:40:05.667448 2022] [ssl:debug] [pid 12039] ssl_engine_kernel.c(1824): [client 192.168.121.84:50313] AH02041: Protocol: TLSv1.2, Cipher: ECDHE-RSA-AES128-GCM-SHA256 (128/128 bits)
[Tue Mar 15 10:40:05.825197 2022] [ssl:debug] [pid 12026] ssl_engine_kernel.c(225): [client 192.168.121.84:50302] AH02034: Subsequent (No.5) HTTPS request received for child 24 (server videom.hpdd.ru:443), referer: https://videom.hpdd.ru/service/admin/users
[Tue Mar 15 10:40:05.825513 2022] [authz_core:debug] [pid 12026] mod_authz_core.c(835): [client 192.168.121.84:50302] AH01628: authorization result: granted (no directives), referer: https://videom.hpdd.ru/service/admin/users
[Tue Mar 15 10:40:05.825566 2022] [authz_core:debug] [pid 12026] mod_authz_core.c(835): [client 192.168.121.84:50302] AH01628: authorization result: granted (no directives), referer: https://videom.hpdd.ru/service/admin/users
[Tue Mar 15 10:40:05.842519 2022] [ssl:info] [pid 12030] [client 192.168.121.84:50314] AH01964: Connection to child 28 established (server videom.hpdd.ru:443)
[Tue Mar 15 10:40:05.842679 2022] [ssl:debug] [pid 12030] ssl_engine_kernel.c(1891): [client 192.168.121.84:50314] AH02043: SSL virtual host for servername videom.hpdd.ru found
[Tue Mar 15 10:40:05.846420 2022] [ssl:debug] [pid 12030] ssl_engine_kernel.c(1824): [client 192.168.121.84:50314] AH02041: Protocol: TLSv1.2, Cipher: ECDHE-RSA-AES128-GCM-SHA256 (128/128 bits)
[Tue Mar 15 10:40:05.846465 2022] [ssl:debug] [pid 12030] ssl_engine_kernel.c(225): [client 192.168.121.84:50314] AH02034: Initial (No.1) HTTPS request received for child 28 (server videom.hpdd.ru:443)
[Tue Mar 15 10:40:05.846554 2022] [authz_core:debug] [pid 12030] mod_authz_core.c(835): [client 192.168.121.84:50314] AH01628: authorization result: granted (no directives)
[Tue Mar 15 10:40:05.846593 2022] [core:info] [pid 12030] [client 192.168.121.84:50314] AH00128: File does not exist: /usr/share/videomost/ws-bind/
[Tue Mar 15 10:40:05.849406 2022] [ssl:info] [pid 12030] (70014)End of file found: [client 192.168.121.84:50314] AH01991: SSL input filter read failed.
[Tue Mar 15 10:40:05.849439 2022] [ssl:debug] [pid 12030] ssl_engine_io.c(993): [client 192.168.121.84:50314] AH02001: Connection closed to child 28 with standard shutdown (server videom.hpdd.ru:443)
[Tue Mar 15 10:40:05.890303 2022] [ssl:debug] [pid 12026] ssl_engine_kernel.c(225): [client 192.168.121.84:50302] AH02034: Subsequent (No.6) HTTPS request received for child 24 (server videom.hpdd.ru:443), referer: https://videom.hpdd.ru/service/admin/users
[Tue Mar 15 10:40:05.890594 2022] [authz_core:debug] [pid 12026] mod_authz_core.c(835): [client 192.168.121.84:50302] AH01628: authorization result: granted (no directives), referer: https://videom.hpdd.ru/service/admin/users
[Tue Mar 15 10:40:05.890645 2022] [authz_core:debug] [pid 12026] mod_authz_core.c(835): [client 192.168.121.84:50302] AH01628: authorization result: granted (no directives), referer: https://videom.hpdd.ru/service/admin/users
[Tue Mar 15 10:40:05.943459 2022] [ssl:debug] [pid 12026] ssl_engine_kernel.c(225): [client 192.168.121.84:50302] AH02034: Subsequent (No.7) HTTPS request received for child 24 (server videom.hpdd.ru:443), referer: https://videom.hpdd.ru/service/admin/users
[Tue Mar 15 10:40:05.943795 2022] [authz_core:debug] [pid 12026] mod_authz_core.c(835): [client 192.168.121.84:50302] AH01628: authorization result: granted (no directives), referer: https://videom.hpdd.ru/service/admin/users
[Tue Mar 15 10:40:05.943860 2022] [authz_core:debug] [pid 12026] mod_authz_core.c(835): [client 192.168.121.84:50302] AH01628: authorization result: granted (no directives), referer: https://videom.hpdd.ru/service/admin/users
[Tue Mar 15 10:40:07.016868 2022] [ssl:debug] [pid 12026] ssl_engine_kernel.c(225): [client 192.168.121.84:50302] AH02034: Subsequent (No.8) HTTPS request received for child 24 (server videom.hpdd.ru:443), referer: https://videom.hpdd.ru/service/admin/users
[Tue Mar 15 10:40:07.017189 2022] [authz_core:debug] [pid 12026] mod_authz_core.c(835): [client 192.168.121.84:50302] AH01628: authorization result: granted (no directives), referer: https://videom.hpdd.ru/service/admin/users
[Tue Mar 15 10:40:07.017243 2022] [authz_core:debug] [pid 12026] mod_authz_core.c(835): [client 192.168.121.84:50302] AH01628: authorization result: granted (no directives), referer: https://videom.hpdd.ru/service/admin/users
[Tue Mar 15 10:40:07.206005 2022] [ssl:debug] [pid 12026] ssl_engine_kernel.c(225): [client 192.168.121.84:50302] AH02034: Subsequent (No.9) HTTPS request received for child 24 (server videom.hpdd.ru:443), referer: https://videom.hpdd.ru/service/admin/sets
[Tue Mar 15 10:40:07.206334 2022] [authz_core:debug] [pid 12026] mod_authz_core.c(835): [client 192.168.121.84:50302] AH01628: authorization result: granted (no directives), referer: https://videom.hpdd.ru/service/admin/sets
[Tue Mar 15 10:40:07.206389 2022] [authz_core:debug] [pid 12026] mod_authz_core.c(835): [client 192.168.121.84:50302] AH01628: authorization result: granted (no directives), referer: https://videom.hpdd.ru/service/admin/sets
[Tue Mar 15 10:40:07.225613 2022] [ssl:info] [pid 12034] [client 192.168.121.84:50319] AH01964: Connection to child 32 established (server videom.hpdd.ru:443)
[Tue Mar 15 10:40:07.225774 2022] [ssl:debug] [pid 12034] ssl_engine_kernel.c(1891): [client 192.168.121.84:50319] AH02043: SSL virtual host for servername videom.hpdd.ru found
[Tue Mar 15 10:40:07.228958 2022] [ssl:debug] [pid 12034] ssl_engine_kernel.c(1824): [client 192.168.121.84:50319] AH02041: Protocol: TLSv1.2, Cipher: ECDHE-RSA-AES128-GCM-SHA256 (128/128 bits)
[Tue Mar 15 10:40:07.229525 2022] [ssl:debug] [pid 12034] ssl_engine_kernel.c(225): [client 192.168.121.84:50319] AH02034: Initial (No.1) HTTPS request received for child 32 (server videom.hpdd.ru:443)
[Tue Mar 15 10:40:07.229618 2022] [authz_core:debug] [pid 12034] mod_authz_core.c(835): [client 192.168.121.84:50319] AH01628: authorization result: granted (no directives)
[Tue Mar 15 10:40:07.229667 2022] [core:info] [pid 12034] [client 192.168.121.84:50319] AH00128: File does not exist: /usr/share/videomost/ws-bind/
[Tue Mar 15 10:40:07.232703 2022] [ssl:info] [pid 12034] (70014)End of file found: [client 192.168.121.84:50319] AH01991: SSL input filter read failed.
[Tue Mar 15 10:40:07.232742 2022] [ssl:debug] [pid 12034] ssl_engine_io.c(993): [client 192.168.121.84:50319] AH02001: Connection closed to child 32 with standard shutdown (server videom.hpdd.ru:443)
[Tue Mar 15 10:40:10.651732 2022] [ssl:info] [pid 12032] (70007)The timeout specified has expired: [client 192.168.121.84:50312] AH01991: SSL input filter read failed.
[Tue Mar 15 10:40:10.651831 2022] [ssl:debug] [pid 12032] ssl_engine_io.c(993): [client 192.168.121.84:50312] AH02001: Connection closed to child 30 with standard shutdown (server videom.hpdd.ru:443)
[Tue Mar 15 10:40:12.253500 2022] [ssl:info] [pid 12026] (70007)The timeout specified has expired: [client 192.168.121.84:50302] AH01991: SSL input filter read failed.
[Tue Mar 15 10:40:12.253599 2022] [ssl:debug] [pid 12026] ssl_engine_io.c(993): [client 192.168.121.84:50302] AH02001: Connection closed to child 24 with standard shutdown (server videom.hpdd.ru:443)
[Tue Mar 15 10:40:26.826668 2022] [reqtimeout:info] [pid 12039] [client 192.168.121.84:50313] AH01382: Request header read timeout
[Tue Mar 15 10:40:26.826724 2022] [ssl:info] [pid 12039] (70007)The timeout specified has expired: [client 192.168.121.84:50313] AH01991: SSL input filter read failed.
[Tue Mar 15 10:40:26.826805 2022] [ssl:debug] [pid 12039] ssl_engine_io.c(993): [client 192.168.121.84:50313] AH02001: Connection closed to child 37 with standard shutdown (server videom.hpdd.ru:443)
[Tue Mar 15 10:45:28.743954 2022] [ssl:info] [pid 12033] [client 192.168.121.155:55942] AH01964: Connection to child 31 established (server videom.hpdd.ru:443)
[Tue Mar 15 10:45:28.744131 2022] [socache_shmcb:debug] [pid 12033] mod_socache_shmcb.c(522): AH00835: socache_shmcb_retrieve (0x79 -> subcache 25)
[Tue Mar 15 10:45:28.744142 2022] [socache_shmcb:debug] [pid 12033] mod_socache_shmcb.c(877): AH00851: shmcb_subcache_retrieve found no match
[Tue Mar 15 10:45:28.744146 2022] [socache_shmcb:debug] [pid 12033] mod_socache_shmcb.c(532): AH00836: leaving socache_shmcb_retrieve successfully
[Tue Mar 15 10:45:28.744167 2022] [ssl:debug] [pid 12033] ssl_engine_kernel.c(1891): [client 192.168.121.155:55942] AH02043: SSL virtual host for servername videom.hpdd.ru found
[Tue Mar 15 10:45:28.754982 2022] [ssl:info] [pid 12040] [client 192.168.121.155:55941] AH01964: Connection to child 38 established (server videom.hpdd.ru:443)
[Tue Mar 15 10:45:28.755079 2022] [socache_shmcb:debug] [pid 12040] mod_socache_shmcb.c(522): AH00835: socache_shmcb_retrieve (0xd1 -> subcache 17)
[Tue Mar 15 10:45:28.755090 2022] [socache_shmcb:debug] [pid 12040] mod_socache_shmcb.c(877): AH00851: shmcb_subcache_retrieve found no match
[Tue Mar 15 10:45:28.755094 2022] [socache_shmcb:debug] [pid 12040] mod_socache_shmcb.c(532): AH00836: leaving socache_shmcb_retrieve successfully
[Tue Mar 15 10:45:28.755109 2022] [ssl:debug] [pid 12040] ssl_engine_kernel.c(1891): [client 192.168.121.155:55941] AH02043: SSL virtual host for servername videom.hpdd.ru found
[Tue Mar 15 10:45:28.933627 2022] [ssl:debug] [pid 12033] ssl_engine_kernel.c(1824): [client 192.168.121.155:55942] AH02041: Protocol: TLSv1.2, Cipher: ECDHE-RSA-AES128-GCM-SHA256 (128/128 bits)
[Tue Mar 15 10:45:28.934553 2022] [ssl:debug] [pid 12040] ssl_engine_kernel.c(1824): [client 192.168.121.155:55941] AH02041: Protocol: TLSv1.2, Cipher: ECDHE-RSA-AES128-GCM-SHA256 (128/128 bits)
[Tue Mar 15 10:45:28.936682 2022] [ssl:debug] [pid 12033] ssl_engine_kernel.c(225): [client 192.168.121.155:55942] AH02034: Initial (No.1) HTTPS request received for child 31 (server videom.hpdd.ru:443)
[Tue Mar 15 10:45:28.936964 2022] [authz_core:debug] [pid 12033] mod_authz_core.c(835): [client 192.168.121.155:55942] AH01628: authorization result: granted (no directives)
[Tue Mar 15 10:45:28.937016 2022] [authz_core:debug] [pid 12033] mod_authz_core.c(835): [client 192.168.121.155:55942] AH01628: authorization result: granted (no directives)
[Tue Mar 15 10:45:28.979423 2022] [ssl:debug] [pid 12033] ssl_engine_kernel.c(225): [client 192.168.121.155:55942] AH02034: Subsequent (No.2) HTTPS request received for child 31 (server videom.hpdd.ru:443)
[Tue Mar 15 10:45:28.979728 2022] [authz_core:debug] [pid 12033] mod_authz_core.c(835): [client 192.168.121.155:55942] AH01628: authorization result: granted (no directives)
[Tue Mar 15 10:45:28.979785 2022] [authz_core:debug] [pid 12033] mod_authz_core.c(835): [client 192.168.121.155:55942] AH01628: authorization result: granted (no directives)
[Tue Mar 15 10:45:29.048340 2022] [ssl:debug] [pid 12033] ssl_engine_kernel.c(225): [client 192.168.121.155:55942] AH02034: Subsequent (No.3) HTTPS request received for child 31 (server videom.hpdd.ru:443), referer: https://videom.hpdd.ru/service/welcome
[Tue Mar 15 10:45:29.048724 2022] [authz_core:debug] [pid 12033] mod_authz_core.c(835): [client 192.168.121.155:55942] AH01628: authorization result: granted (no directives), referer: https://videom.hpdd.ru/service/welcome
[Tue Mar 15 10:45:29.048721 2022] [ssl:debug] [pid 12040] ssl_engine_kernel.c(225): [client 192.168.121.155:55941] AH02034: Initial (No.1) HTTPS request received for child 38 (server videom.hpdd.ru:443), referer: https://videom.hpdd.ru/service/welcome
[Tue Mar 15 10:45:29.048991 2022] [authz_core:debug] [pid 12040] mod_authz_core.c(835): [client 192.168.121.155:55941] AH01628: authorization result: granted (no directives), referer: https://videom.hpdd.ru/service/welcome
[Tue Mar 15 10:45:29.053914 2022] [ssl:debug] [pid 12033] ssl_engine_kernel.c(225): [client 192.168.121.155:55942] AH02034: Subsequent (No.4) HTTPS request received for child 31 (server videom.hpdd.ru:443), referer: https://videom.hpdd.ru/service/welcome
[Tue Mar 15 10:45:29.054146 2022] [authz_core:debug] [pid 12033] mod_authz_core.c(835): [client 192.168.121.155:55942] AH01628: authorization result: granted (no directives), referer: https://videom.hpdd.ru/service/welcome
[Tue Mar 15 10:45:29.066096 2022] [ssl:info] [pid 12037] [client 192.168.121.155:55944] AH01964: Connection to child 35 established (server videom.hpdd.ru:443)
[Tue Mar 15 10:45:29.066264 2022] [ssl:debug] [pid 12037] ssl_engine_kernel.c(1891): [client 192.168.121.155:55944] AH02043: SSL virtual host for servername videom.hpdd.ru found
[Tue Mar 15 10:45:29.070115 2022] [ssl:debug] [pid 12037] ssl_engine_kernel.c(1824): [client 192.168.121.155:55944] AH02041: Protocol: TLSv1.2, Cipher: ECDHE-RSA-AES128-GCM-SHA256 (128/128 bits)
[Tue Mar 15 10:45:29.248628 2022] [ssl:debug] [pid 12040] ssl_engine_kernel.c(225): [client 192.168.121.155:55941] AH02034: Subsequent (No.2) HTTPS request received for child 38 (server videom.hpdd.ru:443), referer: https://videom.hpdd.ru/service/welcome
[Tue Mar 15 10:45:29.248629 2022] [ssl:debug] [pid 12033] ssl_engine_kernel.c(225): [client 192.168.121.155:55942] AH02034: Subsequent (No.5) HTTPS request received for child 31 (server videom.hpdd.ru:443), referer: https://videom.hpdd.ru/service/welcome
[Tue Mar 15 10:45:29.248971 2022] [authz_core:debug] [pid 12040] mod_authz_core.c(835): [client 192.168.121.155:55941] AH01628: authorization result: granted (no directives), referer: https://videom.hpdd.ru/service/welcome
[Tue Mar 15 10:45:29.248971 2022] [authz_core:debug] [pid 12033] mod_authz_core.c(835): [client 192.168.121.155:55942] AH01628: authorization result: granted (no directives), referer: https://videom.hpdd.ru/service/welcome
[Tue Mar 15 10:45:29.257163 2022] [ssl:debug] [pid 12033] ssl_engine_kernel.c(225): [client 192.168.121.155:55942] AH02034: Subsequent (No.6) HTTPS request received for child 31 (server videom.hpdd.ru:443), referer: https://videom.hpdd.ru/service/css/cache/08cf19d570751e099d007c67b058b844.css
[Tue Mar 15 10:45:29.257396 2022] [authz_core:debug] [pid 12033] mod_authz_core.c(835): [client 192.168.121.155:55942] AH01628: authorization result: granted (no directives), referer: https://videom.hpdd.ru/service/css/cache/08cf19d570751e099d007c67b058b844.css
[Tue Mar 15 10:45:29.257580 2022] [ssl:debug] [pid 12040] ssl_engine_kernel.c(225): [client 192.168.121.155:55941] AH02034: Subsequent (No.3) HTTPS request received for child 38 (server videom.hpdd.ru:443), referer: https://videom.hpdd.ru/service/css/cache/08cf19d570751e099d007c67b058b844.css
[Tue Mar 15 10:45:29.257604 2022] [ssl:debug] [pid 12037] ssl_engine_kernel.c(225): [client 192.168.121.155:55944] AH02034: Initial (No.1) HTTPS request received for child 35 (server videom.hpdd.ru:443), referer: https://videom.hpdd.ru/service/css/cache/08cf19d570751e099d007c67b058b844.css
[Tue Mar 15 10:45:29.257869 2022] [authz_core:debug] [pid 12040] mod_authz_core.c(835): [client 192.168.121.155:55941] AH01628: authorization result: granted (no directives), referer: https://videom.hpdd.ru/service/css/cache/08cf19d570751e099d007c67b058b844.css
[Tue Mar 15 10:45:29.257898 2022] [authz_core:debug] [pid 12037] mod_authz_core.c(835): [client 192.168.121.155:55944] AH01628: authorization result: granted (no directives), referer: https://videom.hpdd.ru/service/css/cache/08cf19d570751e099d007c67b058b844.css
[Tue Mar 15 10:45:29.325002 2022] [ssl:debug] [pid 12033] ssl_engine_kernel.c(225): [client 192.168.121.155:55942] AH02034: Subsequent (No.7) HTTPS request received for child 31 (server videom.hpdd.ru:443), referer: https://videom.hpdd.ru/service/welcome
[Tue Mar 15 10:45:29.325298 2022] [authz_core:debug] [pid 12033] mod_authz_core.c(835): [client 192.168.121.155:55942] AH01628: authorization result: granted (no directives), referer: https://videom.hpdd.ru/service/welcome
[Tue Mar 15 10:45:29.325358 2022] [authz_core:debug] [pid 12033] mod_authz_core.c(835): [client 192.168.121.155:55942] AH01628: authorization result: granted (no directives), referer: https://videom.hpdd.ru/service/welcome
[Tue Mar 15 10:45:29.408453 2022] [ssl:debug] [pid 12033] ssl_engine_kernel.c(225): [client 192.168.121.155:55942] AH02034: Subsequent (No.8) HTTPS request received for child 31 (server videom.hpdd.ru:443), referer: https://videom.hpdd.ru/service/welcome
[Tue Mar 15 10:45:29.408840 2022] [authz_core:debug] [pid 12033] mod_authz_core.c(835): [client 192.168.121.155:55942] AH01628: authorization result: granted (no directives), referer: https://videom.hpdd.ru/service/welcome
[Tue Mar 15 10:45:33.439982 2022] [ssl:debug] [pid 12033] ssl_engine_kernel.c(225): [client 192.168.121.155:55942] AH02034: Subsequent (No.9) HTTPS request received for child 31 (server videom.hpdd.ru:443), referer: https://videom.hpdd.ru/service/css/cache/08cf19d570751e099d007c67b058b844.css
[Tue Mar 15 10:45:33.440308 2022] [authz_core:debug] [pid 12033] mod_authz_core.c(835): [client 192.168.121.155:55942] AH01628: authorization result: granted (no directives), referer: https://videom.hpdd.ru/service/css/cache/08cf19d570751e099d007c67b058b844.css
[Tue Mar 15 10:45:34.263071 2022] [ssl:info] [pid 12037] (70007)The timeout specified has expired: [client 192.168.121.155:55944] AH01991: SSL input filter read failed.
[Tue Mar 15 10:45:34.263063 2022] [ssl:info] [pid 12040] (70007)The timeout specified has expired: [client 192.168.121.155:55941] AH01991: SSL input filter read failed.
[Tue Mar 15 10:45:34.263153 2022] [ssl:debug] [pid 12037] ssl_engine_io.c(993): [client 192.168.121.155:55944] AH02001: Connection closed to child 35 with standard shutdown (server videom.hpdd.ru:443)
[Tue Mar 15 10:45:34.263158 2022] [ssl:debug] [pid 12040] ssl_engine_io.c(993): [client 192.168.121.155:55941] AH02001: Connection closed to child 38 with standard shutdown (server videom.hpdd.ru:443)
[Tue Mar 15 10:45:38.441098 2022] [ssl:info] [pid 12033] (70007)The timeout specified has expired: [client 192.168.121.155:55942] AH01991: SSL input filter read failed.
[Tue Mar 15 10:45:38.441196 2022] [ssl:debug] [pid 12033] ssl_engine_io.c(993): [client 192.168.121.155:55942] AH02001: Connection closed to child 31 with standard shutdown (server videom.hpdd.ru:443)
[Tue Mar 15 10:45:50.966233 2022] [ssl:info] [pid 12036] [client 192.168.121.155:57405] AH01964: Connection to child 34 established (server videom.hpdd.ru:443)
