[Tue Mar 15 09:14:51.998541 2022] [ssl:debug] [pid 12044] ssl_engine_kernel.c(1824): [client 192.168.121.84:64292] AH02041: Protocol: TLSv1.2, Cipher: ECDHE-RSA-AES128-GCM-SHA256 (128/128 bits)
[Tue Mar 15 09:14:51.998571 2022] [ssl:debug] [pid 12043] ssl_engine_kernel.c(1824): [client 192.168.121.84:64293] AH02041: Protocol: TLSv1.2, Cipher: ECDHE-RSA-AES128-GCM-SHA256 (128/128 bits)
[Tue Mar 15 09:14:51.999080 2022] [ssl:debug] [pid 12044] ssl_engine_kernel.c(225): [client 192.168.121.84:64292] AH02034: Initial (No.1) HTTPS request received for child 42 (server videom.hpdd.ru:443), referer: https://videom.hpdd.ru/service/admin/users
[Tue Mar 15 09:14:51.999678 2022] [authz_core:debug] [pid 12044] mod_authz_core.c(835): [client 192.168.121.84:64292] AH01628: authorization result: granted (no directives), referer: https://videom.hpdd.ru/service/admin/users
[Tue Mar 15 09:14:51.999793 2022] [authz_core:debug] [pid 12044] mod_authz_core.c(835): [client 192.168.121.84:64292] AH01628: authorization result: granted (no directives), referer: https://videom.hpdd.ru/service/admin/users
[Tue Mar 15 09:14:52.465983 2022] [ssl:info] [pid 12045] [client 10.0.19.229:40980] AH01964: Connection to child 43 established (server videom.hpdd.ru:443)
[Tue Mar 15 09:14:52.466385 2022] [ssl:debug] [pid 12045] ssl_engine_kernel.c(1891): [client 10.0.19.229:40980] AH02043: SSL virtual host for servername videom.hpdd.ru found
[Tue Mar 15 09:14:52.473882 2022] [socache_shmcb:debug] [pid 12045] mod_socache_shmcb.c(485): AH00831: socache_shmcb_store (0x0e -> subcache 14)
[Tue Mar 15 09:14:52.473907 2022] [socache_shmcb:debug] [pid 12045] mod_socache_shmcb.c(810): AH00847: insert happened at idx=0, data=(0:32)
[Tue Mar 15 09:14:52.473911 2022] [socache_shmcb:debug] [pid 12045] mod_socache_shmcb.c(815): AH00848: finished insert, subcache: idx_pos/idx_used=0/1, data_pos/data_used=0/198
[Tue Mar 15 09:14:52.473916 2022] [socache_shmcb:debug] [pid 12045] mod_socache_shmcb.c(506): AH00834: leaving socache_shmcb_store successfully
[Tue Mar 15 09:14:52.473933 2022] [ssl:debug] [pid 12045] ssl_engine_kernel.c(1824): [client 10.0.19.229:40980] AH02041: Protocol: TLSv1.2, Cipher: ECDHE-RSA-AES256-GCM-SHA384 (256/256 bits)
[Tue Mar 15 09:14:52.474056 2022] [ssl:debug] [pid 12045] ssl_engine_kernel.c(225): [client 10.0.19.229:40980] AH02034: Initial (No.1) HTTPS request received for child 43 (server videom.hpdd.ru:443)
[Tue Mar 15 09:14:52.474608 2022] [authz_core:debug] [pid 12045] mod_authz_core.c(835): [client 10.0.19.229:40980] AH01628: authorization result: granted (no directives)
[Tue Mar 15 09:14:52.474756 2022] [authz_core:debug] [pid 12045] mod_authz_core.c(835): [client 10.0.19.229:40980] AH01628: authorization result: granted (no directives)
[Tue Mar 15 09:14:53.383106 2022] [ssl:debug] [pid 12044] ssl_engine_kernel.c(225): [client 192.168.121.84:64292] AH02034: Subsequent (No.2) HTTPS request received for child 42 (server videom.hpdd.ru:443), referer: https://videom.hpdd.ru/service/admin/sets
[Tue Mar 15 09:14:53.383244 2022] [ssl:debug] [pid 12043] ssl_engine_kernel.c(225): [client 192.168.121.84:64293] AH02034: Initial (No.1) HTTPS request received for child 41 (server videom.hpdd.ru:443), referer: https://videom.hpdd.ru/service/admin/sets
[Tue Mar 15 09:14:53.383477 2022] [authz_core:debug] [pid 12044] mod_authz_core.c(835): [client 192.168.121.84:64292] AH01628: authorization result: granted (no directives), referer: https://videom.hpdd.ru/service/admin/sets
[Tue Mar 15 09:14:53.383798 2022] [authz_core:debug] [pid 12043] mod_authz_core.c(835): [client 192.168.121.84:64293] AH01628: authorization result: granted (no directives), referer: https://videom.hpdd.ru/service/admin/sets
[Tue Mar 15 09:14:53.388335 2022] [ssl:debug] [pid 12044] ssl_engine_kernel.c(225): [client 192.168.121.84:64292] AH02034: Subsequent (No.3) HTTPS request received for child 42 (server videom.hpdd.ru:443), referer: https://videom.hpdd.ru/service/admin/sets
[Tue Mar 15 09:14:53.388588 2022] [authz_core:debug] [pid 12044] mod_authz_core.c(835): [client 192.168.121.84:64292] AH01628: authorization result: granted (no directives), referer: https://videom.hpdd.ru/service/admin/sets
[Tue Mar 15 09:14:53.396174 2022] [ssl:info] [pid 12046] [client 192.168.121.84:64294] AH01964: Connection to child 44 established (server videom.hpdd.ru:443)
[Tue Mar 15 09:14:53.396605 2022] [ssl:debug] [pid 12046] ssl_engine_kernel.c(1891): [client 192.168.121.84:64294] AH02043: SSL virtual host for servername videom.hpdd.ru found
[Tue Mar 15 09:14:53.399553 2022] [ssl:debug] [pid 12046] ssl_engine_kernel.c(1824): [client 192.168.121.84:64294] AH02041: Protocol: TLSv1.2, Cipher: ECDHE-RSA-AES128-GCM-SHA256 (128/128 bits)
[Tue Mar 15 09:14:53.668558 2022] [ssl:debug] [pid 12043] ssl_engine_kernel.c(225): [client 192.168.121.84:64293] AH02034: Subsequent (No.2) HTTPS request received for child 41 (server videom.hpdd.ru:443), referer: https://videom.hpdd.ru/service/admin/sets
[Tue Mar 15 09:14:53.668896 2022] [authz_core:debug] [pid 12043] mod_authz_core.c(835): [client 192.168.121.84:64293] AH01628: authorization result: granted (no directives), referer: https://videom.hpdd.ru/service/admin/sets
[Tue Mar 15 09:14:53.668969 2022] [authz_core:debug] [pid 12043] mod_authz_core.c(835): [client 192.168.121.84:64293] AH01628: authorization result: granted (no directives), referer: https://videom.hpdd.ru/service/admin/sets
[Tue Mar 15 09:14:53.692729 2022] [ssl:info] [pid 12047] [client 192.168.121.84:64295] AH01964: Connection to child 45 established (server videom.hpdd.ru:443)
[Tue Mar 15 09:14:53.693164 2022] [ssl:debug] [pid 12047] ssl_engine_kernel.c(1891): [client 192.168.121.84:64295] AH02043: SSL virtual host for servername videom.hpdd.ru found
[Tue Mar 15 09:14:53.696775 2022] [ssl:debug] [pid 12047] ssl_engine_kernel.c(1824): [client 192.168.121.84:64295] AH02041: Protocol: TLSv1.2, Cipher: ECDHE-RSA-AES128-GCM-SHA256 (128/128 bits)
[Tue Mar 15 09:14:53.696859 2022] [ssl:debug] [pid 12047] ssl_engine_kernel.c(225): [client 192.168.121.84:64295] AH02034: Initial (No.1) HTTPS request received for child 45 (server videom.hpdd.ru:443)
[Tue Mar 15 09:14:53.697086 2022] [authz_core:debug] [pid 12047] mod_authz_core.c(835): [client 192.168.121.84:64295] AH01628: authorization result: granted (no directives)
[Tue Mar 15 09:14:53.697238 2022] [core:info] [pid 12047] [client 192.168.121.84:64295] AH00128: File does not exist: /usr/share/videomost/ws-bind/
[Tue Mar 15 09:14:53.699693 2022] [ssl:info] [pid 12047] (70014)End of file found: [client 192.168.121.84:64295] AH01991: SSL input filter read failed.
[Tue Mar 15 09:14:53.699750 2022] [ssl:debug] [pid 12047] ssl_engine_io.c(993): [client 192.168.121.84:64295] AH02001: Connection closed to child 45 with standard shutdown (server videom.hpdd.ru:443)
[Tue Mar 15 09:14:57.392647 2022] [ssl:debug] [pid 12045] ssl_engine_io.c(993): [client 10.0.19.229:40980] AH02001: Connection closed to child 43 with standard shutdown (server videom.hpdd.ru:443)
[Tue Mar 15 09:14:58.393771 2022] [ssl:info] [pid 12044] (70007)The timeout specified has expired: [client 192.168.121.84:64292] AH01991: SSL input filter read failed.
[Tue Mar 15 09:14:58.393877 2022] [ssl:debug] [pid 12044] ssl_engine_io.c(993): [client 192.168.121.84:64292] AH02001: Connection closed to child 42 with standard shutdown (server videom.hpdd.ru:443)
[Tue Mar 15 09:14:58.730705 2022] [ssl:info] [pid 12043] (70007)The timeout specified has expired: [client 192.168.121.84:64293] AH01991: SSL input filter read failed.
[Tue Mar 15 09:14:58.730811 2022] [ssl:debug] [pid 12043] ssl_engine_io.c(993): [client 192.168.121.84:64293] AH02001: Connection closed to child 41 with standard shutdown (server videom.hpdd.ru:443)
[Tue Mar 15 09:15:02.282637 2022] [ssl:debug] [pid 12046] ssl_engine_kernel.c(225): [client 192.168.121.84:64294] AH02034: Initial (No.1) HTTPS request received for child 44 (server videom.hpdd.ru:443), referer: https://videom.hpdd.ru/service/admin/sets
[Tue Mar 15 09:15:02.283335 2022] [authz_core:debug] [pid 12046] mod_authz_core.c(835): [client 192.168.121.84:64294] AH01628: authorization result: granted (no directives), referer: https://videom.hpdd.ru/service/admin/sets
[Tue Mar 15 09:15:02.283460 2022] [authz_core:debug] [pid 12046] mod_authz_core.c(835): [client 192.168.121.84:64294] AH01628: authorization result: granted (no directives), referer: https://videom.hpdd.ru/service/admin/sets
[Tue Mar 15 09:15:02.292517 2022] [ssl:info] [pid 12048] [client 192.168.121.84:64301] AH01964: Connection to child 46 established (server videom.hpdd.ru:443)
[Tue Mar 15 09:15:02.293151 2022] [ssl:debug] [pid 12048] ssl_engine_kernel.c(1891): [client 192.168.121.84:64301] AH02043: SSL virtual host for servername videom.hpdd.ru found
[Tue Mar 15 09:15:02.296540 2022] [ssl:debug] [pid 12048] ssl_engine_kernel.c(1824): [client 192.168.121.84:64301] AH02041: Protocol: TLSv1.2, Cipher: ECDHE-RSA-AES128-GCM-SHA256 (128/128 bits)
[Tue Mar 15 09:15:02.772885 2022] [ssl:info] [pid 12049] [client 10.0.19.229:40988] AH01964: Connection to child 47 established (server videom.hpdd.ru:443)
[Tue Mar 15 09:15:02.773283 2022] [ssl:debug] [pid 12049] ssl_engine_kernel.c(1891): [client 10.0.19.229:40988] AH02043: SSL virtual host for servername videom.hpdd.ru found
[Tue Mar 15 09:15:02.780620 2022] [socache_shmcb:debug] [pid 12049] mod_socache_shmcb.c(485): AH00831: socache_shmcb_store (0xbf -> subcache 31)
[Tue Mar 15 09:15:02.780642 2022] [socache_shmcb:debug] [pid 12049] mod_socache_shmcb.c(810): AH00847: insert happened at idx=1, data=(198:230)
[Tue Mar 15 09:15:02.780647 2022] [socache_shmcb:debug] [pid 12049] mod_socache_shmcb.c(815): AH00848: finished insert, subcache: idx_pos/idx_used=0/2, data_pos/data_used=0/396
[Tue Mar 15 09:15:02.780669 2022] [socache_shmcb:debug] [pid 12049] mod_socache_shmcb.c(506): AH00834: leaving socache_shmcb_store successfully
[Tue Mar 15 09:15:02.780689 2022] [ssl:debug] [pid 12049] ssl_engine_kernel.c(1824): [client 10.0.19.229:40988] AH02041: Protocol: TLSv1.2, Cipher: ECDHE-RSA-AES256-GCM-SHA384 (256/256 bits)
[Tue Mar 15 09:15:02.780847 2022] [ssl:debug] [pid 12049] ssl_engine_kernel.c(225): [client 10.0.19.229:40988] AH02034: Initial (No.1) HTTPS request received for child 47 (server videom.hpdd.ru:443)
[Tue Mar 15 09:15:02.781437 2022] [authz_core:debug] [pid 12049] mod_authz_core.c(835): [client 10.0.19.229:40988] AH01628: authorization result: granted (no directives)
[Tue Mar 15 09:15:02.781548 2022] [authz_core:debug] [pid 12049] mod_authz_core.c(835): [client 10.0.19.229:40988] AH01628: authorization result: granted (no directives)
[Tue Mar 15 09:15:03.764544 2022] [ssl:debug] [pid 12046] ssl_engine_kernel.c(225): [client 192.168.121.84:64294] AH02034: Subsequent (No.2) HTTPS request received for child 44 (server videom.hpdd.ru:443), referer: https://videom.hpdd.ru/service/admin/codec/
[Tue Mar 15 09:15:03.764898 2022] [authz_core:debug] [pid 12046] mod_authz_core.c(835): [client 192.168.121.84:64294] AH01628: authorization result: granted (no directives), referer: https://videom.hpdd.ru/service/admin/codec/
[Tue Mar 15 09:15:03.765692 2022] [ssl:debug] [pid 12048] ssl_engine_kernel.c(225): [client 192.168.121.84:64301] AH02034: Initial (No.1) HTTPS request received for child 46 (server videom.hpdd.ru:443), referer: https://videom.hpdd.ru/service/admin/codec/
[Tue Mar 15 09:15:03.766256 2022] [authz_core:debug] [pid 12048] mod_authz_core.c(835): [client 192.168.121.84:64301] AH01628: authorization result: granted (no directives), referer: https://videom.hpdd.ru/service/admin/codec/
[Tue Mar 15 09:15:03.769125 2022] [ssl:debug] [pid 12046] ssl_engine_kernel.c(225): [client 192.168.121.84:64294] AH02034: Subsequent (No.3) HTTPS request received for child 44 (server videom.hpdd.ru:443), referer: https://videom.hpdd.ru/service/admin/codec/
[Tue Mar 15 09:15:03.769429 2022] [authz_core:debug] [pid 12046] mod_authz_core.c(835): [client 192.168.121.84:64294] AH01628: authorization result: granted (no directives), referer: https://videom.hpdd.ru/service/admin/codec/
[Tue Mar 15 09:15:03.789405 2022] [ssl:info] [pid 12050] [client 192.168.121.84:64302] AH01964: Connection to child 48 established (server videom.hpdd.ru:443)
[Tue Mar 15 09:15:03.789870 2022] [ssl:debug] [pid 12050] ssl_engine_kernel.c(1891): [client 192.168.121.84:64302] AH02043: SSL virtual host for servername videom.hpdd.ru found
[Tue Mar 15 09:15:03.793000 2022] [ssl:debug] [pid 12050] ssl_engine_kernel.c(1824): [client 192.168.121.84:64302] AH02041: Protocol: TLSv1.2, Cipher: ECDHE-RSA-AES128-GCM-SHA256 (128/128 bits)
[Tue Mar 15 09:15:04.056772 2022] [ssl:debug] [pid 12048] ssl_engine_kernel.c(225): [client 192.168.121.84:64301] AH02034: Subsequent (No.2) HTTPS request received for child 46 (server videom.hpdd.ru:443), referer: https://videom.hpdd.ru/service/admin/codec/
[Tue Mar 15 09:15:04.056845 2022] [ssl:debug] [pid 12046] ssl_engine_kernel.c(225): [client 192.168.121.84:64294] AH02034: Subsequent (No.4) HTTPS request received for child 44 (server videom.hpdd.ru:443), referer: https://videom.hpdd.ru/service/admin/codec/
[Tue Mar 15 09:15:04.057100 2022] [authz_core:debug] [pid 12046] mod_authz_core.c(835): [client 192.168.121.84:64294] AH01628: authorization result: granted (no directives), referer: https://videom.hpdd.ru/service/admin/codec/
[Tue Mar 15 09:15:04.057100 2022] [authz_core:debug] [pid 12048] mod_authz_core.c(835): [client 192.168.121.84:64301] AH01628: authorization result: granted (no directives), referer: https://videom.hpdd.ru/service/admin/codec/
[Tue Mar 15 09:15:04.057153 2022] [authz_core:debug] [pid 12046] mod_authz_core.c(835): [client 192.168.121.84:64294] AH01628: authorization result: granted (no directives), referer: https://videom.hpdd.ru/service/admin/codec/
[Tue Mar 15 09:15:04.057160 2022] [authz_core:debug] [pid 12048] mod_authz_core.c(835): [client 192.168.121.84:64301] AH01628: authorization result: granted (no directives), referer: https://videom.hpdd.ru/service/admin/codec/
[Tue Mar 15 09:15:04.057350 2022] [ssl:debug] [pid 12050] ssl_engine_kernel.c(225): [client 192.168.121.84:64302] AH02034: Initial (No.1) HTTPS request received for child 48 (server videom.hpdd.ru:443), referer: https://videom.hpdd.ru/service/admin/codec/
[Tue Mar 15 09:15:04.058037 2022] [authz_core:debug] [pid 12050] mod_authz_core.c(835): [client 192.168.121.84:64302] AH01628: authorization result: granted (no directives), referer: https://videom.hpdd.ru/service/admin/codec/
[Tue Mar 15 09:15:04.058159 2022] [authz_core:debug] [pid 12050] mod_authz_core.c(835): [client 192.168.121.84:64302] AH01628: authorization result: granted (no directives), referer: https://videom.hpdd.ru/service/admin/codec/
[Tue Mar 15 09:15:04.071972 2022] [ssl:info] [pid 12051] [client 192.168.121.84:64303] AH01964: Connection to child 49 established (server videom.hpdd.ru:443)
[Tue Mar 15 09:15:04.072427 2022] [ssl:debug] [pid 12051] ssl_engine_kernel.c(1891): [client 192.168.121.84:64303] AH02043: SSL virtual host for servername videom.hpdd.ru found
[Tue Mar 15 09:15:04.075509 2022] [ssl:debug] [pid 12051] ssl_engine_kernel.c(1824): [client 192.168.121.84:64303] AH02041: Protocol: TLSv1.2, Cipher: ECDHE-RSA-AES128-GCM-SHA256 (128/128 bits)
[Tue Mar 15 09:15:04.075596 2022] [ssl:debug] [pid 12051] ssl_engine_kernel.c(225): [client 192.168.121.84:64303] AH02034: Initial (No.1) HTTPS request received for child 49 (server videom.hpdd.ru:443)
[Tue Mar 15 09:15:04.075873 2022] [authz_core:debug] [pid 12051] mod_authz_core.c(835): [client 192.168.121.84:64303] AH01628: authorization result: granted (no directives)
[Tue Mar 15 09:15:04.076057 2022] [core:info] [pid 12051] [client 192.168.121.84:64303] AH00128: File does not exist: /usr/share/videomost/ws-bind/
[Tue Mar 15 09:15:04.079619 2022] [ssl:info] [pid 12051] (70014)End of file found: [client 192.168.121.84:64303] AH01991: SSL input filter read failed.
[Tue Mar 15 09:15:04.079725 2022] [ssl:debug] [pid 12051] ssl_engine_io.c(993): [client 192.168.121.84:64303] AH02001: Connection closed to child 49 with standard shutdown (server videom.hpdd.ru:443)
[Tue Mar 15 09:15:07.304517 2022] [ssl:debug] [pid 12049] ssl_engine_io.c(993): [client 10.0.19.229:40988] AH02001: Connection closed to child 47 with standard shutdown (server videom.hpdd.ru:443)
[Tue Mar 15 09:15:08.865440 2022] [ssl:debug] [pid 12050] ssl_engine_kernel.c(225): [client 192.168.121.84:64302] AH02034: Subsequent (No.2) HTTPS request received for child 48 (server videom.hpdd.ru:443), referer: https://videom.hpdd.ru/service/admin/codec/
[Tue Mar 15 09:15:08.865844 2022] [authz_core:debug] [pid 12050] mod_authz_core.c(835): [client 192.168.121.84:64302] AH01628: authorization result: granted (no directives), referer: https://videom.hpdd.ru/service/admin/codec/
[Tue Mar 15 09:15:08.865916 2022] [authz_core:debug] [pid 12050] mod_authz_core.c(835): [client 192.168.121.84:64302] AH01628: authorization result: granted (no directives), referer: https://videom.hpdd.ru/service/admin/codec/
[Tue Mar 15 09:15:09.121701 2022] [ssl:info] [pid 12046] (70007)The timeout specified has expired: [client 192.168.121.84:64294] AH01991: SSL input filter read failed.
[Tue Mar 15 09:15:09.121796 2022] [ssl:debug] [pid 12046] ssl_engine_io.c(993): [client 192.168.121.84:64294] AH02001: Connection closed to child 44 with standard shutdown (server videom.hpdd.ru:443)
[Tue Mar 15 09:15:09.127366 2022] [ssl:info] [pid 12048] (70007)The timeout specified has expired: [client 192.168.121.84:64301] AH01991: SSL input filter read failed.
[Tue Mar 15 09:15:09.127418 2022] [ssl:debug] [pid 12048] ssl_engine_io.c(993): [client 192.168.121.84:64301] AH02001: Connection closed to child 46 with standard shutdown (server videom.hpdd.ru:443)
[Tue Mar 15 09:15:09.301739 2022] [ssl:info] [pid 12052] [client 10.0.19.229:40998] AH01964: Connection to child 50 established (server videom.hpdd.ru:443)
[Tue Mar 15 09:15:09.302130 2022] [ssl:debug] [pid 12052] ssl_engine_kernel.c(1891): [client 10.0.19.229:40998] AH02043: SSL virtual host for servername videom.hpdd.ru found
[Tue Mar 15 09:15:09.309342 2022] [socache_shmcb:debug] [pid 12052] mod_socache_shmcb.c(485): AH00831: socache_shmcb_store (0xa1 -> subcache 1)
[Tue Mar 15 09:15:09.309364 2022] [socache_shmcb:debug] [pid 12052] mod_socache_shmcb.c(810): AH00847: insert happened at idx=0, data=(0:32)
[Tue Mar 15 09:15:09.309368 2022] [socache_shmcb:debug] [pid 12052] mod_socache_shmcb.c(815): AH00848: finished insert, subcache: idx_pos/idx_used=0/1, data_pos/data_used=0/198
[Tue Mar 15 09:15:09.309372 2022] [socache_shmcb:debug] [pid 12052] mod_socache_shmcb.c(506): AH00834: leaving socache_shmcb_store successfully
[Tue Mar 15 09:15:09.309390 2022] [ssl:debug] [pid 12052] ssl_engine_kernel.c(1824): [client 10.0.19.229:40998] AH02041: Protocol: TLSv1.2, Cipher: ECDHE-RSA-AES256-GCM-SHA384 (256/256 bits)
[Tue Mar 15 09:15:09.309508 2022] [ssl:debug] [pid 12052] ssl_engine_kernel.c(225): [client 10.0.19.229:40998] AH02034: Initial (No.1) HTTPS request received for child 50 (server videom.hpdd.ru:443)
[Tue Mar 15 09:15:09.310069 2022] [authz_core:debug] [pid 12052] mod_authz_core.c(835): [client 10.0.19.229:40998] AH01628: authorization result: granted (no directives)
[Tue Mar 15 09:15:09.310182 2022] [authz_core:debug] [pid 12052] mod_authz_core.c(835): [client 10.0.19.229:40998] AH01628: authorization result: granted (no directives)
[Tue Mar 15 09:15:10.217289 2022] [ssl:debug] [pid 12050] ssl_engine_kernel.c(225): [client 192.168.121.84:64302] AH02034: Subsequent (No.3) HTTPS request received for child 48 (server videom.hpdd.ru:443), referer: https://videom.hpdd.ru/service/admin/active
[Tue Mar 15 09:15:10.217605 2022] [authz_core:debug] [pid 12050] mod_authz_core.c(835): [client 192.168.121.84:64302] AH01628: authorization result: granted (no directives), referer: https://videom.hpdd.ru/service/admin/active
[Tue Mar 15 09:15:10.222268 2022] [ssl:debug] [pid 12050] ssl_engine_kernel.c(225): [client 192.168.121.84:64302] AH02034: Subsequent (No.4) HTTPS request received for child 48 (server videom.hpdd.ru:443), referer: https://videom.hpdd.ru/service/admin/active
[Tue Mar 15 09:15:10.222539 2022] [authz_core:debug] [pid 12050] mod_authz_core.c(835): [client 192.168.121.84:64302] AH01628: authorization result: granted (no directives), referer: https://videom.hpdd.ru/service/admin/active
[Tue Mar 15 09:15:10.226286 2022] [ssl:debug] [pid 12050] ssl_engine_kernel.c(225): [client 192.168.121.84:64302] AH02034: Subsequent (No.5) HTTPS request received for child 48 (server videom.hpdd.ru:443), referer: https://videom.hpdd.ru/service/admin/active
[Tue Mar 15 09:15:10.226517 2022] [authz_core:debug] [pid 12050] mod_authz_core.c(835): [client 192.168.121.84:64302] AH01628: authorization result: granted (no directives), referer: https://videom.hpdd.ru/service/admin/active
[Tue Mar 15 09:15:10.232625 2022] [ssl:info] [pid 12053] [client 192.168.121.84:64310] AH01964: Connection to child 51 established (server videom.hpdd.ru:443)
[Tue Mar 15 09:15:10.233159 2022] [ssl:debug] [pid 12053] ssl_engine_kernel.c(1891): [client 192.168.121.84:64310] AH02043: SSL virtual host for servername videom.hpdd.ru found
[Tue Mar 15 09:15:10.235617 2022] [ssl:info] [pid 12054] [client 192.168.121.84:64309] AH01964: Connection to child 52 established (server videom.hpdd.ru:443)
[Tue Mar 15 09:15:10.236233 2022] [ssl:debug] [pid 12054] ssl_engine_kernel.c(1891): [client 192.168.121.84:64309] AH02043: SSL virtual host for servername videom.hpdd.ru found
[Tue Mar 15 09:15:10.236441 2022] [ssl:debug] [pid 12053] ssl_engine_kernel.c(1824): [client 192.168.121.84:64310] AH02041: Protocol: TLSv1.2, Cipher: ECDHE-RSA-AES128-GCM-SHA256 (128/128 bits)
[Tue Mar 15 09:15:10.236521 2022] [ssl:debug] [pid 12053] ssl_engine_kernel.c(225): [client 192.168.121.84:64310] AH02034: Initial (No.1) HTTPS request received for child 51 (server videom.hpdd.ru:443), referer: https://videom.hpdd.ru/service/admin/active
[Tue Mar 15 09:15:10.237080 2022] [authz_core:debug] [pid 12053] mod_authz_core.c(835): [client 192.168.121.84:64310] AH01628: authorization result: granted (no directives), referer: https://videom.hpdd.ru/service/admin/active
[Tue Mar 15 09:15:10.240075 2022] [ssl:debug] [pid 12054] ssl_engine_kernel.c(1824): [client 192.168.121.84:64309] AH02041: Protocol: TLSv1.2, Cipher: ECDHE-RSA-AES128-GCM-SHA256 (128/128 bits)
[Tue Mar 15 09:15:10.243739 2022] [ssl:info] [pid 12055] [client 192.168.121.84:64311] AH01964: Connection to child 53 established (server videom.hpdd.ru:443)
[Tue Mar 15 09:15:10.244119 2022] [ssl:debug] [pid 12055] ssl_engine_kernel.c(1891): [client 192.168.121.84:64311] AH02043: SSL virtual host for servername videom.hpdd.ru found
[Tue Mar 15 09:15:10.247567 2022] [ssl:debug] [pid 12055] ssl_engine_kernel.c(1824): [client 192.168.121.84:64311] AH02041: Protocol: TLSv1.2, Cipher: ECDHE-RSA-AES128-GCM-SHA256 (128/128 bits)
[Tue Mar 15 09:15:10.608797 2022] [ssl:debug] [pid 12050] ssl_engine_kernel.c(225): [client 192.168.121.84:64302] AH02034: Subsequent (No.6) HTTPS request received for child 48 (server videom.hpdd.ru:443), referer: https://videom.hpdd.ru/service/admin/active
[Tue Mar 15 09:15:10.609113 2022] [authz_core:debug] [pid 12050] mod_authz_core.c(835): [client 192.168.121.84:64302] AH01628: authorization result: granted (no directives), referer: https://videom.hpdd.ru/service/admin/active
[Tue Mar 15 09:15:10.609166 2022] [authz_core:debug] [pid 12050] mod_authz_core.c(835): [client 192.168.121.84:64302] AH01628: authorization result: granted (no directives), referer: https://videom.hpdd.ru/service/admin/active
[Tue Mar 15 09:15:10.630633 2022] [ssl:info] [pid 12056] [client 192.168.121.84:64312] AH01964: Connection to child 54 established (server videom.hpdd.ru:443)
[Tue Mar 15 09:15:10.631100 2022] [ssl:debug] [pid 12056] ssl_engine_kernel.c(1891): [client 192.168.121.84:64312] AH02043: SSL virtual host for servername videom.hpdd.ru found
[Tue Mar 15 09:15:10.634262 2022] [ssl:debug] [pid 12056] ssl_engine_kernel.c(1824): [client 192.168.121.84:64312] AH02041: Protocol: TLSv1.2, Cipher: ECDHE-RSA-AES128-GCM-SHA256 (128/128 bits)
[Tue Mar 15 09:15:10.634359 2022] [ssl:debug] [pid 12056] ssl_engine_kernel.c(225): [client 192.168.121.84:64312] AH02034: Initial (No.1) HTTPS request received for child 54 (server videom.hpdd.ru:443)
[Tue Mar 15 09:15:10.634598 2022] [authz_core:debug] [pid 12056] mod_authz_core.c(835): [client 192.168.121.84:64312] AH01628: authorization result: granted (no directives)
[Tue Mar 15 09:15:10.634780 2022] [core:info] [pid 12056] [client 192.168.121.84:64312] AH00128: File does not exist: /usr/share/videomost/ws-bind/
[Tue Mar 15 09:15:10.641304 2022] [ssl:info] [pid 12056] (70014)End of file found: [client 192.168.121.84:64312] AH01991: SSL input filter read failed.
[Tue Mar 15 09:15:10.641370 2022] [ssl:debug] [pid 12056] ssl_engine_io.c(993): [client 192.168.121.84:64312] AH02001: Connection closed to child 54 with standard shutdown (server videom.hpdd.ru:443)
[Tue Mar 15 09:15:14.167999 2022] [ssl:debug] [pid 12052] ssl_engine_io.c(993): [client 10.0.19.229:40998] AH02001: Connection closed to child 50 with standard shutdown (server videom.hpdd.ru:443)
[Tue Mar 15 09:15:15.237721 2022] [ssl:info] [pid 12053] (70007)The timeout specified has expired: [client 192.168.121.84:64310] AH01991: SSL input filter read failed.
[Tue Mar 15 09:15:15.237827 2022] [ssl:debug] [pid 12053] ssl_engine_io.c(993): [client 192.168.121.84:64310] AH02001: Connection closed to child 51 with standard shutdown (server videom.hpdd.ru:443)
[Tue Mar 15 09:15:15.695238 2022] [ssl:info] [pid 12050] (70007)The timeout specified has expired: [client 192.168.121.84:64302] AH01991: SSL input filter read failed.
[Tue Mar 15 09:15:15.695343 2022] [ssl:debug] [pid 12050] ssl_engine_io.c(993): [client 192.168.121.84:64302] AH02001: Connection closed to child 48 with standard shutdown (server videom.hpdd.ru:443)
[Tue Mar 15 09:15:23.441639 2022] [ssl:debug] [pid 12054] ssl_engine_kernel.c(225): [client 192.168.121.84:64309] AH02034: Initial (No.1) HTTPS request received for child 52 (server videom.hpdd.ru:443), referer: https://videom.hpdd.ru/service/admin/active
[Tue Mar 15 09:15:23.442328 2022] [authz_core:debug] [pid 12054] mod_authz_core.c(835): [client 192.168.121.84:64309] AH01628: authorization result: granted (no directives), referer: https://videom.hpdd.ru/service/admin/active
[Tue Mar 15 09:15:23.442439 2022] [authz_core:debug] [pid 12054] mod_authz_core.c(835): [client 192.168.121.84:64309] AH01628: authorization result: granted (no directives), referer: https://videom.hpdd.ru/service/admin/active
[Tue Mar 15 09:15:23.912734 2022] [ssl:info] [pid 12057] [client 10.0.19.229:41012] AH01964: Connection to child 55 established (server videom.hpdd.ru:443)
[Tue Mar 15 09:15:23.913149 2022] [ssl:debug] [pid 12057] ssl_engine_kernel.c(1891): [client 10.0.19.229:41012] AH02043: SSL virtual host for servername videom.hpdd.ru found
[Tue Mar 15 09:15:23.920254 2022] [socache_shmcb:debug] [pid 12057] mod_socache_shmcb.c(485): AH00831: socache_shmcb_store (0xcc -> subcache 12)
[Tue Mar 15 09:15:23.920272 2022] [socache_shmcb:debug] [pid 12057] mod_socache_shmcb.c(810): AH00847: insert happened at idx=1, data=(198:230)
[Tue Mar 15 09:15:23.920276 2022] [socache_shmcb:debug] [pid 12057] mod_socache_shmcb.c(815): AH00848: finished insert, subcache: idx_pos/idx_used=0/2, data_pos/data_used=0/396
[Tue Mar 15 09:15:23.920280 2022] [socache_shmcb:debug] [pid 12057] mod_socache_shmcb.c(506): AH00834: leaving socache_shmcb_store successfully
[Tue Mar 15 09:15:23.920298 2022] [ssl:debug] [pid 12057] ssl_engine_kernel.c(1824): [client 10.0.19.229:41012] AH02041: Protocol: TLSv1.2, Cipher: ECDHE-RSA-AES256-GCM-SHA384 (256/256 bits)
[Tue Mar 15 09:15:23.920423 2022] [ssl:debug] [pid 12057] ssl_engine_kernel.c(225): [client 10.0.19.229:41012] AH02034: Initial (No.1) HTTPS request received for child 55 (server videom.hpdd.ru:443)
[Tue Mar 15 09:15:23.920991 2022] [authz_core:debug] [pid 12057] mod_authz_core.c(835): [client 10.0.19.229:41012] AH01628: authorization result: granted (no directives)
[Tue Mar 15 09:15:23.921106 2022] [authz_core:debug] [pid 12057] mod_authz_core.c(835): [client 10.0.19.229:41012] AH01628: authorization result: granted (no directives)
[Tue Mar 15 09:15:24.827921 2022] [ssl:debug] [pid 12054] ssl_engine_kernel.c(225): [client 192.168.121.84:64309] AH02034: Subsequent (No.2) HTTPS request received for child 52 (server videom.hpdd.ru:443), referer: https://videom.hpdd.ru/service/admin/servs
[Tue Mar 15 09:15:24.828247 2022] [authz_core:debug] [pid 12054] mod_authz_core.c(835): [client 192.168.121.84:64309] AH01628: authorization result: granted (no directives), referer: https://videom.hpdd.ru/service/admin/servs
[Tue Mar 15 09:15:24.830520 2022] [ssl:debug] [pid 12055] ssl_engine_kernel.c(225): [client 192.168.121.84:64311] AH02034: Initial (No.1) HTTPS request received for child 53 (server videom.hpdd.ru:443), referer: https://videom.hpdd.ru/service/admin/servs
[Tue Mar 15 09:15:24.831069 2022] [authz_core:debug] [pid 12055] mod_authz_core.c(835): [client 192.168.121.84:64311] AH01628: authorization result: granted (no directives), referer: https://videom.hpdd.ru/service/admin/servs
[Tue Mar 15 09:15:24.833812 2022] [ssl:debug] [pid 12054] ssl_engine_kernel.c(225): [client 192.168.121.84:64309] AH02034: Subsequent (No.3) HTTPS request received for child 52 (server videom.hpdd.ru:443), referer: https://videom.hpdd.ru/service/admin/servs
[Tue Mar 15 09:15:24.834031 2022] [authz_core:debug] [pid 12054] mod_authz_core.c(835): [client 192.168.121.84:64309] AH01628: authorization result: granted (no directives), referer: https://videom.hpdd.ru/service/admin/servs
[Tue Mar 15 09:15:24.845779 2022] [ssl:info] [pid 12058] [client 192.168.121.84:64317] AH01964: Connection to child 56 established (server videom.hpdd.ru:443)
[Tue Mar 15 09:15:24.846219 2022] [ssl:debug] [pid 12058] ssl_engine_kernel.c(1891): [client 192.168.121.84:64317] AH02043: SSL virtual host for servername videom.hpdd.ru found
[Tue Mar 15 09:15:24.851450 2022] [ssl:debug] [pid 12058] ssl_engine_kernel.c(1824): [client 192.168.121.84:64317] AH02041: Protocol: TLSv1.2, Cipher: ECDHE-RSA-AES128-GCM-SHA256 (128/128 bits)
[Tue Mar 15 09:15:25.105614 2022] [ssl:info] [pid 12059] [client 192.168.121.84:64318] AH01964: Connection to child 57 established (server videom.hpdd.ru:443)
[Tue Mar 15 09:15:25.106080 2022] [ssl:debug] [pid 12059] ssl_engine_kernel.c(1891): [client 192.168.121.84:64318] AH02043: SSL virtual host for servername videom.hpdd.ru found
[Tue Mar 15 09:15:25.109800 2022] [ssl:debug] [pid 12059] ssl_engine_kernel.c(1824): [client 192.168.121.84:64318] AH02041: Protocol: TLSv1.2, Cipher: ECDHE-RSA-AES128-GCM-SHA256 (128/128 bits)
[Tue Mar 15 09:15:25.109886 2022] [ssl:debug] [pid 12059] ssl_engine_kernel.c(225): [client 192.168.121.84:64318] AH02034: Initial (No.1) HTTPS request received for child 57 (server videom.hpdd.ru:443)
[Tue Mar 15 09:15:25.110139 2022] [authz_core:debug] [pid 12059] mod_authz_core.c(835): [client 192.168.121.84:64318] AH01628: authorization result: granted (no directives)
[Tue Mar 15 09:15:25.110296 2022] [core:info] [pid 12059] [client 192.168.121.84:64318] AH00128: File does not exist: /usr/share/videomost/ws-bind/
[Tue Mar 15 09:15:25.113363 2022] [ssl:info] [pid 12059] (70014)End of file found: [client 192.168.121.84:64318] AH01991: SSL input filter read failed.
[Tue Mar 15 09:15:25.113406 2022] [ssl:debug] [pid 12059] ssl_engine_io.c(993): [client 192.168.121.84:64318] AH02001: Connection closed to child 57 with standard shutdown (server videom.hpdd.ru:443)
[Tue Mar 15 09:15:28.329018 2022] [ssl:debug] [pid 12057] ssl_engine_io.c(993): [client 10.0.19.229:41012] AH02001: Connection closed to child 55 with standard shutdown (server videom.hpdd.ru:443)
[Tue Mar 15 09:15:29.839188 2022] [ssl:info] [pid 12054] (70007)The timeout specified has expired: [client 192.168.121.84:64309] AH01991: SSL input filter read failed.
[Tue Mar 15 09:15:29.839298 2022] [ssl:debug] [pid 12054] ssl_engine_io.c(993): [client 192.168.121.84:64309] AH02001: Connection closed to child 52 with standard shutdown (server videom.hpdd.ru:443)
[Tue Mar 15 09:15:29.973423 2022] [ssl:info] [pid 12055] (70007)The timeout specified has expired: [client 192.168.121.84:64311] AH01991: SSL input filter read failed.
[Tue Mar 15 09:15:29.973537 2022] [ssl:debug] [pid 12055] ssl_engine_io.c(993): [client 192.168.121.84:64311] AH02001: Connection closed to child 53 with standard shutdown (server videom.hpdd.ru:443)
[Tue Mar 15 09:15:41.991247 2022] [ssl:debug] [pid 12058] ssl_engine_kernel.c(225): [client 192.168.121.84:64317] AH02034: Initial (No.1) HTTPS request received for child 56 (server videom.hpdd.ru:443), referer: https://videom.hpdd.ru/service/admin/servs
[Tue Mar 15 09:15:41.991880 2022] [authz_core:debug] [pid 12058] mod_authz_core.c(835): [client 192.168.121.84:64317] AH01628: authorization result: granted (no directives), referer: https://videom.hpdd.ru/service/admin/servs
[Tue Mar 15 09:15:41.991992 2022] [authz_core:debug] [pid 12058] mod_authz_core.c(835): [client 192.168.121.84:64317] AH01628: authorization result: granted (no directives), referer: https://videom.hpdd.ru/service/admin/servs
[Tue Mar 15 09:15:42.004373 2022] [ssl:info] [pid 12060] [client 192.168.121.84:64327] AH01964: Connection to child 58 established (server videom.hpdd.ru:443)
[Tue Mar 15 09:15:42.004998 2022] [ssl:debug] [pid 12060] ssl_engine_kernel.c(1891): [client 192.168.121.84:64327] AH02043: SSL virtual host for servername videom.hpdd.ru found
[Tue Mar 15 09:15:42.008001 2022] [ssl:debug] [pid 12060] ssl_engine_kernel.c(1824): [client 192.168.121.84:64327] AH02041: Protocol: TLSv1.2, Cipher: ECDHE-RSA-AES128-GCM-SHA256 (128/128 bits)
[Tue Mar 15 09:15:42.085324 2022] [ssl:debug] [pid 12058] ssl_engine_kernel.c(225): [client 192.168.121.84:64317] AH02034: Subsequent (No.2) HTTPS request received for child 56 (server videom.hpdd.ru:443), referer: https://videom.hpdd.ru/service/welcome
[Tue Mar 15 09:15:42.085715 2022] [authz_core:debug] [pid 12058] mod_authz_core.c(835): [client 192.168.121.84:64317] AH01628: authorization result: granted (no directives), referer: https://videom.hpdd.ru/service/welcome
[Tue Mar 15 09:15:42.086276 2022] [ssl:debug] [pid 12060] ssl_engine_kernel.c(225): [client 192.168.121.84:64327] AH02034: Initial (No.1) HTTPS request received for child 58 (server videom.hpdd.ru:443), referer: https://videom.hpdd.ru/service/welcome
[Tue Mar 15 09:15:42.086842 2022] [authz_core:debug] [pid 12060] mod_authz_core.c(835): [client 192.168.121.84:64327] AH01628: authorization result: granted (no directives), referer: https://videom.hpdd.ru/service/welcome
[Tue Mar 15 09:15:42.089403 2022] [ssl:debug] [pid 12058] ssl_engine_kernel.c(225): [client 192.168.121.84:64317] AH02034: Subsequent (No.3) HTTPS request received for child 56 (server videom.hpdd.ru:443), referer: https://videom.hpdd.ru/service/welcome
[Tue Mar 15 09:15:42.089617 2022] [authz_core:debug] [pid 12058] mod_authz_core.c(835): [client 192.168.121.84:64317] AH01628: authorization result: granted (no directives), referer: https://videom.hpdd.ru/service/welcome
[Tue Mar 15 09:15:42.099185 2022] [ssl:info] [pid 12061] [client 192.168.121.84:64328] AH01964: Connection to child 59 established (server videom.hpdd.ru:443)
[Tue Mar 15 09:15:42.099601 2022] [ssl:debug] [pid 12061] ssl_engine_kernel.c(1891): [client 192.168.121.84:64328] AH02043: SSL virtual host for servername videom.hpdd.ru found
[Tue Mar 15 09:15:42.102824 2022] [ssl:debug] [pid 12061] ssl_engine_kernel.c(1824): [client 192.168.121.84:64328] AH02041: Protocol: TLSv1.2, Cipher: ECDHE-RSA-AES128-GCM-SHA256 (128/128 bits)
[Tue Mar 15 09:15:42.251102 2022] [ssl:debug] [pid 12058] ssl_engine_kernel.c(225): [client 192.168.121.84:64317] AH02034: Subsequent (No.4) HTTPS request received for child 56 (server videom.hpdd.ru:443), referer: https://videom.hpdd.ru/service/welcome
[Tue Mar 15 09:15:42.251424 2022] [authz_core:debug] [pid 12058] mod_authz_core.c(835): [client 192.168.121.84:64317] AH01628: authorization result: granted (no directives), referer: https://videom.hpdd.ru/service/welcome
[Tue Mar 15 09:15:42.251479 2022] [authz_core:debug] [pid 12058] mod_authz_core.c(835): [client 192.168.121.84:64317] AH01628: authorization result: granted (no directives), referer: https://videom.hpdd.ru/service/welcome
[Tue Mar 15 09:15:42.251786 2022] [ssl:debug] [pid 12060] ssl_engine_kernel.c(225): [client 192.168.121.84:64327] AH02034: Subsequent (No.2) HTTPS request received for child 58 (server videom.hpdd.ru:443), referer: https://videom.hpdd.ru/service/welcome
[Tue Mar 15 09:15:42.252042 2022] [authz_core:debug] [pid 12060] mod_authz_core.c(835): [client 192.168.121.84:64327] AH01628: authorization result: granted (no directives), referer: https://videom.hpdd.ru/service/welcome
[Tue Mar 15 09:15:42.252099 2022] [authz_core:debug] [pid 12060] mod_authz_core.c(835): [client 192.168.121.84:64327] AH01628: authorization result: granted (no directives), referer: https://videom.hpdd.ru/service/welcome
[Tue Mar 15 09:15:42.274841 2022] [ssl:info] [pid 12015] [client 192.168.121.84:64329] AH01964: Connection to child 13 established (server videom.hpdd.ru:443)
[Tue Mar 15 09:15:42.275009 2022] [ssl:debug] [pid 12015] ssl_engine_kernel.c(1891): [client 192.168.121.84:64329] AH02043: SSL virtual host for servername videom.hpdd.ru found
[Tue Mar 15 09:15:42.278442 2022] [ssl:debug] [pid 12015] ssl_engine_kernel.c(1824): [client 192.168.121.84:64329] AH02041: Protocol: TLSv1.2, Cipher: ECDHE-RSA-AES128-GCM-SHA256 (128/128 bits)
[Tue Mar 15 09:15:42.278562 2022] [ssl:debug] [pid 12015] ssl_engine_kernel.c(225): [client 192.168.121.84:64329] AH02034: Initial (No.1) HTTPS request received for child 13 (server videom.hpdd.ru:443)
[Tue Mar 15 09:15:42.278681 2022] [authz_core:debug] [pid 12015] mod_authz_core.c(835): [client 192.168.121.84:64329] AH01628: authorization result: granted (no directives)
[Tue Mar 15 09:15:42.278732 2022] [core:info] [pid 12015] [client 192.168.121.84:64329] AH00128: File does not exist: /usr/share/videomost/ws-bind/
[Tue Mar 15 09:15:42.281700 2022] [ssl:info] [pid 12015] (70014)End of file found: [client 192.168.121.84:64329] AH01991: SSL input filter read failed.
[Tue Mar 15 09:15:42.281740 2022] [ssl:debug] [pid 12015] ssl_engine_io.c(993): [client 192.168.121.84:64329] AH02001: Connection closed to child 13 with standard shutdown (server videom.hpdd.ru:443)
[Tue Mar 15 09:15:47.314051 2022] [ssl:info] [pid 12058] (70007)The timeout specified has expired: [client 192.168.121.84:64317] AH01991: SSL input filter read failed.
[Tue Mar 15 09:15:47.314183 2022] [ssl:debug] [pid 12058] ssl_engine_io.c(993): [client 192.168.121.84:64317] AH02001: Connection closed to child 56 with standard shutdown (server videom.hpdd.ru:443)
[Tue Mar 15 09:15:47.320254 2022] [ssl:info] [pid 12060] (70007)The timeout specified has expired: [client 192.168.121.84:64327] AH01991: SSL input filter read failed.
[Tue Mar 15 09:15:47.320307 2022] [ssl:debug] [pid 12060] ssl_engine_io.c(993): [client 192.168.121.84:64327] AH02001: Connection closed to child 58 with standard shutdown (server videom.hpdd.ru:443)
[Tue Mar 15 09:15:50.274336 2022] [ssl:debug] [pid 12061] ssl_engine_kernel.c(225): [client 192.168.121.84:64328] AH02034: Initial (No.1) HTTPS request received for child 59 (server videom.hpdd.ru:443), referer: https://videom.hpdd.ru/service/welcome
[Tue Mar 15 09:15:50.274952 2022] [authz_core:debug] [pid 12061] mod_authz_core.c(835): [client 192.168.121.84:64328] AH01628: authorization result: granted (no directives), referer: https://videom.hpdd.ru/service/welcome
[Tue Mar 15 09:15:50.275062 2022] [authz_core:debug] [pid 12061] mod_authz_core.c(835): [client 192.168.121.84:64328] AH01628: authorization result: granted (no directives), referer: https://videom.hpdd.ru/service/welcome
[Tue Mar 15 09:15:50.285487 2022] [ssl:info] [pid 12013] [client 192.168.121.84:64333] AH01964: Connection to child 11 established (server videom.hpdd.ru:443)
[Tue Mar 15 09:15:50.285719 2022] [ssl:debug] [pid 12013] ssl_engine_kernel.c(1891): [client 192.168.121.84:64333] AH02043: SSL virtual host for servername videom.hpdd.ru found
[Tue Mar 15 09:15:50.288763 2022] [ssl:debug] [pid 12013] ssl_engine_kernel.c(1824): [client 192.168.121.84:64333] AH02041: Protocol: TLSv1.2, Cipher: ECDHE-RSA-AES128-GCM-SHA256 (128/128 bits)
[Tue Mar 15 09:15:50.338053 2022] [ssl:debug] [pid 12061] ssl_engine_io.c(993): [client 192.168.121.84:64328] AH02001: Connection closed to child 59 with standard shutdown (server videom.hpdd.ru:443)
[Tue Mar 15 09:15:53.686263 2022] [ssl:debug] [pid 12013] ssl_engine_kernel.c(225): [client 192.168.121.84:64333] AH02034: Initial (No.1) HTTPS request received for child 11 (server videom.hpdd.ru:443), referer: https://videom.hpdd.ru/service/admin/servs
[Tue Mar 15 09:15:53.686716 2022] [authz_core:debug] [pid 12013] mod_authz_core.c(835): [client 192.168.121.84:64333] AH01628: authorization result: granted (no directives), referer: https://videom.hpdd.ru/service/admin/servs
[Tue Mar 15 09:15:53.686796 2022] [authz_core:debug] [pid 12013] mod_authz_core.c(835): [client 192.168.121.84:64333] AH01628: authorization result: granted (no directives), referer: https://videom.hpdd.ru/service/admin/servs
[Tue Mar 15 09:15:53.696626 2022] [ssl:info] [pid 12012] [client 192.168.121.84:64334] AH01964: Connection to child 10 established (server videom.hpdd.ru:443)
[Tue Mar 15 09:15:53.696810 2022] [ssl:debug] [pid 12012] ssl_engine_kernel.c(1891): [client 192.168.121.84:64334] AH02043: SSL virtual host for servername videom.hpdd.ru found
[Tue Mar 15 09:15:53.700724 2022] [ssl:debug] [pid 12012] ssl_engine_kernel.c(1824): [client 192.168.121.84:64334] AH02041: Protocol: TLSv1.2, Cipher: ECDHE-RSA-AES128-GCM-SHA256 (128/128 bits)
[Tue Mar 15 09:15:53.984746 2022] [ssl:debug] [pid 12012] ssl_engine_kernel.c(225): [client 192.168.121.84:64334] AH02034: Initial (No.1) HTTPS request received for child 10 (server videom.hpdd.ru:443), referer: https://videom.hpdd.ru/service/welcome
[Tue Mar 15 09:15:53.985111 2022] [ssl:debug] [pid 12013] ssl_engine_kernel.c(225): [client 192.168.121.84:64333] AH02034: Subsequent (No.2) HTTPS request received for child 11 (server videom.hpdd.ru:443), referer: https://videom.hpdd.ru/service/welcome
[Tue Mar 15 09:15:53.985261 2022] [authz_core:debug] [pid 12012] mod_authz_core.c(835): [client 192.168.121.84:64334] AH01628: authorization result: granted (no directives), referer: https://videom.hpdd.ru/service/welcome
[Tue Mar 15 09:15:53.985358 2022] [authz_core:debug] [pid 12013] mod_authz_core.c(835): [client 192.168.121.84:64333] AH01628: authorization result: granted (no directives), referer: https://videom.hpdd.ru/service/welcome
[Tue Mar 15 09:15:53.985362 2022] [authz_core:debug] [pid 12012] mod_authz_core.c(835): [client 192.168.121.84:64334] AH01628: authorization result: granted (no directives), referer: https://videom.hpdd.ru/service/welcome
[Tue Mar 15 09:15:53.985400 2022] [authz_core:debug] [pid 12013] mod_authz_core.c(835): [client 192.168.121.84:64333] AH01628: authorization result: granted (no directives), referer: https://videom.hpdd.ru/service/welcome
[Tue Mar 15 09:15:54.008172 2022] [ssl:info] [pid 12017] [client 192.168.121.84:64335] AH01964: Connection to child 15 established (server videom.hpdd.ru:443)
[Tue Mar 15 09:15:54.008335 2022] [ssl:debug] [pid 12017] ssl_engine_kernel.c(1891): [client 192.168.121.84:64335] AH02043: SSL virtual host for servername videom.hpdd.ru found
[Tue Mar 15 09:15:54.011612 2022] [ssl:debug] [pid 12017] ssl_engine_kernel.c(1824): [client 192.168.121.84:64335] AH02041: Protocol: TLSv1.2, Cipher: ECDHE-RSA-AES128-GCM-SHA256 (128/128 bits)
[Tue Mar 15 09:15:54.011687 2022] [ssl:debug] [pid 12017] ssl_engine_kernel.c(225): [client 192.168.121.84:64335] AH02034: Initial (No.1) HTTPS request received for child 15 (server videom.hpdd.ru:443)
[Tue Mar 15 09:15:54.011790 2022] [authz_core:debug] [pid 12017] mod_authz_core.c(835): [client 192.168.121.84:64335] AH01628: authorization result: granted (no directives)
[Tue Mar 15 09:15:54.011831 2022] [core:info] [pid 12017] [client 192.168.121.84:64335] AH00128: File does not exist: /usr/share/videomost/ws-bind/
[Tue Mar 15 09:15:54.014740 2022] [ssl:info] [pid 12017] (70014)End of file found: [client 192.168.121.84:64335] AH01991: SSL input filter read failed.
[Tue Mar 15 09:15:54.014774 2022] [ssl:debug] [pid 12017] ssl_engine_io.c(993): [client 192.168.121.84:64335] AH02001: Connection closed to child 15 with standard shutdown (server videom.hpdd.ru:443)
[Tue Mar 15 09:15:58.674260 2022] [ssl:debug] [pid 12013] ssl_engine_kernel.c(225): [client 192.168.121.84:64333] AH02034: Subsequent (No.3) HTTPS request received for child 11 (server videom.hpdd.ru:443), referer: https://videom.hpdd.ru/service/welcome
[Tue Mar 15 09:15:58.674601 2022] [authz_core:debug] [pid 12013] mod_authz_core.c(835): [client 192.168.121.84:64333] AH01628: authorization result: granted (no directives), referer: https://videom.hpdd.ru/service/welcome
[Tue Mar 15 09:15:58.674698 2022] [authz_core:debug] [pid 12013] mod_authz_core.c(835): [client 192.168.121.84:64333] AH01628: authorization result: granted (no directives), referer: https://videom.hpdd.ru/service/welcome
[Tue Mar 15 09:15:58.734179 2022] [ssl:debug] [pid 12013] ssl_engine_io.c(993): [client 192.168.121.84:64333] AH02001: Connection closed to child 11 with standard shutdown (server videom.hpdd.ru:443)
[Tue Mar 15 09:15:59.047912 2022] [ssl:info] [pid 12012] (70007)The timeout specified has expired: [client 192.168.121.84:64334] AH01991: SSL input filter read failed.
[Tue Mar 15 09:15:59.048005 2022] [ssl:debug] [pid 12012] ssl_engine_io.c(993): [client 192.168.121.84:64334] AH02001: Connection closed to child 10 with standard shutdown (server videom.hpdd.ru:443)
[Tue Mar 15 09:16:04.363907 2022] [ssl:info] [pid 12018] [client 192.168.121.84:64340] AH01964: Connection to child 16 established (server videom.hpdd.ru:443)
[Tue Mar 15 09:16:04.364090 2022] [ssl:debug] [pid 12018] ssl_engine_kernel.c(1891): [client 192.168.121.84:64340] AH02043: SSL virtual host for servername videom.hpdd.ru found
[Tue Mar 15 09:16:04.367305 2022] [ssl:debug] [pid 12018] ssl_engine_kernel.c(1824): [client 192.168.121.84:64340] AH02041: Protocol: TLSv1.2, Cipher: ECDHE-RSA-AES128-GCM-SHA256 (128/128 bits)
[Tue Mar 15 09:16:04.367402 2022] [ssl:debug] [pid 12018] ssl_engine_kernel.c(225): [client 192.168.121.84:64340] AH02034: Initial (No.1) HTTPS request received for child 16 (server videom.hpdd.ru:443), referer: https://videom.hpdd.ru/service/admin/servs
[Tue Mar 15 09:16:04.367721 2022] [authz_core:debug] [pid 12018] mod_authz_core.c(835): [client 192.168.121.84:64340] AH01628: authorization result: granted (no directives), referer: https://videom.hpdd.ru/service/admin/servs
[Tue Mar 15 09:16:04.367793 2022] [authz_core:debug] [pid 12018] mod_authz_core.c(835): [client 192.168.121.84:64340] AH01628: authorization result: granted (no directives), referer: https://videom.hpdd.ru/service/admin/servs
[Tue Mar 15 09:16:04.370788 2022] [ssl:info] [pid 12014] [client 192.168.121.84:64341] AH01964: Connection to child 12 established (server videom.hpdd.ru:443)
[Tue Mar 15 09:16:04.370922 2022] [ssl:debug] [pid 12014] ssl_engine_kernel.c(1891): [client 192.168.121.84:64341] AH02043: SSL virtual host for servername videom.hpdd.ru found
[Tue Mar 15 09:16:04.374739 2022] [ssl:debug] [pid 12014] ssl_engine_kernel.c(1824): [client 192.168.121.84:64341] AH02041: Protocol: TLSv1.2, Cipher: ECDHE-RSA-AES128-GCM-SHA256 (128/128 bits)
[Tue Mar 15 09:16:04.598797 2022] [ssl:debug] [pid 12018] ssl_engine_kernel.c(225): [client 192.168.121.84:64340] AH02034: Subsequent (No.2) HTTPS request received for child 16 (server videom.hpdd.ru:443), referer: https://videom.hpdd.ru/service/welcome
[Tue Mar 15 09:16:04.599123 2022] [authz_core:debug] [pid 12018] mod_authz_core.c(835): [client 192.168.121.84:64340] AH01628: authorization result: granted (no directives), referer: https://videom.hpdd.ru/service/welcome
[Tue Mar 15 09:16:04.599175 2022] [authz_core:debug] [pid 12018] mod_authz_core.c(835): [client 192.168.121.84:64340] AH01628: authorization result: granted (no directives), referer: https://videom.hpdd.ru/service/welcome
[Tue Mar 15 09:16:04.599898 2022] [ssl:debug] [pid 12014] ssl_engine_kernel.c(225): [client 192.168.121.84:64341] AH02034: Initial (No.1) HTTPS request received for child 12 (server videom.hpdd.ru:443), referer: https://videom.hpdd.ru/service/welcome
[Tue Mar 15 09:16:04.600148 2022] [authz_core:debug] [pid 12014] mod_authz_core.c(835): [client 192.168.121.84:64341] AH01628: authorization result: granted (no directives), referer: https://videom.hpdd.ru/service/welcome
[Tue Mar 15 09:16:04.600191 2022] [authz_core:debug] [pid 12014] mod_authz_core.c(835): [client 192.168.121.84:64341] AH01628: authorization result: granted (no directives), referer: https://videom.hpdd.ru/service/welcome
[Tue Mar 15 09:16:04.624298 2022] [ssl:info] [pid 12016] [client 192.168.121.84:64342] AH01964: Connection to child 14 established (server videom.hpdd.ru:443)
[Tue Mar 15 09:16:04.624468 2022] [ssl:debug] [pid 12016] ssl_engine_kernel.c(1891): [client 192.168.121.84:64342] AH02043: SSL virtual host for servername videom.hpdd.ru found
[Tue Mar 15 09:16:04.628400 2022] [ssl:debug] [pid 12016] ssl_engine_kernel.c(1824): [client 192.168.121.84:64342] AH02041: Protocol: TLSv1.2, Cipher: ECDHE-RSA-AES128-GCM-SHA256 (128/128 bits)
