[Tue Mar 15 10:10:46.202201 2022] [ssl:debug] [pid 12016] ssl_engine_kernel.c(225): [client 10.0.0.71:54871] AH02034: Subsequent (No.2) HTTPS request received for child 14 (server videom.hpdd.ru:443)
[Tue Mar 15 10:10:46.202470 2022] [authz_core:debug] [pid 12016] mod_authz_core.c(835): [client 10.0.0.71:54871] AH01628: authorization result: granted (no directives)
[Tue Mar 15 10:10:46.202536 2022] [authz_core:debug] [pid 12016] mod_authz_core.c(835): [client 10.0.0.71:54871] AH01628: authorization result: granted (no directives)
[Tue Mar 15 10:10:46.238715 2022] [ssl:debug] [pid 12016] ssl_engine_kernel.c(225): [client 10.0.0.71:54871] AH02034: Subsequent (No.3) HTTPS request received for child 14 (server videom.hpdd.ru:443)
[Tue Mar 15 10:10:46.239008 2022] [authz_core:debug] [pid 12016] mod_authz_core.c(835): [client 10.0.0.71:54871] AH01628: authorization result: granted (no directives)
[Tue Mar 15 10:10:46.239062 2022] [authz_core:debug] [pid 12016] mod_authz_core.c(835): [client 10.0.0.71:54871] AH01628: authorization result: granted (no directives)
[Tue Mar 15 10:10:46.312922 2022] [ssl:debug] [pid 12016] ssl_engine_kernel.c(225): [client 10.0.0.71:54871] AH02034: Subsequent (No.4) HTTPS request received for child 14 (server videom.hpdd.ru:443), referer: https://videom.hpdd.ru/service/welcome
[Tue Mar 15 10:10:46.313063 2022] [ssl:debug] [pid 12014] ssl_engine_kernel.c(225): [client 10.0.0.71:54872] AH02034: Initial (No.1) HTTPS request received for child 12 (server videom.hpdd.ru:443), referer: https://videom.hpdd.ru/service/welcome
[Tue Mar 15 10:10:46.313195 2022] [ssl:debug] [pid 12018] ssl_engine_kernel.c(225): [client 10.0.0.71:54870] AH02034: Initial (No.1) HTTPS request received for child 16 (server videom.hpdd.ru:443), referer: https://videom.hpdd.ru/service/welcome
[Tue Mar 15 10:10:46.313234 2022] [authz_core:debug] [pid 12016] mod_authz_core.c(835): [client 10.0.0.71:54871] AH01628: authorization result: granted (no directives), referer: https://videom.hpdd.ru/service/welcome
[Tue Mar 15 10:10:46.313305 2022] [authz_core:debug] [pid 12014] mod_authz_core.c(835): [client 10.0.0.71:54872] AH01628: authorization result: granted (no directives), referer: https://videom.hpdd.ru/service/welcome
[Tue Mar 15 10:10:46.313432 2022] [authz_core:debug] [pid 12018] mod_authz_core.c(835): [client 10.0.0.71:54870] AH01628: authorization result: granted (no directives), referer: https://videom.hpdd.ru/service/welcome
[Tue Mar 15 10:10:46.442388 2022] [ssl:debug] [pid 12014] ssl_engine_kernel.c(225): [client 10.0.0.71:54872] AH02034: Subsequent (No.2) HTTPS request received for child 12 (server videom.hpdd.ru:443), referer: https://videom.hpdd.ru/service/welcome
[Tue Mar 15 10:10:46.442771 2022] [authz_core:debug] [pid 12014] mod_authz_core.c(835): [client 10.0.0.71:54872] AH01628: authorization result: granted (no directives), referer: https://videom.hpdd.ru/service/welcome
[Tue Mar 15 10:10:46.447239 2022] [ssl:debug] [pid 12018] ssl_engine_kernel.c(225): [client 10.0.0.71:54870] AH02034: Subsequent (No.2) HTTPS request received for child 16 (server videom.hpdd.ru:443), referer: https://videom.hpdd.ru/service/css/cache/08cf19d570751e099d007c67b058b844.css
[Tue Mar 15 10:10:46.447528 2022] [authz_core:debug] [pid 12018] mod_authz_core.c(835): [client 10.0.0.71:54870] AH01628: authorization result: granted (no directives), referer: https://videom.hpdd.ru/service/css/cache/08cf19d570751e099d007c67b058b844.css
[Tue Mar 15 10:10:46.447679 2022] [ssl:debug] [pid 12016] ssl_engine_kernel.c(225): [client 10.0.0.71:54871] AH02034: Subsequent (No.5) HTTPS request received for child 14 (server videom.hpdd.ru:443), referer: https://videom.hpdd.ru/service/css/cache/08cf19d570751e099d007c67b058b844.css
[Tue Mar 15 10:10:46.447958 2022] [authz_core:debug] [pid 12016] mod_authz_core.c(835): [client 10.0.0.71:54871] AH01628: authorization result: granted (no directives), referer: https://videom.hpdd.ru/service/css/cache/08cf19d570751e099d007c67b058b844.css
[Tue Mar 15 10:10:46.448927 2022] [ssl:info] [pid 12021] [client 10.0.0.71:54874] AH01964: Connection to child 19 established (server videom.hpdd.ru:443)
[Tue Mar 15 10:10:46.449054 2022] [ssl:debug] [pid 12021] ssl_engine_kernel.c(1891): [client 10.0.0.71:54874] AH02043: SSL virtual host for servername videom.hpdd.ru found
[Tue Mar 15 10:10:46.449388 2022] [ssl:debug] [pid 12014] ssl_engine_kernel.c(225): [client 10.0.0.71:54872] AH02034: Subsequent (No.3) HTTPS request received for child 12 (server videom.hpdd.ru:443), referer: https://videom.hpdd.ru/service/css/cache/08cf19d570751e099d007c67b058b844.css
[Tue Mar 15 10:10:46.449668 2022] [authz_core:debug] [pid 12014] mod_authz_core.c(835): [client 10.0.0.71:54872] AH01628: authorization result: granted (no directives), referer: https://videom.hpdd.ru/service/css/cache/08cf19d570751e099d007c67b058b844.css
[Tue Mar 15 10:10:46.449750 2022] [ssl:debug] [pid 12021] ssl_engine_kernel.c(1824): [client 10.0.0.71:54874] AH02041: Protocol: TLSv1.2, Cipher: ECDHE-RSA-AES128-GCM-SHA256 (128/128 bits)
[Tue Mar 15 10:10:46.484336 2022] [ssl:debug] [pid 12018] ssl_engine_kernel.c(225): [client 10.0.0.71:54870] AH02034: Subsequent (No.3) HTTPS request received for child 16 (server videom.hpdd.ru:443), referer: https://videom.hpdd.ru/service/welcome
[Tue Mar 15 10:10:46.484579 2022] [authz_core:debug] [pid 12018] mod_authz_core.c(835): [client 10.0.0.71:54870] AH01628: authorization result: granted (no directives), referer: https://videom.hpdd.ru/service/welcome
[Tue Mar 15 10:10:46.516721 2022] [ssl:debug] [pid 12018] ssl_engine_kernel.c(225): [client 10.0.0.71:54870] AH02034: Subsequent (No.4) HTTPS request received for child 16 (server videom.hpdd.ru:443), referer: https://videom.hpdd.ru/service/welcome
[Tue Mar 15 10:10:46.516957 2022] [authz_core:debug] [pid 12018] mod_authz_core.c(835): [client 10.0.0.71:54870] AH01628: authorization result: granted (no directives), referer: https://videom.hpdd.ru/service/welcome
[Tue Mar 15 10:10:46.517001 2022] [authz_core:debug] [pid 12018] mod_authz_core.c(835): [client 10.0.0.71:54870] AH01628: authorization result: granted (no directives), referer: https://videom.hpdd.ru/service/welcome
[Tue Mar 15 10:10:46.552633 2022] [ssl:debug] [pid 12014] ssl_engine_kernel.c(225): [client 10.0.0.71:54872] AH02034: Subsequent (No.4) HTTPS request received for child 12 (server videom.hpdd.ru:443), referer: https://videom.hpdd.ru/service/welcome
[Tue Mar 15 10:10:46.552957 2022] [authz_core:debug] [pid 12014] mod_authz_core.c(835): [client 10.0.0.71:54872] AH01628: authorization result: granted (no directives), referer: https://videom.hpdd.ru/service/welcome
[Tue Mar 15 10:10:48.232463 2022] [ssl:info] [pid 12019] [client 192.168.121.84:65519] AH01964: Connection to child 17 established (server videom.hpdd.ru:443)
[Tue Mar 15 10:10:48.232619 2022] [ssl:debug] [pid 12019] ssl_engine_kernel.c(1891): [client 192.168.121.84:65519] AH02043: SSL virtual host for servername videom.hpdd.ru found
[Tue Mar 15 10:10:48.232851 2022] [ssl:info] [pid 12023] [client 192.168.121.84:65520] AH01964: Connection to child 21 established (server videom.hpdd.ru:443)
[Tue Mar 15 10:10:48.232958 2022] [ssl:debug] [pid 12023] ssl_engine_kernel.c(1891): [client 192.168.121.84:65520] AH02043: SSL virtual host for servername videom.hpdd.ru found
[Tue Mar 15 10:10:48.235934 2022] [ssl:debug] [pid 12023] ssl_engine_kernel.c(1824): [client 192.168.121.84:65520] AH02041: Protocol: TLSv1.2, Cipher: ECDHE-RSA-AES128-GCM-SHA256 (128/128 bits)
[Tue Mar 15 10:10:48.235957 2022] [ssl:debug] [pid 12019] ssl_engine_kernel.c(1824): [client 192.168.121.84:65519] AH02041: Protocol: TLSv1.2, Cipher: ECDHE-RSA-AES128-GCM-SHA256 (128/128 bits)
[Tue Mar 15 10:10:48.236122 2022] [ssl:debug] [pid 12019] ssl_engine_kernel.c(225): [client 192.168.121.84:65519] AH02034: Initial (No.1) HTTPS request received for child 17 (server videom.hpdd.ru:443), referer: https://videom.hpdd.ru/service/admin/sets
[Tue Mar 15 10:10:48.236408 2022] [authz_core:debug] [pid 12019] mod_authz_core.c(835): [client 192.168.121.84:65519] AH01628: authorization result: granted (no directives), referer: https://videom.hpdd.ru/service/admin/sets
[Tue Mar 15 10:10:48.236460 2022] [authz_core:debug] [pid 12019] mod_authz_core.c(835): [client 192.168.121.84:65519] AH01628: authorization result: granted (no directives), referer: https://videom.hpdd.ru/service/admin/sets
[Tue Mar 15 10:10:48.306092 2022] [ssl:debug] [pid 12019] ssl_engine_kernel.c(225): [client 192.168.121.84:65519] AH02034: Subsequent (No.2) HTTPS request received for child 17 (server videom.hpdd.ru:443), referer: https://videom.hpdd.ru/service/admin/sets
[Tue Mar 15 10:10:48.306383 2022] [authz_core:debug] [pid 12019] mod_authz_core.c(835): [client 192.168.121.84:65519] AH01628: authorization result: granted (no directives), referer: https://videom.hpdd.ru/service/admin/sets
[Tue Mar 15 10:10:48.306462 2022] [authz_core:debug] [pid 12019] mod_authz_core.c(835): [client 192.168.121.84:65519] AH01628: authorization result: granted (no directives), referer: https://videom.hpdd.ru/service/admin/sets
[Tue Mar 15 10:10:48.353499 2022] [ssl:debug] [pid 12019] ssl_engine_kernel.c(225): [client 192.168.121.84:65519] AH02034: Subsequent (No.3) HTTPS request received for child 17 (server videom.hpdd.ru:443), referer: https://videom.hpdd.ru/service/admin/sets
[Tue Mar 15 10:10:48.353798 2022] [authz_core:debug] [pid 12019] mod_authz_core.c(835): [client 192.168.121.84:65519] AH01628: authorization result: granted (no directives), referer: https://videom.hpdd.ru/service/admin/sets
[Tue Mar 15 10:10:48.353857 2022] [authz_core:debug] [pid 12019] mod_authz_core.c(835): [client 192.168.121.84:65519] AH01628: authorization result: granted (no directives), referer: https://videom.hpdd.ru/service/admin/sets
[Tue Mar 15 10:10:48.397741 2022] [ssl:debug] [pid 12019] ssl_engine_kernel.c(225): [client 192.168.121.84:65519] AH02034: Subsequent (No.4) HTTPS request received for child 17 (server videom.hpdd.ru:443), referer: https://videom.hpdd.ru/service/admin/sets
[Tue Mar 15 10:10:48.398027 2022] [authz_core:debug] [pid 12019] mod_authz_core.c(835): [client 192.168.121.84:65519] AH01628: authorization result: granted (no directives), referer: https://videom.hpdd.ru/service/admin/sets
[Tue Mar 15 10:10:48.398080 2022] [authz_core:debug] [pid 12019] mod_authz_core.c(835): [client 192.168.121.84:65519] AH01628: authorization result: granted (no directives), referer: https://videom.hpdd.ru/service/admin/sets
[Tue Mar 15 10:10:48.701516 2022] [ssl:debug] [pid 12019] ssl_engine_kernel.c(225): [client 192.168.121.84:65519] AH02034: Subsequent (No.5) HTTPS request received for child 17 (server videom.hpdd.ru:443), referer: https://videom.hpdd.ru/service/welcome
[Tue Mar 15 10:10:48.701872 2022] [authz_core:debug] [pid 12019] mod_authz_core.c(835): [client 192.168.121.84:65519] AH01628: authorization result: granted (no directives), referer: https://videom.hpdd.ru/service/welcome
[Tue Mar 15 10:10:48.702028 2022] [ssl:debug] [pid 12023] ssl_engine_kernel.c(225): [client 192.168.121.84:65520] AH02034: Initial (No.1) HTTPS request received for child 21 (server videom.hpdd.ru:443), referer: https://videom.hpdd.ru/service/welcome
[Tue Mar 15 10:10:48.702273 2022] [authz_core:debug] [pid 12023] mod_authz_core.c(835): [client 192.168.121.84:65520] AH01628: authorization result: granted (no directives), referer: https://videom.hpdd.ru/service/welcome
[Tue Mar 15 10:10:48.706027 2022] [ssl:debug] [pid 12019] ssl_engine_kernel.c(225): [client 192.168.121.84:65519] AH02034: Subsequent (No.6) HTTPS request received for child 17 (server videom.hpdd.ru:443), referer: https://videom.hpdd.ru/service/welcome
[Tue Mar 15 10:10:48.706250 2022] [authz_core:debug] [pid 12019] mod_authz_core.c(835): [client 192.168.121.84:65519] AH01628: authorization result: granted (no directives), referer: https://videom.hpdd.ru/service/welcome
[Tue Mar 15 10:10:48.716090 2022] [ssl:info] [pid 12020] [client 192.168.121.84:65521] AH01964: Connection to child 18 established (server videom.hpdd.ru:443)
[Tue Mar 15 10:10:48.716243 2022] [ssl:debug] [pid 12020] ssl_engine_kernel.c(1891): [client 192.168.121.84:65521] AH02043: SSL virtual host for servername videom.hpdd.ru found
[Tue Mar 15 10:10:48.719696 2022] [ssl:debug] [pid 12020] ssl_engine_kernel.c(1824): [client 192.168.121.84:65521] AH02041: Protocol: TLSv1.2, Cipher: ECDHE-RSA-AES128-GCM-SHA256 (128/128 bits)
[Tue Mar 15 10:10:48.869425 2022] [ssl:debug] [pid 12019] ssl_engine_kernel.c(225): [client 192.168.121.84:65519] AH02034: Subsequent (No.7) HTTPS request received for child 17 (server videom.hpdd.ru:443), referer: https://videom.hpdd.ru/service/welcome
[Tue Mar 15 10:10:48.869797 2022] [authz_core:debug] [pid 12019] mod_authz_core.c(835): [client 192.168.121.84:65519] AH01628: authorization result: granted (no directives), referer: https://videom.hpdd.ru/service/welcome
[Tue Mar 15 10:10:48.869856 2022] [authz_core:debug] [pid 12019] mod_authz_core.c(835): [client 192.168.121.84:65519] AH01628: authorization result: granted (no directives), referer: https://videom.hpdd.ru/service/welcome
[Tue Mar 15 10:10:51.448632 2022] [ssl:info] [pid 12016] (70007)The timeout specified has expired: [client 10.0.0.71:54871] AH01991: SSL input filter read failed.
[Tue Mar 15 10:10:51.448752 2022] [ssl:debug] [pid 12016] ssl_engine_io.c(993): [client 10.0.0.71:54871] AH02001: Connection closed to child 14 with standard shutdown (server videom.hpdd.ru:443)
[Tue Mar 15 10:10:51.558191 2022] [ssl:info] [pid 12014] (70007)The timeout specified has expired: [client 10.0.0.71:54872] AH01991: SSL input filter read failed.
[Tue Mar 15 10:10:51.558288 2022] [ssl:debug] [pid 12014] ssl_engine_io.c(993): [client 10.0.0.71:54872] AH02001: Connection closed to child 12 with standard shutdown (server videom.hpdd.ru:443)
[Tue Mar 15 10:10:51.558673 2022] [ssl:info] [pid 12018] (70007)The timeout specified has expired: [client 10.0.0.71:54870] AH01991: SSL input filter read failed.
[Tue Mar 15 10:10:51.558723 2022] [ssl:debug] [pid 12018] ssl_engine_io.c(993): [client 10.0.0.71:54870] AH02001: Connection closed to child 16 with standard shutdown (server videom.hpdd.ru:443)
[Tue Mar 15 10:10:53.707440 2022] [ssl:info] [pid 12023] (70007)The timeout specified has expired: [client 192.168.121.84:65520] AH01991: SSL input filter read failed.
[Tue Mar 15 10:10:53.707523 2022] [ssl:debug] [pid 12023] ssl_engine_io.c(993): [client 192.168.121.84:65520] AH02001: Connection closed to child 21 with standard shutdown (server videom.hpdd.ru:443)
[Tue Mar 15 10:10:53.910233 2022] [ssl:info] [pid 12019] (70007)The timeout specified has expired: [client 192.168.121.84:65519] AH01991: SSL input filter read failed.
[Tue Mar 15 10:10:53.910327 2022] [ssl:debug] [pid 12019] ssl_engine_io.c(993): [client 192.168.121.84:65519] AH02001: Connection closed to child 17 with standard shutdown (server videom.hpdd.ru:443)
[Tue Mar 15 10:11:02.729516 2022] [ssl:debug] [pid 12020] ssl_engine_kernel.c(225): [client 192.168.121.84:65521] AH02034: Initial (No.1) HTTPS request received for child 18 (server videom.hpdd.ru:443), referer: https://videom.hpdd.ru/service/welcome
[Tue Mar 15 10:11:02.729894 2022] [authz_core:debug] [pid 12020] mod_authz_core.c(835): [client 192.168.121.84:65521] AH01628: authorization result: granted (no directives), referer: https://videom.hpdd.ru/service/welcome
[Tue Mar 15 10:11:02.729963 2022] [authz_core:debug] [pid 12020] mod_authz_core.c(835): [client 192.168.121.84:65521] AH01628: authorization result: granted (no directives), referer: https://videom.hpdd.ru/service/welcome
[Tue Mar 15 10:11:07.611677 2022] [reqtimeout:info] [pid 12021] [client 10.0.0.71:54874] AH01382: Request header read timeout
[Tue Mar 15 10:11:07.611729 2022] [ssl:info] [pid 12021] (70007)The timeout specified has expired: [client 10.0.0.71:54874] AH01991: SSL input filter read failed.
[Tue Mar 15 10:11:07.611802 2022] [ssl:debug] [pid 12021] ssl_engine_io.c(993): [client 10.0.0.71:54874] AH02001: Connection closed to child 19 with standard shutdown (server videom.hpdd.ru:443)
[Tue Mar 15 10:11:07.802371 2022] [ssl:info] [pid 12020] (70007)The timeout specified has expired: [client 192.168.121.84:65521] AH01991: SSL input filter read failed.
[Tue Mar 15 10:11:07.802467 2022] [ssl:debug] [pid 12020] ssl_engine_io.c(993): [client 192.168.121.84:65521] AH02001: Connection closed to child 18 with standard shutdown (server videom.hpdd.ru:443)
[Tue Mar 15 10:31:15.205188 2022] [ssl:info] [pid 12027] [client 192.168.121.84:49910] AH01964: Connection to child 25 established (server videom.hpdd.ru:443)
[Tue Mar 15 10:31:15.205374 2022] [ssl:debug] [pid 12027] ssl_engine_kernel.c(1891): [client 192.168.121.84:49910] AH02043: SSL virtual host for servername videom.hpdd.ru found
[Tue Mar 15 10:31:15.207097 2022] [ssl:info] [pid 12025] [client 192.168.121.84:49911] AH01964: Connection to child 23 established (server videom.hpdd.ru:443)
[Tue Mar 15 10:31:15.207204 2022] [ssl:debug] [pid 12025] ssl_engine_kernel.c(1891): [client 192.168.121.84:49911] AH02043: SSL virtual host for servername videom.hpdd.ru found
[Tue Mar 15 10:31:15.218926 2022] [ssl:debug] [pid 12027] ssl_engine_kernel.c(1824): [client 192.168.121.84:49910] AH02041: Protocol: TLSv1.2, Cipher: ECDHE-RSA-AES128-GCM-SHA256 (128/128 bits)
[Tue Mar 15 10:31:15.222155 2022] [ssl:debug] [pid 12025] ssl_engine_kernel.c(1824): [client 192.168.121.84:49911] AH02041: Protocol: TLSv1.2, Cipher: ECDHE-RSA-AES128-GCM-SHA256 (128/128 bits)
[Tue Mar 15 10:31:15.222629 2022] [ssl:debug] [pid 12027] ssl_engine_kernel.c(225): [client 192.168.121.84:49910] AH02034: Initial (No.1) HTTPS request received for child 25 (server videom.hpdd.ru:443), referer: https://videom.hpdd.ru/service/welcome
[Tue Mar 15 10:31:15.222942 2022] [authz_core:debug] [pid 12027] mod_authz_core.c(835): [client 192.168.121.84:49910] AH01628: authorization result: granted (no directives), referer: https://videom.hpdd.ru/service/welcome
[Tue Mar 15 10:31:15.222999 2022] [authz_core:debug] [pid 12027] mod_authz_core.c(835): [client 192.168.121.84:49910] AH01628: authorization result: granted (no directives), referer: https://videom.hpdd.ru/service/welcome
[Tue Mar 15 10:31:15.263789 2022] [ssl:debug] [pid 12027] ssl_engine_kernel.c(225): [client 192.168.121.84:49910] AH02034: Subsequent (No.2) HTTPS request received for child 25 (server videom.hpdd.ru:443), referer: https://videom.hpdd.ru/service/welcome
[Tue Mar 15 10:31:15.264084 2022] [authz_core:debug] [pid 12027] mod_authz_core.c(835): [client 192.168.121.84:49910] AH01628: authorization result: granted (no directives), referer: https://videom.hpdd.ru/service/welcome
[Tue Mar 15 10:31:15.264142 2022] [authz_core:debug] [pid 12027] mod_authz_core.c(835): [client 192.168.121.84:49910] AH01628: authorization result: granted (no directives), referer: https://videom.hpdd.ru/service/welcome
[Tue Mar 15 10:31:15.321597 2022] [ssl:debug] [pid 12027] ssl_engine_kernel.c(225): [client 192.168.121.84:49910] AH02034: Subsequent (No.3) HTTPS request received for child 25 (server videom.hpdd.ru:443), referer: https://videom.hpdd.ru/service/welcome
[Tue Mar 15 10:31:15.321906 2022] [authz_core:debug] [pid 12027] mod_authz_core.c(835): [client 192.168.121.84:49910] AH01628: authorization result: granted (no directives), referer: https://videom.hpdd.ru/service/welcome
[Tue Mar 15 10:31:15.321963 2022] [authz_core:debug] [pid 12027] mod_authz_core.c(835): [client 192.168.121.84:49910] AH01628: authorization result: granted (no directives), referer: https://videom.hpdd.ru/service/welcome
[Tue Mar 15 10:31:15.646942 2022] [ssl:debug] [pid 12027] ssl_engine_kernel.c(225): [client 192.168.121.84:49910] AH02034: Subsequent (No.4) HTTPS request received for child 25 (server videom.hpdd.ru:443), referer: https://videom.hpdd.ru/service/welcome
[Tue Mar 15 10:31:15.647300 2022] [authz_core:debug] [pid 12027] mod_authz_core.c(835): [client 192.168.121.84:49910] AH01628: authorization result: granted (no directives), referer: https://videom.hpdd.ru/service/welcome
[Tue Mar 15 10:31:15.647740 2022] [ssl:debug] [pid 12025] ssl_engine_kernel.c(225): [client 192.168.121.84:49911] AH02034: Initial (No.1) HTTPS request received for child 23 (server videom.hpdd.ru:443), referer: https://videom.hpdd.ru/service/welcome
[Tue Mar 15 10:31:15.647986 2022] [authz_core:debug] [pid 12025] mod_authz_core.c(835): [client 192.168.121.84:49911] AH01628: authorization result: granted (no directives), referer: https://videom.hpdd.ru/service/welcome
[Tue Mar 15 10:31:15.650901 2022] [ssl:debug] [pid 12027] ssl_engine_kernel.c(225): [client 192.168.121.84:49910] AH02034: Subsequent (No.5) HTTPS request received for child 25 (server videom.hpdd.ru:443), referer: https://videom.hpdd.ru/service/welcome
[Tue Mar 15 10:31:15.651130 2022] [authz_core:debug] [pid 12027] mod_authz_core.c(835): [client 192.168.121.84:49910] AH01628: authorization result: granted (no directives), referer: https://videom.hpdd.ru/service/welcome
[Tue Mar 15 10:31:15.661462 2022] [ssl:info] [pid 12028] [client 192.168.121.84:49913] AH01964: Connection to child 26 established (server videom.hpdd.ru:443)
[Tue Mar 15 10:31:15.661599 2022] [ssl:debug] [pid 12028] ssl_engine_kernel.c(1891): [client 192.168.121.84:49913] AH02043: SSL virtual host for servername videom.hpdd.ru found
[Tue Mar 15 10:31:15.665438 2022] [ssl:debug] [pid 12028] ssl_engine_kernel.c(1824): [client 192.168.121.84:49913] AH02041: Protocol: TLSv1.2, Cipher: ECDHE-RSA-AES128-GCM-SHA256 (128/128 bits)
[Tue Mar 15 10:31:15.855694 2022] [ssl:debug] [pid 12027] ssl_engine_kernel.c(225): [client 192.168.121.84:49910] AH02034: Subsequent (No.6) HTTPS request received for child 25 (server videom.hpdd.ru:443), referer: https://videom.hpdd.ru/service/welcome
[Tue Mar 15 10:31:15.856011 2022] [authz_core:debug] [pid 12027] mod_authz_core.c(835): [client 192.168.121.84:49910] AH01628: authorization result: granted (no directives), referer: https://videom.hpdd.ru/service/welcome
[Tue Mar 15 10:31:15.856066 2022] [authz_core:debug] [pid 12027] mod_authz_core.c(835): [client 192.168.121.84:49910] AH01628: authorization result: granted (no directives), referer: https://videom.hpdd.ru/service/welcome
[Tue Mar 15 10:31:18.107879 2022] [ssl:debug] [pid 12027] ssl_engine_kernel.c(225): [client 192.168.121.84:49910] AH02034: Subsequent (No.7) HTTPS request received for child 25 (server videom.hpdd.ru:443), referer: https://videom.hpdd.ru/service/welcome
[Tue Mar 15 10:31:18.108213 2022] [authz_core:debug] [pid 12027] mod_authz_core.c(835): [client 192.168.121.84:49910] AH01628: authorization result: granted (no directives), referer: https://videom.hpdd.ru/service/welcome
[Tue Mar 15 10:31:18.108268 2022] [authz_core:debug] [pid 12027] mod_authz_core.c(835): [client 192.168.121.84:49910] AH01628: authorization result: granted (no directives), referer: https://videom.hpdd.ru/service/welcome
[Tue Mar 15 10:31:18.150391 2022] [ssl:debug] [pid 12027] ssl_engine_kernel.c(225): [client 192.168.121.84:49910] AH02034: Subsequent (No.8) HTTPS request received for child 25 (server videom.hpdd.ru:443), referer: https://videom.hpdd.ru/service/welcome
[Tue Mar 15 10:31:18.150712 2022] [authz_core:debug] [pid 12027] mod_authz_core.c(835): [client 192.168.121.84:49910] AH01628: authorization result: granted (no directives), referer: https://videom.hpdd.ru/service/welcome
[Tue Mar 15 10:31:18.150770 2022] [authz_core:debug] [pid 12027] mod_authz_core.c(835): [client 192.168.121.84:49910] AH01628: authorization result: granted (no directives), referer: https://videom.hpdd.ru/service/welcome
[Tue Mar 15 10:31:18.194906 2022] [ssl:debug] [pid 12027] ssl_engine_kernel.c(225): [client 192.168.121.84:49910] AH02034: Subsequent (No.9) HTTPS request received for child 25 (server videom.hpdd.ru:443), referer: https://videom.hpdd.ru/service/welcome
[Tue Mar 15 10:31:18.195185 2022] [authz_core:debug] [pid 12027] mod_authz_core.c(835): [client 192.168.121.84:49910] AH01628: authorization result: granted (no directives), referer: https://videom.hpdd.ru/service/welcome
[Tue Mar 15 10:31:18.195237 2022] [authz_core:debug] [pid 12027] mod_authz_core.c(835): [client 192.168.121.84:49910] AH01628: authorization result: granted (no directives), referer: https://videom.hpdd.ru/service/welcome
[Tue Mar 15 10:31:18.351794 2022] [ssl:debug] [pid 12027] ssl_engine_kernel.c(225): [client 192.168.121.84:49910] AH02034: Subsequent (No.10) HTTPS request received for child 25 (server videom.hpdd.ru:443), referer: https://videom.hpdd.ru/service/welcome
[Tue Mar 15 10:31:18.352225 2022] [authz_core:debug] [pid 12027] mod_authz_core.c(835): [client 192.168.121.84:49910] AH01628: authorization result: granted (no directives), referer: https://videom.hpdd.ru/service/welcome
[Tue Mar 15 10:31:18.352315 2022] [authz_core:debug] [pid 12027] mod_authz_core.c(835): [client 192.168.121.84:49910] AH01628: authorization result: granted (no directives), referer: https://videom.hpdd.ru/service/welcome
[Tue Mar 15 10:31:20.653150 2022] [ssl:info] [pid 12025] (70007)The timeout specified has expired: [client 192.168.121.84:49911] AH01991: SSL input filter read failed.
[Tue Mar 15 10:31:20.653245 2022] [ssl:debug] [pid 12025] ssl_engine_io.c(993): [client 192.168.121.84:49911] AH02001: Connection closed to child 23 with standard shutdown (server videom.hpdd.ru:443)
[Tue Mar 15 10:31:23.391923 2022] [ssl:info] [pid 12027] (70007)The timeout specified has expired: [client 192.168.121.84:49910] AH01991: SSL input filter read failed.
[Tue Mar 15 10:31:23.392013 2022] [ssl:debug] [pid 12027] ssl_engine_io.c(993): [client 192.168.121.84:49910] AH02001: Connection closed to child 25 with standard shutdown (server videom.hpdd.ru:443)
[Tue Mar 15 10:31:23.568954 2022] [ssl:debug] [pid 12028] ssl_engine_kernel.c(225): [client 192.168.121.84:49913] AH02034: Initial (No.1) HTTPS request received for child 26 (server videom.hpdd.ru:443), referer: https://videom.hpdd.ru/service/welcome
[Tue Mar 15 10:31:23.569276 2022] [authz_core:debug] [pid 12028] mod_authz_core.c(835): [client 192.168.121.84:49913] AH01628: authorization result: granted (no directives), referer: https://videom.hpdd.ru/service/welcome
[Tue Mar 15 10:31:23.569330 2022] [authz_core:debug] [pid 12028] mod_authz_core.c(835): [client 192.168.121.84:49913] AH01628: authorization result: granted (no directives), referer: https://videom.hpdd.ru/service/welcome
[Tue Mar 15 10:31:23.581757 2022] [ssl:info] [pid 12022] [client 192.168.121.84:49915] AH01964: Connection to child 20 established (server videom.hpdd.ru:443)
[Tue Mar 15 10:31:23.581915 2022] [ssl:debug] [pid 12022] ssl_engine_kernel.c(1891): [client 192.168.121.84:49915] AH02043: SSL virtual host for servername videom.hpdd.ru found
[Tue Mar 15 10:31:23.585504 2022] [ssl:debug] [pid 12022] ssl_engine_kernel.c(1824): [client 192.168.121.84:49915] AH02041: Protocol: TLSv1.2, Cipher: ECDHE-RSA-AES128-GCM-SHA256 (128/128 bits)
[Tue Mar 15 10:31:23.621511 2022] [ssl:debug] [pid 12028] ssl_engine_kernel.c(225): [client 192.168.121.84:49913] AH02034: Subsequent (No.2) HTTPS request received for child 26 (server videom.hpdd.ru:443), referer: https://videom.hpdd.ru/service/welcome
[Tue Mar 15 10:31:23.621807 2022] [authz_core:debug] [pid 12028] mod_authz_core.c(835): [client 192.168.121.84:49913] AH01628: authorization result: granted (no directives), referer: https://videom.hpdd.ru/service/welcome
[Tue Mar 15 10:31:23.621868 2022] [authz_core:debug] [pid 12028] mod_authz_core.c(835): [client 192.168.121.84:49913] AH01628: authorization result: granted (no directives), referer: https://videom.hpdd.ru/service/welcome
[Tue Mar 15 10:31:23.662102 2022] [ssl:debug] [pid 12028] ssl_engine_kernel.c(225): [client 192.168.121.84:49913] AH02034: Subsequent (No.3) HTTPS request received for child 26 (server videom.hpdd.ru:443), referer: https://videom.hpdd.ru/service/welcome
[Tue Mar 15 10:31:23.662388 2022] [authz_core:debug] [pid 12028] mod_authz_core.c(835): [client 192.168.121.84:49913] AH01628: authorization result: granted (no directives), referer: https://videom.hpdd.ru/service/welcome
[Tue Mar 15 10:31:23.662441 2022] [authz_core:debug] [pid 12028] mod_authz_core.c(835): [client 192.168.121.84:49913] AH01628: authorization result: granted (no directives), referer: https://videom.hpdd.ru/service/welcome
[Tue Mar 15 10:31:23.785272 2022] [ssl:debug] [pid 12028] ssl_engine_kernel.c(225): [client 192.168.121.84:49913] AH02034: Subsequent (No.4) HTTPS request received for child 26 (server videom.hpdd.ru:443), referer: https://videom.hpdd.ru/service/welcome
[Tue Mar 15 10:31:23.785599 2022] [authz_core:debug] [pid 12028] mod_authz_core.c(835): [client 192.168.121.84:49913] AH01628: authorization result: granted (no directives), referer: https://videom.hpdd.ru/service/welcome
[Tue Mar 15 10:31:23.785686 2022] [authz_core:debug] [pid 12028] mod_authz_core.c(835): [client 192.168.121.84:49913] AH01628: authorization result: granted (no directives), referer: https://videom.hpdd.ru/service/welcome
[Tue Mar 15 10:31:24.466047 2022] [ssl:debug] [pid 12028] ssl_engine_kernel.c(225): [client 192.168.121.84:49913] AH02034: Subsequent (No.5) HTTPS request received for child 26 (server videom.hpdd.ru:443), referer: https://videom.hpdd.ru/service/welcome
[Tue Mar 15 10:31:24.466378 2022] [authz_core:debug] [pid 12028] mod_authz_core.c(835): [client 192.168.121.84:49913] AH01628: authorization result: granted (no directives), referer: https://videom.hpdd.ru/service/welcome
[Tue Mar 15 10:31:24.466432 2022] [authz_core:debug] [pid 12028] mod_authz_core.c(835): [client 192.168.121.84:49913] AH01628: authorization result: granted (no directives), referer: https://videom.hpdd.ru/service/welcome
[Tue Mar 15 10:31:24.509794 2022] [ssl:debug] [pid 12028] ssl_engine_kernel.c(225): [client 192.168.121.84:49913] AH02034: Subsequent (No.6) HTTPS request received for child 26 (server videom.hpdd.ru:443), referer: https://videom.hpdd.ru/service/welcome
[Tue Mar 15 10:31:24.510056 2022] [authz_core:debug] [pid 12028] mod_authz_core.c(835): [client 192.168.121.84:49913] AH01628: authorization result: granted (no directives), referer: https://videom.hpdd.ru/service/welcome
[Tue Mar 15 10:31:24.510106 2022] [authz_core:debug] [pid 12028] mod_authz_core.c(835): [client 192.168.121.84:49913] AH01628: authorization result: granted (no directives), referer: https://videom.hpdd.ru/service/welcome
[Tue Mar 15 10:31:24.552258 2022] [ssl:debug] [pid 12028] ssl_engine_kernel.c(225): [client 192.168.121.84:49913] AH02034: Subsequent (No.7) HTTPS request received for child 26 (server videom.hpdd.ru:443), referer: https://videom.hpdd.ru/service/welcome
[Tue Mar 15 10:31:24.552559 2022] [authz_core:debug] [pid 12028] mod_authz_core.c(835): [client 192.168.121.84:49913] AH01628: authorization result: granted (no directives), referer: https://videom.hpdd.ru/service/welcome
[Tue Mar 15 10:31:24.552611 2022] [authz_core:debug] [pid 12028] mod_authz_core.c(835): [client 192.168.121.84:49913] AH01628: authorization result: granted (no directives), referer: https://videom.hpdd.ru/service/welcome
[Tue Mar 15 10:31:24.686188 2022] [ssl:debug] [pid 12028] ssl_engine_kernel.c(225): [client 192.168.121.84:49913] AH02034: Subsequent (No.8) HTTPS request received for child 26 (server videom.hpdd.ru:443), referer: https://videom.hpdd.ru/service/welcome
[Tue Mar 15 10:31:24.686510 2022] [authz_core:debug] [pid 12028] mod_authz_core.c(835): [client 192.168.121.84:49913] AH01628: authorization result: granted (no directives), referer: https://videom.hpdd.ru/service/welcome
[Tue Mar 15 10:31:24.686564 2022] [authz_core:debug] [pid 12028] mod_authz_core.c(835): [client 192.168.121.84:49913] AH01628: authorization result: granted (no directives), referer: https://videom.hpdd.ru/service/welcome
[Tue Mar 15 10:31:25.129668 2022] [ssl:debug] [pid 12028] ssl_engine_kernel.c(225): [client 192.168.121.84:49913] AH02034: Subsequent (No.9) HTTPS request received for child 26 (server videom.hpdd.ru:443), referer: https://videom.hpdd.ru/service/welcome
[Tue Mar 15 10:31:25.129997 2022] [authz_core:debug] [pid 12028] mod_authz_core.c(835): [client 192.168.121.84:49913] AH01628: authorization result: granted (no directives), referer: https://videom.hpdd.ru/service/welcome
[Tue Mar 15 10:31:25.130052 2022] [authz_core:debug] [pid 12028] mod_authz_core.c(835): [client 192.168.121.84:49913] AH01628: authorization result: granted (no directives), referer: https://videom.hpdd.ru/service/welcome
[Tue Mar 15 10:31:25.171835 2022] [ssl:debug] [pid 12028] ssl_engine_kernel.c(225): [client 192.168.121.84:49913] AH02034: Subsequent (No.10) HTTPS request received for child 26 (server videom.hpdd.ru:443), referer: https://videom.hpdd.ru/service/welcome
[Tue Mar 15 10:31:25.172095 2022] [authz_core:debug] [pid 12028] mod_authz_core.c(835): [client 192.168.121.84:49913] AH01628: authorization result: granted (no directives), referer: https://videom.hpdd.ru/service/welcome
[Tue Mar 15 10:31:25.172152 2022] [authz_core:debug] [pid 12028] mod_authz_core.c(835): [client 192.168.121.84:49913] AH01628: authorization result: granted (no directives), referer: https://videom.hpdd.ru/service/welcome
[Tue Mar 15 10:31:25.214218 2022] [ssl:debug] [pid 12028] ssl_engine_kernel.c(225): [client 192.168.121.84:49913] AH02034: Subsequent (No.11) HTTPS request received for child 26 (server videom.hpdd.ru:443), referer: https://videom.hpdd.ru/service/welcome
[Tue Mar 15 10:31:25.214502 2022] [authz_core:debug] [pid 12028] mod_authz_core.c(835): [client 192.168.121.84:49913] AH01628: authorization result: granted (no directives), referer: https://videom.hpdd.ru/service/welcome
[Tue Mar 15 10:31:25.214553 2022] [authz_core:debug] [pid 12028] mod_authz_core.c(835): [client 192.168.121.84:49913] AH01628: authorization result: granted (no directives), referer: https://videom.hpdd.ru/service/welcome
[Tue Mar 15 10:31:25.343997 2022] [ssl:debug] [pid 12028] ssl_engine_kernel.c(225): [client 192.168.121.84:49913] AH02034: Subsequent (No.12) HTTPS request received for child 26 (server videom.hpdd.ru:443), referer: https://videom.hpdd.ru/service/welcome
[Tue Mar 15 10:31:25.344982 2022] [authz_core:debug] [pid 12028] mod_authz_core.c(835): [client 192.168.121.84:49913] AH01628: authorization result: granted (no directives), referer: https://videom.hpdd.ru/service/welcome
[Tue Mar 15 10:31:25.345042 2022] [authz_core:debug] [pid 12028] mod_authz_core.c(835): [client 192.168.121.84:49913] AH01628: authorization result: granted (no directives), referer: https://videom.hpdd.ru/service/welcome
[Tue Mar 15 10:31:25.802339 2022] [ssl:debug] [pid 12028] ssl_engine_kernel.c(225): [client 192.168.121.84:49913] AH02034: Subsequent (No.13) HTTPS request received for child 26 (server videom.hpdd.ru:443), referer: https://videom.hpdd.ru/service/welcome
[Tue Mar 15 10:31:25.802648 2022] [authz_core:debug] [pid 12028] mod_authz_core.c(835): [client 192.168.121.84:49913] AH01628: authorization result: granted (no directives), referer: https://videom.hpdd.ru/service/welcome
[Tue Mar 15 10:31:25.802741 2022] [authz_core:debug] [pid 12028] mod_authz_core.c(835): [client 192.168.121.84:49913] AH01628: authorization result: granted (no directives), referer: https://videom.hpdd.ru/service/welcome
[Tue Mar 15 10:31:25.847980 2022] [ssl:debug] [pid 12028] ssl_engine_kernel.c(225): [client 192.168.121.84:49913] AH02034: Subsequent (No.14) HTTPS request received for child 26 (server videom.hpdd.ru:443), referer: https://videom.hpdd.ru/service/welcome
[Tue Mar 15 10:31:25.848252 2022] [authz_core:debug] [pid 12028] mod_authz_core.c(835): [client 192.168.121.84:49913] AH01628: authorization result: granted (no directives), referer: https://videom.hpdd.ru/service/welcome
[Tue Mar 15 10:31:25.848303 2022] [authz_core:debug] [pid 12028] mod_authz_core.c(835): [client 192.168.121.84:49913] AH01628: authorization result: granted (no directives), referer: https://videom.hpdd.ru/service/welcome
[Tue Mar 15 10:31:25.893914 2022] [ssl:debug] [pid 12028] ssl_engine_kernel.c(225): [client 192.168.121.84:49913] AH02034: Subsequent (No.15) HTTPS request received for child 26 (server videom.hpdd.ru:443), referer: https://videom.hpdd.ru/service/welcome
[Tue Mar 15 10:31:25.894193 2022] [authz_core:debug] [pid 12028] mod_authz_core.c(835): [client 192.168.121.84:49913] AH01628: authorization result: granted (no directives), referer: https://videom.hpdd.ru/service/welcome
[Tue Mar 15 10:31:25.894244 2022] [authz_core:debug] [pid 12028] mod_authz_core.c(835): [client 192.168.121.84:49913] AH01628: authorization result: granted (no directives), referer: https://videom.hpdd.ru/service/welcome
[Tue Mar 15 10:31:26.012479 2022] [ssl:debug] [pid 12028] ssl_engine_kernel.c(225): [client 192.168.121.84:49913] AH02034: Subsequent (No.16) HTTPS request received for child 26 (server videom.hpdd.ru:443), referer: https://videom.hpdd.ru/service/welcome
[Tue Mar 15 10:31:26.012885 2022] [authz_core:debug] [pid 12028] mod_authz_core.c(835): [client 192.168.121.84:49913] AH01628: authorization result: granted (no directives), referer: https://videom.hpdd.ru/service/welcome
[Tue Mar 15 10:31:26.012944 2022] [authz_core:debug] [pid 12028] mod_authz_core.c(835): [client 192.168.121.84:49913] AH01628: authorization result: granted (no directives), referer: https://videom.hpdd.ru/service/welcome
[Tue Mar 15 10:31:30.871035 2022] [ssl:debug] [pid 12028] ssl_engine_kernel.c(225): [client 192.168.121.84:49913] AH02034: Subsequent (No.17) HTTPS request received for child 26 (server videom.hpdd.ru:443), referer: https://videom.hpdd.ru/service/welcome
[Tue Mar 15 10:31:30.871368 2022] [authz_core:debug] [pid 12028] mod_authz_core.c(835): [client 192.168.121.84:49913] AH01628: authorization result: granted (no directives), referer: https://videom.hpdd.ru/service/welcome
[Tue Mar 15 10:31:30.871422 2022] [authz_core:debug] [pid 12028] mod_authz_core.c(835): [client 192.168.121.84:49913] AH01628: authorization result: granted (no directives), referer: https://videom.hpdd.ru/service/welcome
[Tue Mar 15 10:31:30.910921 2022] [ssl:debug] [pid 12028] ssl_engine_kernel.c(225): [client 192.168.121.84:49913] AH02034: Subsequent (No.18) HTTPS request received for child 26 (server videom.hpdd.ru:443), referer: https://videom.hpdd.ru/service/welcome
[Tue Mar 15 10:31:30.911203 2022] [authz_core:debug] [pid 12028] mod_authz_core.c(835): [client 192.168.121.84:49913] AH01628: authorization result: granted (no directives), referer: https://videom.hpdd.ru/service/welcome
[Tue Mar 15 10:31:30.911256 2022] [authz_core:debug] [pid 12028] mod_authz_core.c(835): [client 192.168.121.84:49913] AH01628: authorization result: granted (no directives), referer: https://videom.hpdd.ru/service/welcome
[Tue Mar 15 10:31:30.957335 2022] [ssl:debug] [pid 12028] ssl_engine_kernel.c(225): [client 192.168.121.84:49913] AH02034: Subsequent (No.19) HTTPS request received for child 26 (server videom.hpdd.ru:443), referer: https://videom.hpdd.ru/service/welcome
[Tue Mar 15 10:31:30.957616 2022] [authz_core:debug] [pid 12028] mod_authz_core.c(835): [client 192.168.121.84:49913] AH01628: authorization result: granted (no directives), referer: https://videom.hpdd.ru/service/welcome
[Tue Mar 15 10:31:30.957720 2022] [authz_core:debug] [pid 12028] mod_authz_core.c(835): [client 192.168.121.84:49913] AH01628: authorization result: granted (no directives), referer: https://videom.hpdd.ru/service/welcome
[Tue Mar 15 10:31:31.159766 2022] [ssl:debug] [pid 12028] ssl_engine_kernel.c(225): [client 192.168.121.84:49913] AH02034: Subsequent (No.20) HTTPS request received for child 26 (server videom.hpdd.ru:443), referer: https://videom.hpdd.ru/service/welcome
[Tue Mar 15 10:31:31.160096 2022] [authz_core:debug] [pid 12028] mod_authz_core.c(835): [client 192.168.121.84:49913] AH01628: authorization result: granted (no directives), referer: https://videom.hpdd.ru/service/welcome
[Tue Mar 15 10:31:31.160150 2022] [authz_core:debug] [pid 12028] mod_authz_core.c(835): [client 192.168.121.84:49913] AH01628: authorization result: granted (no directives), referer: https://videom.hpdd.ru/service/welcome
[Tue Mar 15 10:31:35.211523 2022] [ssl:debug] [pid 12028] ssl_engine_kernel.c(225): [client 192.168.121.84:49913] AH02034: Subsequent (No.21) HTTPS request received for child 26 (server videom.hpdd.ru:443), referer: https://videom.hpdd.ru/service/welcome
[Tue Mar 15 10:31:35.211922 2022] [authz_core:debug] [pid 12028] mod_authz_core.c(835): [client 192.168.121.84:49913] AH01628: authorization result: granted (no directives), referer: https://videom.hpdd.ru/service/welcome
[Tue Mar 15 10:31:35.211980 2022] [authz_core:debug] [pid 12028] mod_authz_core.c(835): [client 192.168.121.84:49913] AH01628: authorization result: granted (no directives), referer: https://videom.hpdd.ru/service/welcome
[Tue Mar 15 10:31:35.276725 2022] [ssl:debug] [pid 12028] ssl_engine_kernel.c(225): [client 192.168.121.84:49913] AH02034: Subsequent (No.22) HTTPS request received for child 26 (server videom.hpdd.ru:443), referer: https://videom.hpdd.ru/service/welcome
[Tue Mar 15 10:31:35.277044 2022] [authz_core:debug] [pid 12028] mod_authz_core.c(835): [client 192.168.121.84:49913] AH01628: authorization result: granted (no directives), referer: https://videom.hpdd.ru/service/welcome
[Tue Mar 15 10:31:35.277098 2022] [authz_core:debug] [pid 12028] mod_authz_core.c(835): [client 192.168.121.84:49913] AH01628: authorization result: granted (no directives), referer: https://videom.hpdd.ru/service/welcome
[Tue Mar 15 10:31:35.436754 2022] [ssl:debug] [pid 12028] ssl_engine_kernel.c(225): [client 192.168.121.84:49913] AH02034: Subsequent (No.23) HTTPS request received for child 26 (server videom.hpdd.ru:443), referer: https://videom.hpdd.ru/service/welcome
[Tue Mar 15 10:31:35.436770 2022] [ssl:debug] [pid 12022] ssl_engine_kernel.c(225): [client 192.168.121.84:49915] AH02034: Initial (No.1) HTTPS request received for child 20 (server videom.hpdd.ru:443), referer: https://videom.hpdd.ru/service/welcome
[Tue Mar 15 10:31:35.437061 2022] [authz_core:debug] [pid 12022] mod_authz_core.c(835): [client 192.168.121.84:49915] AH01628: authorization result: granted (no directives), referer: https://videom.hpdd.ru/service/welcome
[Tue Mar 15 10:31:35.437061 2022] [authz_core:debug] [pid 12028] mod_authz_core.c(835): [client 192.168.121.84:49913] AH01628: authorization result: granted (no directives), referer: https://videom.hpdd.ru/service/welcome
[Tue Mar 15 10:31:35.437114 2022] [authz_core:debug] [pid 12022] mod_authz_core.c(835): [client 192.168.121.84:49915] AH01628: authorization result: granted (no directives), referer: https://videom.hpdd.ru/service/welcome
[Tue Mar 15 10:31:35.437114 2022] [authz_core:debug] [pid 12028] mod_authz_core.c(835): [client 192.168.121.84:49913] AH01628: authorization result: granted (no directives), referer: https://videom.hpdd.ru/service/welcome
[Tue Mar 15 10:31:35.454551 2022] [ssl:info] [pid 12024] [client 192.168.121.84:49928] AH01964: Connection to child 22 established (server videom.hpdd.ru:443)
[Tue Mar 15 10:31:35.454738 2022] [ssl:debug] [pid 12024] ssl_engine_kernel.c(1891): [client 192.168.121.84:49928] AH02043: SSL virtual host for servername videom.hpdd.ru found
[Tue Mar 15 10:31:35.458205 2022] [ssl:debug] [pid 12024] ssl_engine_kernel.c(1824): [client 192.168.121.84:49928] AH02041: Protocol: TLSv1.2, Cipher: ECDHE-RSA-AES128-GCM-SHA256 (128/128 bits)
[Tue Mar 15 10:31:35.458263 2022] [ssl:debug] [pid 12024] ssl_engine_kernel.c(225): [client 192.168.121.84:49928] AH02034: Initial (No.1) HTTPS request received for child 22 (server videom.hpdd.ru:443)
[Tue Mar 15 10:31:35.458363 2022] [authz_core:debug] [pid 12024] mod_authz_core.c(835): [client 192.168.121.84:49928] AH01628: authorization result: granted (no directives)
[Tue Mar 15 10:31:35.458406 2022] [core:info] [pid 12024] [client 192.168.121.84:49928] AH00128: File does not exist: /usr/share/videomost/ws-bind/
[Tue Mar 15 10:31:35.461635 2022] [ssl:info] [pid 12024] (70014)End of file found: [client 192.168.121.84:49928] AH01991: SSL input filter read failed.
[Tue Mar 15 10:31:35.461685 2022] [ssl:debug] [pid 12024] ssl_engine_io.c(993): [client 192.168.121.84:49928] AH02001: Connection closed to child 22 with standard shutdown (server videom.hpdd.ru:443)
[Tue Mar 15 10:31:40.499718 2022] [ssl:info] [pid 12022] (70007)The timeout specified has expired: [client 192.168.121.84:49915] AH01991: SSL input filter read failed.
[Tue Mar 15 10:31:40.499811 2022] [ssl:debug] [pid 12022] ssl_engine_io.c(993): [client 192.168.121.84:49915] AH02001: Connection closed to child 20 with standard shutdown (server videom.hpdd.ru:443)
[Tue Mar 15 10:31:40.511505 2022] [ssl:info] [pid 12028] (70007)The timeout specified has expired: [client 192.168.121.84:49913] AH01991: SSL input filter read failed.
[Tue Mar 15 10:31:40.511561 2022] [ssl:debug] [pid 12028] ssl_engine_io.c(993): [client 192.168.121.84:49913] AH02001: Connection closed to child 26 with standard shutdown (server videom.hpdd.ru:443)
[Tue Mar 15 10:31:42.518268 2022] [ssl:info] [pid 12026] [client 192.168.121.84:49935] AH01964: Connection to child 24 established (server videom.hpdd.ru:443)
[Tue Mar 15 10:31:42.518424 2022] [ssl:debug] [pid 12026] ssl_engine_kernel.c(1891): [client 192.168.121.84:49935] AH02043: SSL virtual host for servername videom.hpdd.ru found
[Tue Mar 15 10:31:42.518695 2022] [ssl:info] [pid 12031] [client 192.168.121.84:49936] AH01964: Connection to child 29 established (server videom.hpdd.ru:443)
[Tue Mar 15 10:31:42.518804 2022] [ssl:debug] [pid 12031] ssl_engine_kernel.c(1891): [client 192.168.121.84:49936] AH02043: SSL virtual host for servername videom.hpdd.ru found
[Tue Mar 15 10:31:42.521880 2022] [ssl:debug] [pid 12026] ssl_engine_kernel.c(1824): [client 192.168.121.84:49935] AH02041: Protocol: TLSv1.2, Cipher: ECDHE-RSA-AES128-GCM-SHA256 (128/128 bits)
[Tue Mar 15 10:31:42.522319 2022] [ssl:debug] [pid 12026] ssl_engine_kernel.c(225): [client 192.168.121.84:49935] AH02034: Initial (No.1) HTTPS request received for child 24 (server videom.hpdd.ru:443), referer: https://videom.hpdd.ru/service/welcome
[Tue Mar 15 10:31:42.522611 2022] [authz_core:debug] [pid 12026] mod_authz_core.c(835): [client 192.168.121.84:49935] AH01628: authorization result: granted (no directives), referer: https://videom.hpdd.ru/service/welcome
[Tue Mar 15 10:31:42.522695 2022] [authz_core:debug] [pid 12026] mod_authz_core.c(835): [client 192.168.121.84:49935] AH01628: authorization result: granted (no directives), referer: https://videom.hpdd.ru/service/welcome
[Tue Mar 15 10:31:42.523567 2022] [ssl:debug] [pid 12031] ssl_engine_kernel.c(1824): [client 192.168.121.84:49936] AH02041: Protocol: TLSv1.2, Cipher: ECDHE-RSA-AES128-GCM-SHA256 (128/128 bits)
[Tue Mar 15 10:31:42.592301 2022] [ssl:debug] [pid 12026] ssl_engine_kernel.c(225): [client 192.168.121.84:49935] AH02034: Subsequent (No.2) HTTPS request received for child 24 (server videom.hpdd.ru:443), referer: https://videom.hpdd.ru/service/welcome
[Tue Mar 15 10:31:42.592600 2022] [authz_core:debug] [pid 12026] mod_authz_core.c(835): [client 192.168.121.84:49935] AH01628: authorization result: granted (no directives), referer: https://videom.hpdd.ru/service/welcome
[Tue Mar 15 10:31:42.592674 2022] [authz_core:debug] [pid 12026] mod_authz_core.c(835): [client 192.168.121.84:49935] AH01628: authorization result: granted (no directives), referer: https://videom.hpdd.ru/service/welcome
[Tue Mar 15 10:31:42.775747 2022] [ssl:debug] [pid 12026] ssl_engine_kernel.c(225): [client 192.168.121.84:49935] AH02034: Subsequent (No.3) HTTPS request received for child 24 (server videom.hpdd.ru:443), referer: https://videom.hpdd.ru/service/admin/users
[Tue Mar 15 10:31:42.776061 2022] [authz_core:debug] [pid 12026] mod_authz_core.c(835): [client 192.168.121.84:49935] AH01628: authorization result: granted (no directives), referer: https://videom.hpdd.ru/service/admin/users
[Tue Mar 15 10:31:42.777038 2022] [ssl:debug] [pid 12031] ssl_engine_kernel.c(225): [client 192.168.121.84:49936] AH02034: Initial (No.1) HTTPS request received for child 29 (server videom.hpdd.ru:443), referer: https://videom.hpdd.ru/service/admin/users
[Tue Mar 15 10:31:42.777291 2022] [authz_core:debug] [pid 12031] mod_authz_core.c(835): [client 192.168.121.84:49936] AH01628: authorization result: granted (no directives), referer: https://videom.hpdd.ru/service/admin/users
[Tue Mar 15 10:31:42.780582 2022] [ssl:debug] [pid 12026] ssl_engine_kernel.c(225): [client 192.168.121.84:49935] AH02034: Subsequent (No.4) HTTPS request received for child 24 (server videom.hpdd.ru:443), referer: https://videom.hpdd.ru/service/admin/users
[Tue Mar 15 10:31:42.780836 2022] [authz_core:debug] [pid 12026] mod_authz_core.c(835): [client 192.168.121.84:49935] AH01628: authorization result: granted (no directives), referer: https://videom.hpdd.ru/service/admin/users
[Tue Mar 15 10:31:42.793692 2022] [ssl:info] [pid 12032] [client 192.168.121.84:49937] AH01964: Connection to child 30 established (server videom.hpdd.ru:443)
[Tue Mar 15 10:31:42.793823 2022] [ssl:debug] [pid 12032] ssl_engine_kernel.c(1891): [client 192.168.121.84:49937] AH02043: SSL virtual host for servername videom.hpdd.ru found
[Tue Mar 15 10:31:42.797089 2022] [ssl:debug] [pid 12032] ssl_engine_kernel.c(1824): [client 192.168.121.84:49937] AH02041: Protocol: TLSv1.2, Cipher: ECDHE-RSA-AES128-GCM-SHA256 (128/128 bits)
