[Mon Mar 14 17:18:18.436121 2022] [ssl:info] [pid 3530] AH02200: Loading certificate & private key of SSL-aware server 'videom.hpdd.ru:443'
[Mon Mar 14 17:18:18.436383 2022] [ssl:debug] [pid 3530] ssl_engine_pphrase.c(506): AH02249: unencrypted RSA private key - pass phrase not required
[Mon Mar 14 17:18:18.436402 2022] [ssl:debug] [pid 3530] ssl_engine_pphrase.c(181): AH02199: SSL not enabled on vhost videom.hpdd.ru:80, skipping SSL setup
[Mon Mar 14 17:18:18.436412 2022] [ssl:info] [pid 3530] AH01914: Configuring server videom.hpdd.ru:443 for SSL protocol
[Mon Mar 14 17:18:18.436530 2022] [ssl:debug] [pid 3530] ssl_engine_init.c(406): AH01893: Configuring TLS extension handling
[Mon Mar 14 17:18:18.436539 2022] [ssl:debug] [pid 3530] ssl_engine_init.c(933): AH02232: Configuring RSA server certificate
[Mon Mar 14 17:18:18.436644 2022] [ssl:debug] [pid 3530] ssl_util_ssl.c(508): AH02412: [videom.hpdd.ru:443] Cert matches for name 'videom.hpdd.ru' [subject: CN=videom.hpdd.ru / issuer: CN=R3,O=Let's Encrypt,C=US / serial: 04B5E98E6C4FC73C5D17F25A77C62FF6E2B8 / notbefore: Mar 11 07:01:34 2022 GMT / notafter: Jun  9 07:01:33 2022 GMT]
[Mon Mar 14 17:18:18.436667 2022] [ssl:debug] [pid 3530] ssl_engine_init.c(988): AH02236: Configuring RSA server private key
[Mon Mar 14 17:18:18.473371 2022] [ssl:info] [pid 3530] AH02200: Loading certificate & private key of SSL-aware server 'videom.hpdd.ru:443'
[Mon Mar 14 17:18:18.473638 2022] [ssl:debug] [pid 3530] ssl_engine_pphrase.c(506): AH02249: unencrypted RSA private key - pass phrase not required
[Mon Mar 14 17:18:18.473673 2022] [ssl:debug] [pid 3530] ssl_engine_pphrase.c(181): AH02199: SSL not enabled on vhost videom.hpdd.ru:80, skipping SSL setup
[Mon Mar 14 17:18:18.473694 2022] [ssl:info] [pid 3530] AH01914: Configuring server videom.hpdd.ru:443 for SSL protocol
[Mon Mar 14 17:18:18.473811 2022] [ssl:debug] [pid 3530] ssl_engine_init.c(406): AH01893: Configuring TLS extension handling
[Mon Mar 14 17:18:18.473821 2022] [ssl:debug] [pid 3530] ssl_engine_init.c(933): AH02232: Configuring RSA server certificate
[Mon Mar 14 17:18:18.473917 2022] [ssl:debug] [pid 3530] ssl_util_ssl.c(508): AH02412: [videom.hpdd.ru:443] Cert matches for name 'videom.hpdd.ru' [subject: CN=videom.hpdd.ru / issuer: CN=R3,O=Let's Encrypt,C=US / serial: 04B5E98E6C4FC73C5D17F25A77C62FF6E2B8 / notbefore: Mar 11 07:01:34 2022 GMT / notafter: Jun  9 07:01:33 2022 GMT]
[Mon Mar 14 17:18:18.473924 2022] [ssl:debug] [pid 3530] ssl_engine_init.c(988): AH02236: Configuring RSA server private key
[Mon Mar 14 17:27:27.165330 2022] [ssl:info] [pid 3845] AH02200: Loading certificate & private key of SSL-aware server 'videom.hpdd.ru:443'
[Mon Mar 14 17:27:27.165592 2022] [ssl:debug] [pid 3845] ssl_engine_pphrase.c(506): AH02249: unencrypted RSA private key - pass phrase not required
[Mon Mar 14 17:27:27.165610 2022] [ssl:debug] [pid 3845] ssl_engine_pphrase.c(181): AH02199: SSL not enabled on vhost videom.hpdd.ru:80, skipping SSL setup
[Mon Mar 14 17:27:27.165622 2022] [ssl:info] [pid 3845] AH01914: Configuring server videom.hpdd.ru:443 for SSL protocol
[Mon Mar 14 17:27:27.165757 2022] [ssl:debug] [pid 3845] ssl_engine_init.c(406): AH01893: Configuring TLS extension handling
[Mon Mar 14 17:27:27.165771 2022] [ssl:debug] [pid 3845] ssl_engine_init.c(933): AH02232: Configuring RSA server certificate
[Mon Mar 14 17:27:27.165879 2022] [ssl:debug] [pid 3845] ssl_util_ssl.c(508): AH02412: [videom.hpdd.ru:443] Cert matches for name 'videom.hpdd.ru' [subject: CN=videom.hpdd.ru / issuer: CN=R3,O=Let's Encrypt,C=US / serial: 04B5E98E6C4FC73C5D17F25A77C62FF6E2B8 / notbefore: Mar 11 07:01:34 2022 GMT / notafter: Jun  9 07:01:33 2022 GMT]
[Mon Mar 14 17:27:27.165887 2022] [ssl:debug] [pid 3845] ssl_engine_init.c(988): AH02236: Configuring RSA server private key
[Mon Mar 14 17:27:27.195922 2022] [ssl:info] [pid 3845] AH02200: Loading certificate & private key of SSL-aware server 'videom.hpdd.ru:443'
[Mon Mar 14 17:27:27.196144 2022] [ssl:debug] [pid 3845] ssl_engine_pphrase.c(506): AH02249: unencrypted RSA private key - pass phrase not required
[Mon Mar 14 17:27:27.196169 2022] [ssl:debug] [pid 3845] ssl_engine_pphrase.c(181): AH02199: SSL not enabled on vhost videom.hpdd.ru:80, skipping SSL setup
[Mon Mar 14 17:27:27.196182 2022] [ssl:info] [pid 3845] AH01914: Configuring server videom.hpdd.ru:443 for SSL protocol
[Mon Mar 14 17:27:27.196295 2022] [ssl:debug] [pid 3845] ssl_engine_init.c(406): AH01893: Configuring TLS extension handling
[Mon Mar 14 17:27:27.196304 2022] [ssl:debug] [pid 3845] ssl_engine_init.c(933): AH02232: Configuring RSA server certificate
[Mon Mar 14 17:27:27.196397 2022] [ssl:debug] [pid 3845] ssl_util_ssl.c(508): AH02412: [videom.hpdd.ru:443] Cert matches for name 'videom.hpdd.ru' [subject: CN=videom.hpdd.ru / issuer: CN=R3,O=Let's Encrypt,C=US / serial: 04B5E98E6C4FC73C5D17F25A77C62FF6E2B8 / notbefore: Mar 11 07:01:34 2022 GMT / notafter: Jun  9 07:01:33 2022 GMT]
[Mon Mar 14 17:27:27.196404 2022] [ssl:debug] [pid 3845] ssl_engine_init.c(988): AH02236: Configuring RSA server private key
[Mon Mar 14 17:27:40.747920 2022] [authz_core:debug] [pid 3857] mod_authz_core.c(835): [client 192.168.121.84:65136] AH01628: authorization result: granted (no directives)
[Mon Mar 14 17:27:40.748410 2022] [authz_core:debug] [pid 3857] mod_authz_core.c(835): [client 192.168.121.84:65136] AH01628: authorization result: granted (no directives)
[Mon Mar 14 17:28:32.166783 2022] [reqtimeout:info] [pid 3858] [client 192.168.121.84:65137] AH01382: Request header read timeout
[Mon Mar 14 17:39:59.774312 2022] [authz_core:debug] [pid 3859] mod_authz_core.c(835): [client 192.168.121.84:65523] AH01628: authorization result: granted (no directives)
[Mon Mar 14 17:39:59.774841 2022] [authz_core:debug] [pid 3859] mod_authz_core.c(835): [client 192.168.121.84:65523] AH01628: authorization result: granted (no directives)
[Mon Mar 14 17:40:24.597221 2022] [authz_core:debug] [pid 3860] mod_authz_core.c(835): [client 192.168.121.84:49163] AH01628: authorization result: granted (no directives)
[Mon Mar 14 17:40:24.597777 2022] [authz_core:debug] [pid 3860] mod_authz_core.c(835): [client 192.168.121.84:49163] AH01628: authorization result: granted (no directives)
[Mon Mar 14 17:40:51.184818 2022] [reqtimeout:info] [pid 3861] [client 192.168.121.84:65524] AH01382: Request header read timeout
[Mon Mar 14 17:42:28.012762 2022] [authz_core:debug] [pid 3862] mod_authz_core.c(835): [client 192.168.121.84:49243] AH01628: authorization result: granted (no directives)
[Mon Mar 14 17:42:28.013237 2022] [authz_core:debug] [pid 3862] mod_authz_core.c(835): [client 192.168.121.84:49243] AH01628: authorization result: granted (no directives)
[Mon Mar 14 17:43:22.266050 2022] [authz_core:debug] [pid 3863] mod_authz_core.c(835): [client 192.168.121.84:49288] AH01628: authorization result: granted (no directives)
[Mon Mar 14 17:43:22.266526 2022] [authz_core:debug] [pid 3863] mod_authz_core.c(835): [client 192.168.121.84:49288] AH01628: authorization result: granted (no directives)
[Mon Mar 14 17:46:23.646133 2022] [ssl:debug] [pid 4193] ssl_engine_pphrase.c(181): AH02199: SSL not enabled on vhost videom.hpdd.ru:80, skipping SSL setup
[Mon Mar 14 17:46:23.677091 2022] [ssl:debug] [pid 4193] ssl_engine_pphrase.c(181): AH02199: SSL not enabled on vhost videom.hpdd.ru:80, skipping SSL setup
[Mon Mar 14 17:46:32.865962 2022] [authz_core:debug] [pid 4205] mod_authz_core.c(835): [client 192.168.121.84:49718] AH01628: authorization result: granted (no directives)
[Mon Mar 14 17:48:07.018588 2022] [authz_core:debug] [pid 4207] mod_authz_core.c(835): [client 192.168.121.84:49782] AH01628: authorization result: granted (no directives)
[Mon Mar 14 17:48:07.018795 2022] [authz_core:debug] [pid 4207] mod_authz_core.c(835): [client 192.168.121.84:49782] AH01628: authorization result: granted (no directives)
[Mon Mar 14 17:48:07.018853 2022] [authz_core:debug] [pid 4207] mod_authz_core.c(835): [client 192.168.121.84:49782] AH01628: authorization result: granted (no directives)
[Mon Mar 14 17:48:07.018893 2022] [autoindex:error] [pid 4207] [client 192.168.121.84:49782] AH01276: Cannot serve directory /usr/share/videomost/: No matching DirectoryIndex (index.html,index.php) found, and server-generated directory index forbidden by Options directive
[Mon Mar 14 17:48:07.019769 2022] [authz_core:debug] [pid 4207] mod_authz_core.c(809): [client 192.168.121.84:49782] AH01626: authorization result of Require all granted: granted
[Mon Mar 14 17:48:07.019781 2022] [authz_core:debug] [pid 4207] mod_authz_core.c(809): [client 192.168.121.84:49782] AH01626: authorization result of <RequireAny>: granted
[Mon Mar 14 17:48:07.043206 2022] [authz_core:debug] [pid 4207] mod_authz_core.c(809): [client 192.168.121.84:49782] AH01626: authorization result of Require all granted: granted, referer: http://videom.hpdd.ru/
[Mon Mar 14 17:48:07.043217 2022] [authz_core:debug] [pid 4207] mod_authz_core.c(809): [client 192.168.121.84:49782] AH01626: authorization result of <RequireAny>: granted, referer: http://videom.hpdd.ru/
[Mon Mar 14 17:48:07.053709 2022] [authz_core:debug] [pid 4208] mod_authz_core.c(809): [client 192.168.121.84:49783] AH01626: authorization result of Require all granted: granted, referer: http://videom.hpdd.ru/
[Mon Mar 14 17:48:07.053756 2022] [authz_core:debug] [pid 4208] mod_authz_core.c(809): [client 192.168.121.84:49783] AH01626: authorization result of <RequireAny>: granted, referer: http://videom.hpdd.ru/
[Mon Mar 14 17:48:07.054918 2022] [authz_core:debug] [pid 4209] mod_authz_core.c(809): [client 192.168.121.84:49785] AH01626: authorization result of Require all granted: granted, referer: http://videom.hpdd.ru/
[Mon Mar 14 17:48:07.054961 2022] [authz_core:debug] [pid 4209] mod_authz_core.c(809): [client 192.168.121.84:49785] AH01626: authorization result of <RequireAny>: granted, referer: http://videom.hpdd.ru/
[Mon Mar 14 17:48:07.057973 2022] [authz_core:debug] [pid 4210] mod_authz_core.c(809): [client 192.168.121.84:49784] AH01626: authorization result of Require all granted: granted, referer: http://videom.hpdd.ru/
[Mon Mar 14 17:48:07.058017 2022] [authz_core:debug] [pid 4210] mod_authz_core.c(809): [client 192.168.121.84:49784] AH01626: authorization result of <RequireAny>: granted, referer: http://videom.hpdd.ru/
[Mon Mar 14 17:48:07.098060 2022] [authz_core:debug] [pid 4210] mod_authz_core.c(835): [client 192.168.121.84:49784] AH01628: authorization result: granted (no directives), referer: http://videom.hpdd.ru/noindex/css/open-sans.css
[Mon Mar 14 17:48:07.098110 2022] [core:info] [pid 4210] [client 192.168.121.84:49784] AH00128: File does not exist: /usr/share/videomost/noindex/css/fonts/Bold/OpenSans-Bold.woff, referer: http://videom.hpdd.ru/noindex/css/open-sans.css
[Mon Mar 14 17:48:07.098205 2022] [authz_core:debug] [pid 4209] mod_authz_core.c(835): [client 192.168.121.84:49785] AH01628: authorization result: granted (no directives), referer: http://videom.hpdd.ru/noindex/css/open-sans.css
[Mon Mar 14 17:48:07.098242 2022] [core:info] [pid 4209] [client 192.168.121.84:49785] AH00128: File does not exist: /usr/share/videomost/noindex/css/fonts/Light/OpenSans-Light.woff, referer: http://videom.hpdd.ru/noindex/css/open-sans.css
[Mon Mar 14 17:48:07.110935 2022] [authz_core:debug] [pid 4210] mod_authz_core.c(835): [client 192.168.121.84:49784] AH01628: authorization result: granted (no directives), referer: http://videom.hpdd.ru/noindex/css/open-sans.css
[Mon Mar 14 17:48:07.110959 2022] [core:info] [pid 4210] [client 192.168.121.84:49784] AH00128: File does not exist: /usr/share/videomost/noindex/css/fonts/Light/OpenSans-Light.ttf, referer: http://videom.hpdd.ru/noindex/css/open-sans.css
[Mon Mar 14 17:48:07.111302 2022] [authz_core:debug] [pid 4209] mod_authz_core.c(835): [client 192.168.121.84:49785] AH01628: authorization result: granted (no directives), referer: http://videom.hpdd.ru/noindex/css/open-sans.css
[Mon Mar 14 17:48:07.111322 2022] [core:info] [pid 4209] [client 192.168.121.84:49785] AH00128: File does not exist: /usr/share/videomost/noindex/css/fonts/Bold/OpenSans-Bold.ttf, referer: http://videom.hpdd.ru/noindex/css/open-sans.css
[Mon Mar 14 17:50:58.222888 2022] [authz_core:debug] [pid 4211] mod_authz_core.c(835): [client 192.168.121.84:49866] AH01628: authorization result: granted (no directives)
[Mon Mar 14 17:50:58.223030 2022] [authz_core:debug] [pid 4211] mod_authz_core.c(835): [client 192.168.121.84:49866] AH01628: authorization result: granted (no directives)
[Mon Mar 14 17:50:58.223085 2022] [authz_core:debug] [pid 4211] mod_authz_core.c(835): [client 192.168.121.84:49866] AH01628: authorization result: granted (no directives)
[Mon Mar 14 17:50:58.223124 2022] [autoindex:error] [pid 4211] [client 192.168.121.84:49866] AH01276: Cannot serve directory /usr/share/videomost/: No matching DirectoryIndex (index.html,index.php) found, and server-generated directory index forbidden by Options directive
[Mon Mar 14 17:50:58.223165 2022] [authz_core:debug] [pid 4211] mod_authz_core.c(809): [client 192.168.121.84:49866] AH01626: authorization result of Require all granted: granted
[Mon Mar 14 17:50:58.223171 2022] [authz_core:debug] [pid 4211] mod_authz_core.c(809): [client 192.168.121.84:49866] AH01626: authorization result of <RequireAny>: granted
[Mon Mar 14 17:50:58.246311 2022] [authz_core:debug] [pid 4211] mod_authz_core.c(835): [client 192.168.121.84:49866] AH01628: authorization result: granted (no directives), referer: http://videom.hpdd.ru/noindex/css/open-sans.css
[Mon Mar 14 17:50:58.246347 2022] [core:info] [pid 4211] [client 192.168.121.84:49866] AH00128: File does not exist: /usr/share/videomost/noindex/css/fonts/Bold/OpenSans-Bold.woff, referer: http://videom.hpdd.ru/noindex/css/open-sans.css
[Mon Mar 14 17:50:58.251154 2022] [authz_core:debug] [pid 4212] mod_authz_core.c(835): [client 192.168.121.84:49867] AH01628: authorization result: granted (no directives), referer: http://videom.hpdd.ru/noindex/css/open-sans.css
[Mon Mar 14 17:50:58.251350 2022] [core:info] [pid 4212] [client 192.168.121.84:49867] AH00128: File does not exist: /usr/share/videomost/noindex/css/fonts/Light/OpenSans-Light.woff, referer: http://videom.hpdd.ru/noindex/css/open-sans.css
[Mon Mar 14 17:50:58.258590 2022] [authz_core:debug] [pid 4212] mod_authz_core.c(835): [client 192.168.121.84:49867] AH01628: authorization result: granted (no directives), referer: http://videom.hpdd.ru/noindex/css/open-sans.css
[Mon Mar 14 17:50:58.258614 2022] [core:info] [pid 4212] [client 192.168.121.84:49867] AH00128: File does not exist: /usr/share/videomost/noindex/css/fonts/Bold/OpenSans-Bold.ttf, referer: http://videom.hpdd.ru/noindex/css/open-sans.css
[Mon Mar 14 17:50:58.259906 2022] [authz_core:debug] [pid 4211] mod_authz_core.c(835): [client 192.168.121.84:49866] AH01628: authorization result: granted (no directives), referer: http://videom.hpdd.ru/noindex/css/open-sans.css
[Mon Mar 14 17:50:58.259931 2022] [core:info] [pid 4211] [client 192.168.121.84:49866] AH00128: File does not exist: /usr/share/videomost/noindex/css/fonts/Light/OpenSans-Light.ttf, referer: http://videom.hpdd.ru/noindex/css/open-sans.css
[Mon Mar 14 17:50:59.088862 2022] [authz_core:debug] [pid 4211] mod_authz_core.c(835): [client 192.168.121.84:49866] AH01628: authorization result: granted (no directives)
[Mon Mar 14 17:50:59.088932 2022] [authz_core:debug] [pid 4211] mod_authz_core.c(835): [client 192.168.121.84:49866] AH01628: authorization result: granted (no directives)
[Mon Mar 14 17:50:59.088968 2022] [authz_core:debug] [pid 4211] mod_authz_core.c(835): [client 192.168.121.84:49866] AH01628: authorization result: granted (no directives)
[Mon Mar 14 17:50:59.088984 2022] [autoindex:error] [pid 4211] [client 192.168.121.84:49866] AH01276: Cannot serve directory /usr/share/videomost/: No matching DirectoryIndex (index.html,index.php) found, and server-generated directory index forbidden by Options directive
[Mon Mar 14 17:50:59.089027 2022] [authz_core:debug] [pid 4211] mod_authz_core.c(809): [client 192.168.121.84:49866] AH01626: authorization result of Require all granted: granted
[Mon Mar 14 17:50:59.089034 2022] [authz_core:debug] [pid 4211] mod_authz_core.c(809): [client 192.168.121.84:49866] AH01626: authorization result of <RequireAny>: granted
[Mon Mar 14 17:50:59.108748 2022] [authz_core:debug] [pid 4211] mod_authz_core.c(835): [client 192.168.121.84:49866] AH01628: authorization result: granted (no directives), referer: http://videom.hpdd.ru/noindex/css/open-sans.css
[Mon Mar 14 17:50:59.108785 2022] [authz_core:debug] [pid 4212] mod_authz_core.c(835): [client 192.168.121.84:49867] AH01628: authorization result: granted (no directives), referer: http://videom.hpdd.ru/noindex/css/open-sans.css
[Mon Mar 14 17:50:59.108809 2022] [core:info] [pid 4211] [client 192.168.121.84:49866] AH00128: File does not exist: /usr/share/videomost/noindex/css/fonts/Bold/OpenSans-Bold.woff, referer: http://videom.hpdd.ru/noindex/css/open-sans.css
[Mon Mar 14 17:50:59.108820 2022] [core:info] [pid 4212] [client 192.168.121.84:49867] AH00128: File does not exist: /usr/share/videomost/noindex/css/fonts/Light/OpenSans-Light.woff, referer: http://videom.hpdd.ru/noindex/css/open-sans.css
[Mon Mar 14 17:50:59.117819 2022] [authz_core:debug] [pid 4211] mod_authz_core.c(835): [client 192.168.121.84:49866] AH01628: authorization result: granted (no directives), referer: http://videom.hpdd.ru/noindex/css/open-sans.css
[Mon Mar 14 17:50:59.117820 2022] [authz_core:debug] [pid 4212] mod_authz_core.c(835): [client 192.168.121.84:49867] AH01628: authorization result: granted (no directives), referer: http://videom.hpdd.ru/noindex/css/open-sans.css
[Mon Mar 14 17:50:59.117867 2022] [core:info] [pid 4212] [client 192.168.121.84:49867] AH00128: File does not exist: /usr/share/videomost/noindex/css/fonts/Bold/OpenSans-Bold.ttf, referer: http://videom.hpdd.ru/noindex/css/open-sans.css
[Mon Mar 14 17:50:59.117867 2022] [core:info] [pid 4211] [client 192.168.121.84:49866] AH00128: File does not exist: /usr/share/videomost/noindex/css/fonts/Light/OpenSans-Light.ttf, referer: http://videom.hpdd.ru/noindex/css/open-sans.css
[Mon Mar 14 17:51:06.967196 2022] [authz_core:debug] [pid 4213] mod_authz_core.c(835): [client 192.168.121.84:49880] AH01628: authorization result: granted (no directives)
[Mon Mar 14 17:51:06.967390 2022] [:error] [pid 4213] [client 192.168.121.84:49880] script '/usr/share/videomost/index.php' not found or unable to stat
[Mon Mar 14 18:01:24.536070 2022] [ssl:debug] [pid 4680] ssl_engine_pphrase.c(181): AH02199: SSL not enabled on vhost videom.hpdd.ru:80, skipping SSL setup
[Mon Mar 14 18:01:24.569632 2022] [ssl:debug] [pid 4680] ssl_engine_pphrase.c(181): AH02199: SSL not enabled on vhost videom.hpdd.ru:80, skipping SSL setup
[Mon Mar 14 18:04:28.435513 2022] [ssl:info] [pid 4775] AH02200: Loading certificate & private key of SSL-aware server 'videom.hpdd.ru:443'
[Mon Mar 14 18:04:28.435523 2022] [ssl:emerg] [pid 4775] AH02240: Server should be SSL-aware but has no certificate configured [Hint: SSLCertificateFile] (/etc/httpd/conf.d/vm.conf:23)
[Mon Mar 14 18:04:44.000214 2022] [ssl:info] [pid 4786] AH02200: Loading certificate & private key of SSL-aware server 'videom.hpdd.ru:443'
[Mon Mar 14 18:04:44.000224 2022] [ssl:emerg] [pid 4786] AH02240: Server should be SSL-aware but has no certificate configured [Hint: SSLCertificateFile] (/etc/httpd/conf.d/vm.conf:23)
[Tue Mar 15 09:12:52.930768 2022] [ssl:info] [pid 12000] AH02200: Loading certificate & private key of SSL-aware server 'videom.hpdd.ru:443'
[Tue Mar 15 09:12:52.930949 2022] [ssl:debug] [pid 12000] ssl_engine_pphrase.c(506): AH02249: unencrypted RSA private key - pass phrase not required
[Tue Mar 15 09:12:52.930964 2022] [ssl:debug] [pid 12000] ssl_engine_pphrase.c(181): AH02199: SSL not enabled on vhost videom.hpdd.ru:80, skipping SSL setup
[Tue Mar 15 09:12:52.931359 2022] [ssl:info] [pid 12000] AH01914: Configuring server videom.hpdd.ru:443 for SSL protocol
[Tue Mar 15 09:12:52.931418 2022] [ssl:debug] [pid 12000] ssl_engine_init.c(406): AH01893: Configuring TLS extension handling
[Tue Mar 15 09:12:52.931426 2022] [ssl:debug] [pid 12000] ssl_engine_init.c(933): AH02232: Configuring RSA server certificate
[Tue Mar 15 09:12:52.931509 2022] [ssl:debug] [pid 12000] ssl_util_ssl.c(508): AH02412: [videom.hpdd.ru:443] Cert matches for name 'videom.hpdd.ru' [subject: CN=videom.hpdd.ru / issuer: CN=R3,O=Let's Encrypt,C=US / serial: 04B5E98E6C4FC73C5D17F25A77C62FF6E2B8 / notbefore: Mar 11 07:01:34 2022 GMT / notafter: Jun  9 07:01:33 2022 GMT]
[Tue Mar 15 09:12:52.931524 2022] [ssl:debug] [pid 12000] ssl_engine_init.c(988): AH02236: Configuring RSA server private key
[Tue Mar 15 09:12:52.964420 2022] [ssl:info] [pid 12000] AH02200: Loading certificate & private key of SSL-aware server 'videom.hpdd.ru:443'
[Tue Mar 15 09:12:52.964591 2022] [ssl:debug] [pid 12000] ssl_engine_pphrase.c(506): AH02249: unencrypted RSA private key - pass phrase not required
[Tue Mar 15 09:12:52.964606 2022] [ssl:debug] [pid 12000] ssl_engine_pphrase.c(181): AH02199: SSL not enabled on vhost videom.hpdd.ru:80, skipping SSL setup
[Tue Mar 15 09:12:52.965145 2022] [ssl:info] [pid 12000] AH01914: Configuring server videom.hpdd.ru:443 for SSL protocol
[Tue Mar 15 09:12:52.965204 2022] [ssl:debug] [pid 12000] ssl_engine_init.c(406): AH01893: Configuring TLS extension handling
[Tue Mar 15 09:12:52.965212 2022] [ssl:debug] [pid 12000] ssl_engine_init.c(933): AH02232: Configuring RSA server certificate
[Tue Mar 15 09:12:52.965288 2022] [ssl:debug] [pid 12000] ssl_util_ssl.c(508): AH02412: [videom.hpdd.ru:443] Cert matches for name 'videom.hpdd.ru' [subject: CN=videom.hpdd.ru / issuer: CN=R3,O=Let's Encrypt,C=US / serial: 04B5E98E6C4FC73C5D17F25A77C62FF6E2B8 / notbefore: Mar 11 07:01:34 2022 GMT / notafter: Jun  9 07:01:33 2022 GMT]
[Tue Mar 15 09:12:52.965295 2022] [ssl:debug] [pid 12000] ssl_engine_init.c(988): AH02236: Configuring RSA server private key
[Tue Mar 15 09:13:16.528762 2022] [ssl:info] [pid 12012] [client 192.168.121.84:64229] AH01964: Connection to child 10 established (server videom.hpdd.ru:443)
[Tue Mar 15 09:13:16.529176 2022] [socache_shmcb:debug] [pid 12012] mod_socache_shmcb.c(522): AH00835: socache_shmcb_retrieve (0xe0 -> subcache 0)
[Tue Mar 15 09:13:16.529185 2022] [socache_shmcb:debug] [pid 12012] mod_socache_shmcb.c(877): AH00851: shmcb_subcache_retrieve found no match
[Tue Mar 15 09:13:16.529189 2022] [socache_shmcb:debug] [pid 12012] mod_socache_shmcb.c(532): AH00836: leaving socache_shmcb_retrieve successfully
[Tue Mar 15 09:13:16.529231 2022] [ssl:debug] [pid 12012] ssl_engine_kernel.c(1891): [client 192.168.121.84:64229] AH02043: SSL virtual host for servername videom.hpdd.ru found
[Tue Mar 15 09:13:16.535904 2022] [ssl:info] [pid 12013] [client 192.168.121.84:64230] AH01964: Connection to child 11 established (server videom.hpdd.ru:443)
[Tue Mar 15 09:13:16.536239 2022] [socache_shmcb:debug] [pid 12013] mod_socache_shmcb.c(522): AH00835: socache_shmcb_retrieve (0x95 -> subcache 21)
[Tue Mar 15 09:13:16.536250 2022] [socache_shmcb:debug] [pid 12013] mod_socache_shmcb.c(877): AH00851: shmcb_subcache_retrieve found no match
[Tue Mar 15 09:13:16.536254 2022] [socache_shmcb:debug] [pid 12013] mod_socache_shmcb.c(532): AH00836: leaving socache_shmcb_retrieve successfully
[Tue Mar 15 09:13:16.536290 2022] [ssl:debug] [pid 12013] ssl_engine_kernel.c(1891): [client 192.168.121.84:64230] AH02043: SSL virtual host for servername videom.hpdd.ru found
[Tue Mar 15 09:13:16.539420 2022] [ssl:debug] [pid 12012] ssl_engine_kernel.c(1824): [client 192.168.121.84:64229] AH02041: Protocol: TLSv1.2, Cipher: ECDHE-RSA-AES128-GCM-SHA256 (128/128 bits)
[Tue Mar 15 09:13:16.544159 2022] [ssl:debug] [pid 12012] ssl_engine_kernel.c(225): [client 192.168.121.84:64229] AH02034: Initial (No.1) HTTPS request received for child 10 (server videom.hpdd.ru:443)
[Tue Mar 15 09:13:16.544407 2022] [authz_core:debug] [pid 12012] mod_authz_core.c(835): [client 192.168.121.84:64229] AH01628: authorization result: granted (no directives)
[Tue Mar 15 09:13:16.544478 2022] [authz_core:debug] [pid 12012] mod_authz_core.c(835): [client 192.168.121.84:64229] AH01628: authorization result: granted (no directives)
[Tue Mar 15 09:13:16.544524 2022] [authz_core:debug] [pid 12012] mod_authz_core.c(835): [client 192.168.121.84:64229] AH01628: authorization result: granted (no directives)
[Tue Mar 15 09:13:16.544574 2022] [autoindex:error] [pid 12012] [client 192.168.121.84:64229] AH01276: Cannot serve directory /usr/share/videomost/: No matching DirectoryIndex (index.html,index.php) found, and server-generated directory index forbidden by Options directive
[Tue Mar 15 09:13:16.544613 2022] [authz_core:debug] [pid 12012] mod_authz_core.c(809): [client 192.168.121.84:64229] AH01626: authorization result of Require all granted: granted
[Tue Mar 15 09:13:16.544619 2022] [authz_core:debug] [pid 12012] mod_authz_core.c(809): [client 192.168.121.84:64229] AH01626: authorization result of <RequireAny>: granted
[Tue Mar 15 09:13:16.546526 2022] [ssl:debug] [pid 12013] ssl_engine_kernel.c(1824): [client 192.168.121.84:64230] AH02041: Protocol: TLSv1.2, Cipher: ECDHE-RSA-AES128-GCM-SHA256 (128/128 bits)
[Tue Mar 15 09:13:16.565839 2022] [ssl:debug] [pid 12012] ssl_engine_kernel.c(225): [client 192.168.121.84:64229] AH02034: Subsequent (No.2) HTTPS request received for child 10 (server videom.hpdd.ru:443), referer: https://videom.hpdd.ru/
[Tue Mar 15 09:13:16.565922 2022] [authz_core:debug] [pid 12012] mod_authz_core.c(809): [client 192.168.121.84:64229] AH01626: authorization result of Require all granted: granted, referer: https://videom.hpdd.ru/
[Tue Mar 15 09:13:16.565929 2022] [authz_core:debug] [pid 12012] mod_authz_core.c(809): [client 192.168.121.84:64229] AH01626: authorization result of <RequireAny>: granted, referer: https://videom.hpdd.ru/
[Tue Mar 15 09:13:16.571337 2022] [ssl:debug] [pid 12013] ssl_engine_kernel.c(225): [client 192.168.121.84:64230] AH02034: Initial (No.1) HTTPS request received for child 11 (server videom.hpdd.ru:443), referer: https://videom.hpdd.ru/
[Tue Mar 15 09:13:16.571481 2022] [authz_core:debug] [pid 12013] mod_authz_core.c(809): [client 192.168.121.84:64230] AH01626: authorization result of Require all granted: granted, referer: https://videom.hpdd.ru/
[Tue Mar 15 09:13:16.571488 2022] [authz_core:debug] [pid 12013] mod_authz_core.c(809): [client 192.168.121.84:64230] AH01626: authorization result of <RequireAny>: granted, referer: https://videom.hpdd.ru/
[Tue Mar 15 09:13:16.572742 2022] [ssl:debug] [pid 12012] ssl_engine_kernel.c(225): [client 192.168.121.84:64229] AH02034: Subsequent (No.3) HTTPS request received for child 10 (server videom.hpdd.ru:443), referer: https://videom.hpdd.ru/
[Tue Mar 15 09:13:16.572788 2022] [authz_core:debug] [pid 12012] mod_authz_core.c(809): [client 192.168.121.84:64229] AH01626: authorization result of Require all granted: granted, referer: https://videom.hpdd.ru/
[Tue Mar 15 09:13:16.572794 2022] [authz_core:debug] [pid 12012] mod_authz_core.c(809): [client 192.168.121.84:64229] AH01626: authorization result of <RequireAny>: granted, referer: https://videom.hpdd.ru/
[Tue Mar 15 09:13:16.582430 2022] [ssl:info] [pid 12014] [client 192.168.121.84:64232] AH01964: Connection to child 12 established (server videom.hpdd.ru:443)
[Tue Mar 15 09:13:16.582539 2022] [ssl:info] [pid 12015] [client 192.168.121.84:64231] AH01964: Connection to child 13 established (server videom.hpdd.ru:443)
[Tue Mar 15 09:13:16.582956 2022] [ssl:debug] [pid 12015] ssl_engine_kernel.c(1891): [client 192.168.121.84:64231] AH02043: SSL virtual host for servername videom.hpdd.ru found
[Tue Mar 15 09:13:16.583004 2022] [ssl:debug] [pid 12014] ssl_engine_kernel.c(1891): [client 192.168.121.84:64232] AH02043: SSL virtual host for servername videom.hpdd.ru found
[Tue Mar 15 09:13:16.583217 2022] [ssl:debug] [pid 12013] ssl_engine_kernel.c(225): [client 192.168.121.84:64230] AH02034: Subsequent (No.2) HTTPS request received for child 11 (server videom.hpdd.ru:443), referer: https://videom.hpdd.ru/
[Tue Mar 15 09:13:16.583274 2022] [authz_core:debug] [pid 12013] mod_authz_core.c(809): [client 192.168.121.84:64230] AH01626: authorization result of Require all granted: granted, referer: https://videom.hpdd.ru/
[Tue Mar 15 09:13:16.583280 2022] [authz_core:debug] [pid 12013] mod_authz_core.c(809): [client 192.168.121.84:64230] AH01626: authorization result of <RequireAny>: granted, referer: https://videom.hpdd.ru/
[Tue Mar 15 09:13:16.586291 2022] [ssl:debug] [pid 12015] ssl_engine_kernel.c(1824): [client 192.168.121.84:64231] AH02041: Protocol: TLSv1.2, Cipher: ECDHE-RSA-AES128-GCM-SHA256 (128/128 bits)
[Tue Mar 15 09:13:16.586293 2022] [ssl:debug] [pid 12014] ssl_engine_kernel.c(1824): [client 192.168.121.84:64232] AH02041: Protocol: TLSv1.2, Cipher: ECDHE-RSA-AES128-GCM-SHA256 (128/128 bits)
[Tue Mar 15 09:13:16.657042 2022] [ssl:debug] [pid 12012] ssl_engine_kernel.c(225): [client 192.168.121.84:64229] AH02034: Subsequent (No.4) HTTPS request received for child 10 (server videom.hpdd.ru:443), referer: https://videom.hpdd.ru/noindex/css/open-sans.css
[Tue Mar 15 09:13:16.657194 2022] [authz_core:debug] [pid 12012] mod_authz_core.c(835): [client 192.168.121.84:64229] AH01628: authorization result: granted (no directives), referer: https://videom.hpdd.ru/noindex/css/open-sans.css
[Tue Mar 15 09:13:16.657248 2022] [core:info] [pid 12012] [client 192.168.121.84:64229] AH00128: File does not exist: /usr/share/videomost/noindex/css/fonts/Light/OpenSans-Light.woff, referer: https://videom.hpdd.ru/noindex/css/open-sans.css
[Tue Mar 15 09:13:16.657460 2022] [ssl:debug] [pid 12015] ssl_engine_kernel.c(225): [client 192.168.121.84:64231] AH02034: Initial (No.1) HTTPS request received for child 13 (server videom.hpdd.ru:443), referer: https://videom.hpdd.ru/
[Tue Mar 15 09:13:16.657734 2022] [authz_core:debug] [pid 12015] mod_authz_core.c(835): [client 192.168.121.84:64231] AH01628: authorization result: granted (no directives), referer: https://videom.hpdd.ru/
[Tue Mar 15 09:13:16.657920 2022] [core:info] [pid 12015] [client 192.168.121.84:64231] AH00128: File does not exist: /usr/share/videomost/favicon.ico, referer: https://videom.hpdd.ru/
[Tue Mar 15 09:13:16.658562 2022] [ssl:debug] [pid 12013] ssl_engine_kernel.c(225): [client 192.168.121.84:64230] AH02034: Subsequent (No.3) HTTPS request received for child 11 (server videom.hpdd.ru:443), referer: https://videom.hpdd.ru/noindex/css/open-sans.css
[Tue Mar 15 09:13:16.658706 2022] [authz_core:debug] [pid 12013] mod_authz_core.c(835): [client 192.168.121.84:64230] AH01628: authorization result: granted (no directives), referer: https://videom.hpdd.ru/noindex/css/open-sans.css
[Tue Mar 15 09:13:16.658746 2022] [core:info] [pid 12013] [client 192.168.121.84:64230] AH00128: File does not exist: /usr/share/videomost/noindex/css/fonts/Bold/OpenSans-Bold.woff, referer: https://videom.hpdd.ru/noindex/css/open-sans.css
[Tue Mar 15 09:13:16.668529 2022] [ssl:debug] [pid 12012] ssl_engine_kernel.c(225): [client 192.168.121.84:64229] AH02034: Subsequent (No.5) HTTPS request received for child 10 (server videom.hpdd.ru:443), referer: https://videom.hpdd.ru/noindex/css/open-sans.css
[Tue Mar 15 09:13:16.668610 2022] [authz_core:debug] [pid 12012] mod_authz_core.c(835): [client 192.168.121.84:64229] AH01628: authorization result: granted (no directives), referer: https://videom.hpdd.ru/noindex/css/open-sans.css
[Tue Mar 15 09:13:16.668634 2022] [core:info] [pid 12012] [client 192.168.121.84:64229] AH00128: File does not exist: /usr/share/videomost/noindex/css/fonts/Bold/OpenSans-Bold.ttf, referer: https://videom.hpdd.ru/noindex/css/open-sans.css
[Tue Mar 15 09:13:16.671569 2022] [ssl:debug] [pid 12013] ssl_engine_kernel.c(225): [client 192.168.121.84:64230] AH02034: Subsequent (No.4) HTTPS request received for child 11 (server videom.hpdd.ru:443), referer: https://videom.hpdd.ru/noindex/css/open-sans.css
[Tue Mar 15 09:13:16.671643 2022] [authz_core:debug] [pid 12013] mod_authz_core.c(835): [client 192.168.121.84:64230] AH01628: authorization result: granted (no directives), referer: https://videom.hpdd.ru/noindex/css/open-sans.css
[Tue Mar 15 09:13:16.671681 2022] [core:info] [pid 12013] [client 192.168.121.84:64230] AH00128: File does not exist: /usr/share/videomost/noindex/css/fonts/Light/OpenSans-Light.ttf, referer: https://videom.hpdd.ru/noindex/css/open-sans.css
[Tue Mar 15 09:13:21.662619 2022] [ssl:info] [pid 12015] (70007)The timeout specified has expired: [client 192.168.121.84:64231] AH01991: SSL input filter read failed.
[Tue Mar 15 09:13:21.662750 2022] [ssl:debug] [pid 12015] ssl_engine_io.c(993): [client 192.168.121.84:64231] AH02001: Connection closed to child 13 with standard shutdown (server videom.hpdd.ru:443)
[Tue Mar 15 09:13:21.672687 2022] [ssl:info] [pid 12013] (70007)The timeout specified has expired: [client 192.168.121.84:64230] AH01991: SSL input filter read failed.
[Tue Mar 15 09:13:21.672740 2022] [ssl:debug] [pid 12013] ssl_engine_io.c(993): [client 192.168.121.84:64230] AH02001: Connection closed to child 11 with standard shutdown (server videom.hpdd.ru:443)
[Tue Mar 15 09:13:21.673788 2022] [ssl:info] [pid 12012] (70007)The timeout specified has expired: [client 192.168.121.84:64229] AH01991: SSL input filter read failed.
[Tue Mar 15 09:13:21.673839 2022] [ssl:debug] [pid 12012] ssl_engine_io.c(993): [client 192.168.121.84:64229] AH02001: Connection closed to child 10 with standard shutdown (server videom.hpdd.ru:443)
[Tue Mar 15 09:13:23.435135 2022] [ssl:debug] [pid 12014] ssl_engine_kernel.c(225): [client 192.168.121.84:64232] AH02034: Initial (No.1) HTTPS request received for child 12 (server videom.hpdd.ru:443)
[Tue Mar 15 09:13:23.435809 2022] [authz_core:debug] [pid 12014] mod_authz_core.c(835): [client 192.168.121.84:64232] AH01628: authorization result: granted (no directives)
[Tue Mar 15 09:13:23.441147 2022] [ssl:debug] [pid 12014] ssl_engine_kernel.c(225): [client 192.168.121.84:64232] AH02034: Subsequent (No.2) HTTPS request received for child 12 (server videom.hpdd.ru:443)
[Tue Mar 15 09:13:23.441370 2022] [authz_core:debug] [pid 12014] mod_authz_core.c(835): [client 192.168.121.84:64232] AH01628: authorization result: granted (no directives)
[Tue Mar 15 09:13:23.441460 2022] [authz_core:debug] [pid 12014] mod_authz_core.c(835): [client 192.168.121.84:64232] AH01628: authorization result: granted (no directives)
[Tue Mar 15 09:13:23.445945 2022] [ssl:info] [pid 12016] [client 192.168.121.84:64234] AH01964: Connection to child 14 established (server videom.hpdd.ru:443)
[Tue Mar 15 09:13:23.446357 2022] [ssl:debug] [pid 12016] ssl_engine_kernel.c(1891): [client 192.168.121.84:64234] AH02043: SSL virtual host for servername videom.hpdd.ru found
[Tue Mar 15 09:13:23.449960 2022] [ssl:debug] [pid 12016] ssl_engine_kernel.c(1824): [client 192.168.121.84:64234] AH02041: Protocol: TLSv1.2, Cipher: ECDHE-RSA-AES128-GCM-SHA256 (128/128 bits)
[Tue Mar 15 09:13:23.507418 2022] [ssl:debug] [pid 12014] ssl_engine_kernel.c(225): [client 192.168.121.84:64232] AH02034: Subsequent (No.3) HTTPS request received for child 12 (server videom.hpdd.ru:443)
[Tue Mar 15 09:13:23.507724 2022] [authz_core:debug] [pid 12014] mod_authz_core.c(835): [client 192.168.121.84:64232] AH01628: authorization result: granted (no directives)
[Tue Mar 15 09:13:23.507786 2022] [authz_core:debug] [pid 12014] mod_authz_core.c(835): [client 192.168.121.84:64232] AH01628: authorization result: granted (no directives)
[Tue Mar 15 09:13:24.050447 2022] [ssl:info] [pid 12017] [client 10.0.19.229:40914] AH01964: Connection to child 15 established (server videom.hpdd.ru:443)
[Tue Mar 15 09:13:24.050876 2022] [ssl:debug] [pid 12017] ssl_engine_kernel.c(1891): [client 10.0.19.229:40914] AH02043: SSL virtual host for servername videom.hpdd.ru found
[Tue Mar 15 09:13:24.058069 2022] [socache_shmcb:debug] [pid 12017] mod_socache_shmcb.c(485): AH00831: socache_shmcb_store (0xff -> subcache 31)
[Tue Mar 15 09:13:24.058088 2022] [socache_shmcb:debug] [pid 12017] mod_socache_shmcb.c(810): AH00847: insert happened at idx=0, data=(0:32)
[Tue Mar 15 09:13:24.058092 2022] [socache_shmcb:debug] [pid 12017] mod_socache_shmcb.c(815): AH00848: finished insert, subcache: idx_pos/idx_used=0/1, data_pos/data_used=0/198
[Tue Mar 15 09:13:24.058096 2022] [socache_shmcb:debug] [pid 12017] mod_socache_shmcb.c(506): AH00834: leaving socache_shmcb_store successfully
[Tue Mar 15 09:13:24.058115 2022] [ssl:debug] [pid 12017] ssl_engine_kernel.c(1824): [client 10.0.19.229:40914] AH02041: Protocol: TLSv1.2, Cipher: ECDHE-RSA-AES256-GCM-SHA384 (256/256 bits)
[Tue Mar 15 09:13:24.058286 2022] [ssl:debug] [pid 12017] ssl_engine_kernel.c(225): [client 10.0.19.229:40914] AH02034: Initial (No.1) HTTPS request received for child 15 (server videom.hpdd.ru:443)
[Tue Mar 15 09:13:24.058921 2022] [authz_core:debug] [pid 12017] mod_authz_core.c(835): [client 10.0.19.229:40914] AH01628: authorization result: granted (no directives)
[Tue Mar 15 09:13:24.059034 2022] [authz_core:debug] [pid 12017] mod_authz_core.c(835): [client 10.0.19.229:40914] AH01628: authorization result: granted (no directives)
[Tue Mar 15 09:13:25.110407 2022] [ssl:debug] [pid 12014] ssl_engine_kernel.c(225): [client 192.168.121.84:64232] AH02034: Subsequent (No.4) HTTPS request received for child 12 (server videom.hpdd.ru:443), referer: https://videom.hpdd.ru/service/welcome
[Tue Mar 15 09:13:25.110738 2022] [authz_core:debug] [pid 12014] mod_authz_core.c(835): [client 192.168.121.84:64232] AH01628: authorization result: granted (no directives), referer: https://videom.hpdd.ru/service/welcome
[Tue Mar 15 09:13:25.111354 2022] [ssl:debug] [pid 12016] ssl_engine_kernel.c(225): [client 192.168.121.84:64234] AH02034: Initial (No.1) HTTPS request received for child 14 (server videom.hpdd.ru:443), referer: https://videom.hpdd.ru/service/welcome
[Tue Mar 15 09:13:25.111910 2022] [authz_core:debug] [pid 12016] mod_authz_core.c(835): [client 192.168.121.84:64234] AH01628: authorization result: granted (no directives), referer: https://videom.hpdd.ru/service/welcome
[Tue Mar 15 09:13:25.116418 2022] [ssl:debug] [pid 12014] ssl_engine_kernel.c(225): [client 192.168.121.84:64232] AH02034: Subsequent (No.5) HTTPS request received for child 12 (server videom.hpdd.ru:443), referer: https://videom.hpdd.ru/service/welcome
[Tue Mar 15 09:13:25.116665 2022] [authz_core:debug] [pid 12014] mod_authz_core.c(835): [client 192.168.121.84:64232] AH01628: authorization result: granted (no directives), referer: https://videom.hpdd.ru/service/welcome
[Tue Mar 15 09:13:25.126189 2022] [ssl:info] [pid 12018] [client 192.168.121.84:64235] AH01964: Connection to child 16 established (server videom.hpdd.ru:443)
[Tue Mar 15 09:13:25.126606 2022] [ssl:debug] [pid 12018] ssl_engine_kernel.c(1891): [client 192.168.121.84:64235] AH02043: SSL virtual host for servername videom.hpdd.ru found
[Tue Mar 15 09:13:25.131855 2022] [ssl:debug] [pid 12018] ssl_engine_kernel.c(1824): [client 192.168.121.84:64235] AH02041: Protocol: TLSv1.2, Cipher: ECDHE-RSA-AES128-GCM-SHA256 (128/128 bits)
[Tue Mar 15 09:13:25.458078 2022] [ssl:debug] [pid 12016] ssl_engine_kernel.c(225): [client 192.168.121.84:64234] AH02034: Subsequent (No.2) HTTPS request received for child 14 (server videom.hpdd.ru:443), referer: https://videom.hpdd.ru/service/welcome
[Tue Mar 15 09:13:25.458445 2022] [authz_core:debug] [pid 12016] mod_authz_core.c(835): [client 192.168.121.84:64234] AH01628: authorization result: granted (no directives), referer: https://videom.hpdd.ru/service/welcome
[Tue Mar 15 09:13:25.460742 2022] [ssl:debug] [pid 12014] ssl_engine_kernel.c(225): [client 192.168.121.84:64232] AH02034: Subsequent (No.6) HTTPS request received for child 12 (server videom.hpdd.ru:443), referer: https://videom.hpdd.ru/service/css/cache/08cf19d570751e099d007c67b058b844.css
[Tue Mar 15 09:13:25.461003 2022] [authz_core:debug] [pid 12014] mod_authz_core.c(835): [client 192.168.121.84:64232] AH01628: authorization result: granted (no directives), referer: https://videom.hpdd.ru/service/css/cache/08cf19d570751e099d007c67b058b844.css
[Tue Mar 15 09:13:25.461031 2022] [ssl:debug] [pid 12018] ssl_engine_kernel.c(225): [client 192.168.121.84:64235] AH02034: Initial (No.1) HTTPS request received for child 16 (server videom.hpdd.ru:443), referer: https://videom.hpdd.ru/service/css/cache/08cf19d570751e099d007c67b058b844.css
[Tue Mar 15 09:13:25.462619 2022] [authz_core:debug] [pid 12018] mod_authz_core.c(835): [client 192.168.121.84:64235] AH01628: authorization result: granted (no directives), referer: https://videom.hpdd.ru/service/css/cache/08cf19d570751e099d007c67b058b844.css
[Tue Mar 15 09:13:25.464280 2022] [ssl:debug] [pid 12016] ssl_engine_kernel.c(225): [client 192.168.121.84:64234] AH02034: Subsequent (No.3) HTTPS request received for child 14 (server videom.hpdd.ru:443), referer: https://videom.hpdd.ru/service/css/cache/08cf19d570751e099d007c67b058b844.css
[Tue Mar 15 09:13:25.464554 2022] [authz_core:debug] [pid 12016] mod_authz_core.c(835): [client 192.168.121.84:64234] AH01628: authorization result: granted (no directives), referer: https://videom.hpdd.ru/service/css/cache/08cf19d570751e099d007c67b058b844.css
[Tue Mar 15 09:13:25.472759 2022] [ssl:info] [pid 12019] [client 192.168.121.84:64236] AH01964: Connection to child 17 established (server videom.hpdd.ru:443)
[Tue Mar 15 09:13:25.473175 2022] [ssl:debug] [pid 12019] ssl_engine_kernel.c(1891): [client 192.168.121.84:64236] AH02043: SSL virtual host for servername videom.hpdd.ru found
[Tue Mar 15 09:13:25.476721 2022] [ssl:debug] [pid 12016] ssl_engine_kernel.c(225): [client 192.168.121.84:64234] AH02034: Subsequent (No.4) HTTPS request received for child 14 (server videom.hpdd.ru:443), referer: https://videom.hpdd.ru/service/welcome
[Tue Mar 15 09:13:25.476991 2022] [authz_core:debug] [pid 12016] mod_authz_core.c(835): [client 192.168.121.84:64234] AH01628: authorization result: granted (no directives), referer: https://videom.hpdd.ru/service/welcome
[Tue Mar 15 09:13:25.477231 2022] [ssl:debug] [pid 12019] ssl_engine_kernel.c(1824): [client 192.168.121.84:64236] AH02041: Protocol: TLSv1.2, Cipher: ECDHE-RSA-AES128-GCM-SHA256 (128/128 bits)
[Tue Mar 15 09:13:25.516934 2022] [ssl:debug] [pid 12016] ssl_engine_kernel.c(225): [client 192.168.121.84:64234] AH02034: Subsequent (No.5) HTTPS request received for child 14 (server videom.hpdd.ru:443), referer: https://videom.hpdd.ru/service/welcome
[Tue Mar 15 09:13:25.517244 2022] [authz_core:debug] [pid 12016] mod_authz_core.c(835): [client 192.168.121.84:64234] AH01628: authorization result: granted (no directives), referer: https://videom.hpdd.ru/service/welcome
[Tue Mar 15 09:13:25.517316 2022] [authz_core:debug] [pid 12016] mod_authz_core.c(835): [client 192.168.121.84:64234] AH01628: authorization result: granted (no directives), referer: https://videom.hpdd.ru/service/welcome
[Tue Mar 15 09:13:25.596286 2022] [ssl:debug] [pid 12016] ssl_engine_kernel.c(225): [client 192.168.121.84:64234] AH02034: Subsequent (No.6) HTTPS request received for child 14 (server videom.hpdd.ru:443), referer: https://videom.hpdd.ru/service/welcome
[Tue Mar 15 09:13:25.596620 2022] [authz_core:debug] [pid 12016] mod_authz_core.c(835): [client 192.168.121.84:64234] AH01628: authorization result: granted (no directives), referer: https://videom.hpdd.ru/service/welcome
[Tue Mar 15 09:13:29.613190 2022] [ssl:debug] [pid 12017] ssl_engine_io.c(993): [client 10.0.19.229:40914] AH02001: Connection closed to child 15 with standard shutdown (server videom.hpdd.ru:443)
[Tue Mar 15 09:13:30.464005 2022] [ssl:info] [pid 12018] (70007)The timeout specified has expired: [client 192.168.121.84:64235] AH01991: SSL input filter read failed.
[Tue Mar 15 09:13:30.464116 2022] [ssl:debug] [pid 12018] ssl_engine_io.c(993): [client 192.168.121.84:64235] AH02001: Connection closed to child 16 with standard shutdown (server videom.hpdd.ru:443)
[Tue Mar 15 09:13:30.470031 2022] [ssl:info] [pid 12014] (70007)The timeout specified has expired: [client 192.168.121.84:64232] AH01991: SSL input filter read failed.
[Tue Mar 15 09:13:30.470087 2022] [ssl:debug] [pid 12014] ssl_engine_io.c(993): [client 192.168.121.84:64232] AH02001: Connection closed to child 12 with standard shutdown (server videom.hpdd.ru:443)
[Tue Mar 15 09:13:30.597688 2022] [ssl:info] [pid 12016] (70007)The timeout specified has expired: [client 192.168.121.84:64234] AH01991: SSL input filter read failed.
[Tue Mar 15 09:13:30.597793 2022] [ssl:debug] [pid 12016] ssl_engine_io.c(993): [client 192.168.121.84:64234] AH02001: Connection closed to child 14 with standard shutdown (server videom.hpdd.ru:443)
[Tue Mar 15 09:13:39.020594 2022] [ssl:debug] [pid 12019] ssl_engine_kernel.c(225): [client 192.168.121.84:64236] AH02034: Initial (No.1) HTTPS request received for child 17 (server videom.hpdd.ru:443), referer: https://videom.hpdd.ru/service/css/cache/08cf19d570751e099d007c67b058b844.css
[Tue Mar 15 09:13:39.021281 2022] [authz_core:debug] [pid 12019] mod_authz_core.c(835): [client 192.168.121.84:64236] AH01628: authorization result: granted (no directives), referer: https://videom.hpdd.ru/service/css/cache/08cf19d570751e099d007c67b058b844.css
[Tue Mar 15 09:13:44.022331 2022] [ssl:info] [pid 12019] (70007)The timeout specified has expired: [client 192.168.121.84:64236] AH01991: SSL input filter read failed.
[Tue Mar 15 09:13:44.022432 2022] [ssl:debug] [pid 12019] ssl_engine_io.c(993): [client 192.168.121.84:64236] AH02001: Connection closed to child 17 with standard shutdown (server videom.hpdd.ru:443)
[Tue Mar 15 09:13:46.014580 2022] [ssl:info] [pid 12020] [client 192.168.121.84:64240] AH01964: Connection to child 18 established (server videom.hpdd.ru:443)
[Tue Mar 15 09:13:46.015067 2022] [ssl:debug] [pid 12020] ssl_engine_kernel.c(1891): [client 192.168.121.84:64240] AH02043: SSL virtual host for servername videom.hpdd.ru found
[Tue Mar 15 09:13:46.019831 2022] [ssl:debug] [pid 12020] ssl_engine_kernel.c(1824): [client 192.168.121.84:64240] AH02041: Protocol: TLSv1.2, Cipher: ECDHE-RSA-AES128-GCM-SHA256 (128/128 bits)
[Tue Mar 15 09:13:46.020308 2022] [ssl:debug] [pid 12020] ssl_engine_kernel.c(225): [client 192.168.121.84:64240] AH02034: Initial (No.1) HTTPS request received for child 18 (server videom.hpdd.ru:443), referer: https://videom.hpdd.ru/service/welcome
[Tue Mar 15 09:13:46.020904 2022] [authz_core:debug] [pid 12020] mod_authz_core.c(835): [client 192.168.121.84:64240] AH01628: authorization result: granted (no directives), referer: https://videom.hpdd.ru/service/welcome
[Tue Mar 15 09:13:46.021012 2022] [authz_core:debug] [pid 12020] mod_authz_core.c(835): [client 192.168.121.84:64240] AH01628: authorization result: granted (no directives), referer: https://videom.hpdd.ru/service/welcome
[Tue Mar 15 09:13:46.159793 2022] [ssl:debug] [pid 12020] ssl_engine_kernel.c(225): [client 192.168.121.84:64240] AH02034: Subsequent (No.2) HTTPS request received for child 18 (server videom.hpdd.ru:443), referer: https://videom.hpdd.ru/service/welcome
[Tue Mar 15 09:13:46.160119 2022] [authz_core:debug] [pid 12020] mod_authz_core.c(835): [client 192.168.121.84:64240] AH01628: authorization result: granted (no directives), referer: https://videom.hpdd.ru/service/welcome
[Tue Mar 15 09:13:46.160173 2022] [authz_core:debug] [pid 12020] mod_authz_core.c(835): [client 192.168.121.84:64240] AH01628: authorization result: granted (no directives), referer: https://videom.hpdd.ru/service/welcome
[Tue Mar 15 09:13:46.171440 2022] [ssl:info] [pid 12021] [client 192.168.121.84:64241] AH01964: Connection to child 19 established (server videom.hpdd.ru:443)
[Tue Mar 15 09:13:46.171947 2022] [ssl:debug] [pid 12021] ssl_engine_kernel.c(1891): [client 192.168.121.84:64241] AH02043: SSL virtual host for servername videom.hpdd.ru found
[Tue Mar 15 09:13:46.174866 2022] [ssl:debug] [pid 12021] ssl_engine_kernel.c(1824): [client 192.168.121.84:64241] AH02041: Protocol: TLSv1.2, Cipher: ECDHE-RSA-AES128-GCM-SHA256 (128/128 bits)
[Tue Mar 15 09:13:46.249496 2022] [ssl:debug] [pid 12020] ssl_engine_kernel.c(225): [client 192.168.121.84:64240] AH02034: Subsequent (No.3) HTTPS request received for child 18 (server videom.hpdd.ru:443), referer: https://videom.hpdd.ru/service/welcome
[Tue Mar 15 09:13:46.249905 2022] [authz_core:debug] [pid 12020] mod_authz_core.c(835): [client 192.168.121.84:64240] AH01628: authorization result: granted (no directives), referer: https://videom.hpdd.ru/service/welcome
[Tue Mar 15 09:13:46.251076 2022] [ssl:debug] [pid 12021] ssl_engine_kernel.c(225): [client 192.168.121.84:64241] AH02034: Initial (No.1) HTTPS request received for child 19 (server videom.hpdd.ru:443), referer: https://videom.hpdd.ru/service/welcome
[Tue Mar 15 09:13:46.251610 2022] [authz_core:debug] [pid 12021] mod_authz_core.c(835): [client 192.168.121.84:64241] AH01628: authorization result: granted (no directives), referer: https://videom.hpdd.ru/service/welcome
[Tue Mar 15 09:13:46.254677 2022] [ssl:debug] [pid 12020] ssl_engine_kernel.c(225): [client 192.168.121.84:64240] AH02034: Subsequent (No.4) HTTPS request received for child 18 (server videom.hpdd.ru:443), referer: https://videom.hpdd.ru/service/welcome
[Tue Mar 15 09:13:46.254917 2022] [authz_core:debug] [pid 12020] mod_authz_core.c(835): [client 192.168.121.84:64240] AH01628: authorization result: granted (no directives), referer: https://videom.hpdd.ru/service/welcome
[Tue Mar 15 09:13:46.266011 2022] [ssl:info] [pid 12022] [client 192.168.121.84:64242] AH01964: Connection to child 20 established (server videom.hpdd.ru:443)
